2026-07-20 09:58:38.751 +01:00 [INF] Starting PharMarket application
2026-07-20 09:59:11.802 +01:00 [WRN] Entity 'Supplier' has a global query filter defined and is the required end of a relationship with the entity 'Purchase'. This may lead to unexpected results when the required entity is filtered out. Either configure the navigation as optional, or define matching query filters for both entities in the navigation. See https://go.microsoft.com/fwlink/?linkid=2131316 for more information.
2026-07-20 09:59:11.852 +01:00 [WRN] Entity 'Product' has a global query filter defined and is the required end of a relationship with the entity 'PurchaseItem'. This may lead to unexpected results when the required entity is filtered out. Either configure the navigation as optional, or define matching query filters for both entities in the navigation. See https://go.microsoft.com/fwlink/?linkid=2131316 for more information.
2026-07-20 09:59:11.853 +01:00 [WRN] Entity 'Product' has a global query filter defined and is the required end of a relationship with the entity 'SaleItem'. This may lead to unexpected results when the required entity is filtered out. Either configure the navigation as optional, or define matching query filters for both entities in the navigation. See https://go.microsoft.com/fwlink/?linkid=2131316 for more information.
2026-07-20 09:59:11.853 +01:00 [WRN] Entity 'Product' has a global query filter defined and is the required end of a relationship with the entity 'Stock'. This may lead to unexpected results when the required entity is filtered out. Either configure the navigation as optional, or define matching query filters for both entities in the navigation. See https://go.microsoft.com/fwlink/?linkid=2131316 for more information.
2026-07-20 09:59:34.916 +01:00 [INF] PharMarket is ready on 
2026-07-20 10:04:49.757 +01:00 [INF] HTTP GET / started. RequestId: 7f383dd4-b34c-4fe3-9c2b-3f4d100b6c1b
2026-07-20 10:04:49.793 +01:00 [WRN] Failed to determine the https port for redirect.
2026-07-20 10:04:53.859 +01:00 [INF] HTTP GET /Home started. RequestId: 5a2cbb0a-f299-410d-839b-3e7539a382a8
2026-07-20 10:04:55.137 +01:00 [INF] HTTP GET /Home completed 302 in 1277ms. RequestId: 5a2cbb0a-f299-410d-839b-3e7539a382a8
2026-07-20 10:04:55.885 +01:00 [INF] HTTP GET /Account/Login started. RequestId: dd1e0dcb-5aba-4972-8c41-3d79e844c598
2026-07-20 10:04:58.062 +01:00 [INF] HTTP GET /Account/Login completed 200 in 2177ms. RequestId: dd1e0dcb-5aba-4972-8c41-3d79e844c598
2026-07-20 10:04:59.407 +01:00 [INF] HTTP GET / started. RequestId: 04a7fc92-fe38-49c6-96af-c6e670cf4938
2026-07-20 10:05:05.894 +01:00 [INF] HTTP GET / completed 200 in 6487ms. RequestId: 04a7fc92-fe38-49c6-96af-c6e670cf4938
2026-07-20 10:05:05.894 +01:00 [INF] HTTP GET / completed 200 in 16142ms. RequestId: 7f383dd4-b34c-4fe3-9c2b-3f4d100b6c1b
2026-07-20 10:05:06.123 +01:00 [INF] HTTP GET /favicon.ico started. RequestId: f69b9836-2bf0-4141-9a14-432e3d33d202
2026-07-20 10:05:06.162 +01:00 [INF] HTTP GET /css/templatemo-catalyst-style.css started. RequestId: f13714f6-7107-473a-a73b-04fd76aeae76
2026-07-20 10:05:06.165 +01:00 [INF] HTTP GET /js/templatemo-catalyst-script.js started. RequestId: 6d3c3020-7c7a-416a-b87e-cf659fb44afe
2026-07-20 10:05:06.235 +01:00 [INF] HTTP GET /favicon.ico completed 200 in 111ms. RequestId: f69b9836-2bf0-4141-9a14-432e3d33d202
2026-07-20 10:05:06.268 +01:00 [INF] HTTP GET /css/templatemo-catalyst-style.css completed 200 in 106ms. RequestId: f13714f6-7107-473a-a73b-04fd76aeae76
2026-07-20 10:05:06.268 +01:00 [INF] HTTP GET /js/templatemo-catalyst-script.js completed 200 in 103ms. RequestId: 6d3c3020-7c7a-416a-b87e-cf659fb44afe
2026-07-20 10:05:07.627 +01:00 [INF] HTTP GET /favicon.ico started. RequestId: da5eb755-fa83-4620-ad0d-69c642e162ba
2026-07-20 10:05:07.922 +01:00 [INF] HTTP GET /favicon.ico completed 200 in 295ms. RequestId: da5eb755-fa83-4620-ad0d-69c642e162ba
2026-07-20 10:05:26.110 +01:00 [INF] HTTP GET /Account/Login started. RequestId: fb0569a9-2ecf-47c6-806a-231664f94618
2026-07-20 10:05:26.544 +01:00 [INF] HTTP GET /Account/Login completed 200 in 434ms. RequestId: fb0569a9-2ecf-47c6-806a-231664f94618
2026-07-20 10:05:28.563 +01:00 [INF] HTTP POST /Account/Login started. RequestId: f6ec7ccf-afa1-4026-8255-13ad85578bf1
2026-07-20 10:05:33.198 +01:00 [INF] HTTP POST /Account/Login completed 302 in 4634ms. RequestId: f6ec7ccf-afa1-4026-8255-13ad85578bf1
2026-07-20 10:05:33.206 +01:00 [INF] HTTP GET /Home started. RequestId: 387059d5-5872-4075-85ed-9c59340e79cc
2026-07-20 10:05:49.235 +01:00 [INF] HTTP POST /Account/Login started. RequestId: 47268c32-928d-4eb0-a5c4-408a44847610
2026-07-20 10:05:49.273 +01:00 [INF] HTTP POST /Account/Login completed 400 in 37ms. RequestId: 47268c32-928d-4eb0-a5c4-408a44847610
2026-07-20 10:06:04.509 +01:00 [INF] HTTP GET /Home completed 200 in 31302ms. RequestId: 387059d5-5872-4075-85ed-9c59340e79cc
2026-07-20 10:06:11.557 +01:00 [INF] HTTP POST /Account/Login started. RequestId: 23a2ecf7-7b3a-4bfc-8412-71011eb9907e
2026-07-20 10:06:11.559 +01:00 [INF] HTTP POST /Account/Login completed 400 in 2ms. RequestId: 23a2ecf7-7b3a-4bfc-8412-71011eb9907e
2026-07-20 10:06:16.989 +01:00 [INF] HTTP GET /Account/Login started. RequestId: 7692cd72-97c6-4c63-9091-c0a86f175490
2026-07-20 10:06:16.990 +01:00 [INF] HTTP GET /Account/Login completed 302 in 1ms. RequestId: 7692cd72-97c6-4c63-9091-c0a86f175490
2026-07-20 10:06:17.047 +01:00 [INF] HTTP GET /Home started. RequestId: c01ca994-8b3e-4b89-9881-fd1948346535
2026-07-20 10:06:17.120 +01:00 [INF] HTTP GET /Home completed 200 in 73ms. RequestId: c01ca994-8b3e-4b89-9881-fd1948346535
2026-07-20 10:06:17.450 +01:00 [INF] HTTP GET /css/app.css started. RequestId: ec6dc520-1207-449a-856d-da68cc1da9c8
2026-07-20 10:06:17.452 +01:00 [INF] HTTP GET /css/app.css completed 200 in 2ms. RequestId: ec6dc520-1207-449a-856d-da68cc1da9c8
2026-07-20 10:06:17.453 +01:00 [INF] HTTP GET /js/app.js started. RequestId: ba54680c-3299-4d65-80a9-3275e8fcd7e6
2026-07-20 10:06:17.454 +01:00 [INF] HTTP GET /js/app.js completed 200 in 0ms. RequestId: ba54680c-3299-4d65-80a9-3275e8fcd7e6
2026-07-20 10:06:26.213 +01:00 [INF] HTTP GET /Sales started. RequestId: cb8ae8b6-7455-42d3-9dbd-eca4e83aaad5
2026-07-20 10:06:28.847 +01:00 [INF] HTTP GET /Sales completed 200 in 2633ms. RequestId: cb8ae8b6-7455-42d3-9dbd-eca4e83aaad5
2026-07-20 10:06:35.061 +01:00 [INF] HTTP GET / started. RequestId: e26daa7a-4979-48d8-8b67-f9f394a73cc2
2026-07-20 10:06:35.067 +01:00 [INF] HTTP GET / completed 302 in 6ms. RequestId: e26daa7a-4979-48d8-8b67-f9f394a73cc2
2026-07-20 10:06:35.162 +01:00 [INF] HTTP GET /Home started. RequestId: c7e8cefc-d475-408a-aa24-1417d956008d
2026-07-20 10:06:35.193 +01:00 [INF] HTTP GET /Home completed 200 in 31ms. RequestId: c7e8cefc-d475-408a-aa24-1417d956008d
2026-07-20 10:06:40.354 +01:00 [INF] HTTP GET /Products started. RequestId: 30cb7f56-f69f-486a-a35e-86561e8ab18d
2026-07-20 10:06:47.359 +01:00 [INF] HTTP GET /Products completed 200 in 7004ms. RequestId: 30cb7f56-f69f-486a-a35e-86561e8ab18d
2026-07-20 10:06:52.644 +01:00 [INF] HTTP GET /Products/Edit/1 started. RequestId: 8a2fdf5e-892a-4d55-b5a8-8b5a4c67d2d2
2026-07-20 10:06:54.301 +01:00 [INF] HTTP GET /Products/Edit/1 completed 200 in 1656ms. RequestId: 8a2fdf5e-892a-4d55-b5a8-8b5a4c67d2d2
2026-07-20 10:06:54.318 +01:00 [INF] HTTP GET /lib/jquery-validation/dist/jquery.validate.min.js started. RequestId: c4f5c506-ddd1-49d7-aa5b-18f7edaa8427
2026-07-20 10:06:54.319 +01:00 [INF] HTTP GET /lib/jquery-validation-unobtrusive/dist/jquery.validate.unobtrusive.min.js started. RequestId: 4e756d17-b676-42f8-89aa-b6bd63708aba
2026-07-20 10:07:04.482 +01:00 [INF] HTTP GET /lib/jquery-validation-unobtrusive/dist/jquery.validate.unobtrusive.min.js completed 200 in 10163ms. RequestId: 4e756d17-b676-42f8-89aa-b6bd63708aba
2026-07-20 10:07:05.188 +01:00 [INF] HTTP GET /lib/jquery-validation/dist/jquery.validate.min.js completed 200 in 10870ms. RequestId: c4f5c506-ddd1-49d7-aa5b-18f7edaa8427
2026-07-20 10:07:11.332 +01:00 [INF] HTTP GET /Products/Details/1 started. RequestId: e9f03475-3018-420e-b284-d78004c48e6a
2026-07-20 10:07:11.467 +01:00 [INF] HTTP GET /Products/Details/1 completed 200 in 135ms. RequestId: e9f03475-3018-420e-b284-d78004c48e6a
2026-07-20 10:07:17.914 +01:00 [INF] HTTP GET /Products started. RequestId: 1af6b415-d850-4744-86a1-e8262c831b98
2026-07-20 10:07:17.933 +01:00 [INF] HTTP GET /Products completed 200 in 18ms. RequestId: 1af6b415-d850-4744-86a1-e8262c831b98
2026-07-20 10:07:38.100 +01:00 [INF] HTTP GET /Users started. RequestId: d1b60f9f-8339-492b-9e72-9d59ef7eb065
2026-07-20 10:07:40.369 +01:00 [INF] HTTP GET /Users completed 200 in 2268ms. RequestId: d1b60f9f-8339-492b-9e72-9d59ef7eb065
2026-07-20 10:07:44.103 +01:00 [INF] HTTP GET /Users/Create started. RequestId: e9cad0b9-2def-4476-8706-783ed93a6571
2026-07-20 10:07:44.138 +01:00 [INF] HTTP GET /Users/Create completed 200 in 34ms. RequestId: e9cad0b9-2def-4476-8706-783ed93a6571
2026-07-20 10:08:02.895 +01:00 [INF] HTTP POST /Users/Create started. RequestId: c2f67c15-7c79-46f8-8371-6b0ff585deae
2026-07-20 10:08:03.470 +01:00 [INF] HTTP POST /Users/Create completed 200 in 574ms. RequestId: c2f67c15-7c79-46f8-8371-6b0ff585deae
2026-07-20 10:08:13.443 +01:00 [INF] HTTP POST /Users/Create started. RequestId: a0a9d53e-df89-4087-8624-a5281391eb97
2026-07-20 10:08:23.525 +01:00 [ERR] Failed to send email to mamzyreg@gmail.com
System.Net.Mail.SmtpException: The SMTP server requires a secure connection or the client was not authenticated. The server response was: 5.7.0 Authentication Required. For more information, go to
   at System.Net.Mail.MailCommand.CheckResponse(SmtpStatusCode statusCode, String response)
   at System.Net.Mail.MailCommand.EndSend(IAsyncResult result)
   at System.Net.Mail.SendMailAsyncResult.SendMailFromCompleted(IAsyncResult result)
--- End of stack trace from previous location ---
   at System.Net.Mail.SendMailAsyncResult.End(IAsyncResult result)
   at System.Net.Mail.SmtpClient.SendMailCallback(IAsyncResult result)
--- End of stack trace from previous location ---
   at PharMarket.Services.EmailService.SendCredentialsAsync(String toEmail, String fullName, String loginEmail, String password, String role)
2026-07-20 10:08:24.450 +01:00 [INF] HTTP POST /Users/Create completed 302 in 11007ms. RequestId: a0a9d53e-df89-4087-8624-a5281391eb97
2026-07-20 10:08:24.736 +01:00 [INF] HTTP GET /Users started. RequestId: 210dd86f-0e26-4cf2-8445-c4239d2ed8b3
2026-07-20 10:08:24.785 +01:00 [INF] HTTP GET /Users completed 200 in 48ms. RequestId: 210dd86f-0e26-4cf2-8445-c4239d2ed8b3
2026-07-20 10:08:56.619 +01:00 [INF] HTTP POST /Users/ResetPassword/3 started. RequestId: 8230adc1-a981-43c5-9bac-1133d7805ecc
2026-07-20 10:09:01.931 +01:00 [ERR] Failed to send email to mamzyreg@gmail.com
System.Net.Mail.SmtpException: The SMTP server requires a secure connection or the client was not authenticated. The server response was: 5.7.0 Authentication Required. For more information, go to
   at System.Net.Mail.MailCommand.CheckResponse(SmtpStatusCode statusCode, String response)
   at System.Net.Mail.MailCommand.EndSend(IAsyncResult result)
   at System.Net.Mail.SendMailAsyncResult.SendMailFromCompleted(IAsyncResult result)
--- End of stack trace from previous location ---
   at System.Net.Mail.SendMailAsyncResult.End(IAsyncResult result)
   at System.Net.Mail.SmtpClient.SendMailCallback(IAsyncResult result)
--- End of stack trace from previous location ---
   at PharMarket.Services.EmailService.SendCredentialsAsync(String toEmail, String fullName, String loginEmail, String password, String role)
2026-07-20 10:09:01.933 +01:00 [INF] HTTP POST /Users/ResetPassword/3 completed 302 in 5314ms. RequestId: 8230adc1-a981-43c5-9bac-1133d7805ecc
2026-07-20 10:09:01.975 +01:00 [INF] HTTP GET /Users started. RequestId: 61de741d-9055-42ff-89d0-e766f497b630
2026-07-20 10:09:01.983 +01:00 [INF] HTTP GET /Users completed 200 in 7ms. RequestId: 61de741d-9055-42ff-89d0-e766f497b630
2026-07-20 10:09:09.037 +01:00 [INF] HTTP POST /Users/ResetPassword/3 started. RequestId: 82e734fe-7e83-47d9-b6a3-0dca7b25795e
2026-07-20 10:09:12.764 +01:00 [ERR] Failed to send email to mamzyreg@gmail.com
System.Net.Mail.SmtpException: The SMTP server requires a secure connection or the client was not authenticated. The server response was: 5.7.0 Authentication Required. For more information, go to
   at System.Net.Mail.MailCommand.CheckResponse(SmtpStatusCode statusCode, String response)
   at System.Net.Mail.MailCommand.EndSend(IAsyncResult result)
   at System.Net.Mail.SendMailAsyncResult.SendMailFromCompleted(IAsyncResult result)
--- End of stack trace from previous location ---
   at System.Net.Mail.SendMailAsyncResult.End(IAsyncResult result)
   at System.Net.Mail.SmtpClient.SendMailCallback(IAsyncResult result)
--- End of stack trace from previous location ---
   at PharMarket.Services.EmailService.SendCredentialsAsync(String toEmail, String fullName, String loginEmail, String password, String role)
2026-07-20 10:09:12.765 +01:00 [INF] HTTP POST /Users/ResetPassword/3 completed 302 in 3728ms. RequestId: 82e734fe-7e83-47d9-b6a3-0dca7b25795e
2026-07-20 10:09:12.902 +01:00 [INF] HTTP GET /Users started. RequestId: 786585fe-f7a6-4375-8013-65bb3a4ec4e5
2026-07-20 10:09:12.907 +01:00 [INF] HTTP GET /Users completed 200 in 5ms. RequestId: 786585fe-f7a6-4375-8013-65bb3a4ec4e5
2026-07-20 10:09:20.965 +01:00 [INF] HTTP POST /Users/ResetPassword/3 started. RequestId: 60ee0f00-4f88-4e3e-9d34-c9fe928cbe3e
2026-07-20 10:09:24.590 +01:00 [ERR] Failed to send email to mamzyreg@gmail.com
System.Net.Mail.SmtpException: The SMTP server requires a secure connection or the client was not authenticated. The server response was: 5.7.0 Authentication Required. For more information, go to
   at System.Net.Mail.MailCommand.CheckResponse(SmtpStatusCode statusCode, String response)
   at System.Net.Mail.MailCommand.EndSend(IAsyncResult result)
   at System.Net.Mail.SendMailAsyncResult.SendMailFromCompleted(IAsyncResult result)
--- End of stack trace from previous location ---
   at System.Net.Mail.SendMailAsyncResult.End(IAsyncResult result)
   at System.Net.Mail.SmtpClient.SendMailCallback(IAsyncResult result)
--- End of stack trace from previous location ---
   at PharMarket.Services.EmailService.SendCredentialsAsync(String toEmail, String fullName, String loginEmail, String password, String role)
2026-07-20 10:09:24.592 +01:00 [INF] HTTP POST /Users/ResetPassword/3 completed 302 in 3626ms. RequestId: 60ee0f00-4f88-4e3e-9d34-c9fe928cbe3e
2026-07-20 10:09:24.691 +01:00 [INF] HTTP GET /Users started. RequestId: f0ac7e31-1829-4b50-b4c1-f12c78e8d514
2026-07-20 10:09:24.698 +01:00 [INF] HTTP GET /Users completed 200 in 7ms. RequestId: f0ac7e31-1829-4b50-b4c1-f12c78e8d514
2026-07-20 10:10:03.683 +01:00 [INF] HTTP GET /Store/Settings started. RequestId: 0e678fe8-0664-4d69-bdb4-1c6601b2ba29
2026-07-20 10:10:04.065 +01:00 [ERR] The view 'Settings' was not found. Searched locations: ["/Views/Store/Settings.cshtml","/Views/Shared/Settings.cshtml"]
2026-07-20 10:10:04.613 +01:00 [INF] HTTP GET /Store/Settings completed 200 in 929ms. RequestId: 0e678fe8-0664-4d69-bdb4-1c6601b2ba29
2026-07-20 10:10:04.613 +01:00 [ERR] An unhandled exception occurred. Request: GET /Store/Settings
System.InvalidOperationException: The view 'Settings' was not found. The following locations were searched:
/Views/Store/Settings.cshtml
/Views/Shared/Settings.cshtml
   at Microsoft.AspNetCore.Mvc.ViewEngines.ViewEngineResult.EnsureSuccessful(IEnumerable`1 originalLocations)
   at Microsoft.AspNetCore.Mvc.ViewFeatures.ViewResultExecutor.ExecuteAsync(ActionContext context, ViewResult result)
   at Microsoft.AspNetCore.Mvc.ViewResult.ExecuteResultAsync(ActionContext context)
   at Microsoft.AspNetCore.Mvc.Infrastructure.ResourceInvoker.<InvokeNextResultFilterAsync>g__Awaited|30_0[TFilter,TFilterAsync](ResourceInvoker invoker, Task lastTask, State next, Scope scope, Object state, Boolean isCompleted)
   at Microsoft.AspNetCore.Mvc.Infrastructure.ResourceInvoker.Rethrow(ResultExecutedContextSealed context)
   at Microsoft.AspNetCore.Mvc.Infrastructure.ResourceInvoker.ResultNext[TFilter,TFilterAsync](State& next, Scope& scope, Object& state, Boolean& isCompleted)
   at Microsoft.AspNetCore.Mvc.Infrastructure.ResourceInvoker.InvokeResultFilters()
--- End of stack trace from previous location ---
   at Microsoft.AspNetCore.Mvc.Infrastructure.ResourceInvoker.<InvokeNextResourceFilter>g__Awaited|25_0(ResourceInvoker invoker, Task lastTask, State next, Scope scope, Object state, Boolean isCompleted)
   at Microsoft.AspNetCore.Mvc.Infrastructure.ResourceInvoker.Rethrow(ResourceExecutedContextSealed context)
   at Microsoft.AspNetCore.Mvc.Infrastructure.ResourceInvoker.Next(State& next, Scope& scope, Object& state, Boolean& isCompleted)
   at Microsoft.AspNetCore.Mvc.Infrastructure.ResourceInvoker.<InvokeFilterPipelineAsync>g__Awaited|20_0(ResourceInvoker invoker, Task lastTask, State next, Scope scope, Object state, Boolean isCompleted)
   at Microsoft.AspNetCore.Mvc.Infrastructure.ResourceInvoker.<InvokeAsync>g__Awaited|17_0(ResourceInvoker invoker, Task task, IDisposable scope)
   at Microsoft.AspNetCore.Mvc.Infrastructure.ResourceInvoker.<InvokeAsync>g__Awaited|17_0(ResourceInvoker invoker, Task task, IDisposable scope)
   at Microsoft.AspNetCore.Authorization.AuthorizationMiddleware.Invoke(HttpContext context)
   at Microsoft.AspNetCore.Authentication.AuthenticationMiddleware.Invoke(HttpContext context)
   at PharMarket.Middleware.RequestLoggingMiddleware.InvokeAsync(HttpContext context)
   at PharMarket.Middleware.GlobalExceptionMiddleware.InvokeAsync(HttpContext context)
2026-07-20 10:10:09.838 +01:00 [INF] HTTP GET /Users started. RequestId: 637f34d3-f668-42b3-a2a2-024b8f4fc913
2026-07-20 10:10:09.844 +01:00 [INF] HTTP GET /Users completed 200 in 6ms. RequestId: 637f34d3-f668-42b3-a2a2-024b8f4fc913
2026-07-20 10:10:14.778 +01:00 [INF] HTTP POST /Account/Logout started. RequestId: af641a9d-a1dd-493b-a8ad-2392ff786512
2026-07-20 10:10:14.788 +01:00 [INF] HTTP POST /Account/Logout completed 302 in 10ms. RequestId: af641a9d-a1dd-493b-a8ad-2392ff786512
2026-07-20 10:10:14.793 +01:00 [INF] HTTP GET /Account/Login started. RequestId: bc5a9dd7-8ad8-4fa3-832e-2d2c8ef9a9b4
2026-07-20 10:10:14.795 +01:00 [INF] HTTP GET /Account/Login completed 200 in 1ms. RequestId: bc5a9dd7-8ad8-4fa3-832e-2d2c8ef9a9b4
2026-07-20 10:10:28.550 +01:00 [INF] HTTP POST /Account/Login started. RequestId: 1ebf3333-c732-4768-9c55-95aae8d2ff3a
2026-07-20 10:10:28.559 +01:00 [INF] HTTP POST /Account/Login completed 302 in 9ms. RequestId: 1ebf3333-c732-4768-9c55-95aae8d2ff3a
2026-07-20 10:10:28.564 +01:00 [INF] HTTP GET /Home started. RequestId: 60a6fb21-5905-4d81-942f-5829d2aa1ba6
2026-07-20 10:10:28.588 +01:00 [INF] HTTP GET /Home completed 200 in 23ms. RequestId: 60a6fb21-5905-4d81-942f-5829d2aa1ba6
2026-07-20 10:10:40.143 +01:00 [INF] HTTP GET /Products started. RequestId: 425b5334-4bc0-457d-828f-6958b216421a
2026-07-20 10:10:40.162 +01:00 [INF] HTTP GET /Products completed 200 in 18ms. RequestId: 425b5334-4bc0-457d-828f-6958b216421a
2026-07-20 10:10:43.660 +01:00 [INF] HTTP GET /Sales/POS started. RequestId: bc985e11-133d-4999-8f7c-140ed484ba37
2026-07-20 10:10:43.683 +01:00 [INF] HTTP GET /Sales/POS completed 200 in 23ms. RequestId: bc985e11-133d-4999-8f7c-140ed484ba37
2026-07-20 10:10:47.468 +01:00 [INF] HTTP GET /Transactions started. RequestId: 10a2af47-60f4-4a91-ad5b-4ea12759f251
2026-07-20 10:10:47.738 +01:00 [INF] HTTP GET /Transactions completed 200 in 269ms. RequestId: 10a2af47-60f4-4a91-ad5b-4ea12759f251
2026-07-20 10:10:58.264 +01:00 [INF] HTTP POST /Account/Logout started. RequestId: da3ae6f9-2487-4ed8-9533-18a89e357fd2
2026-07-20 10:10:58.266 +01:00 [INF] HTTP POST /Account/Logout completed 302 in 2ms. RequestId: da3ae6f9-2487-4ed8-9533-18a89e357fd2
2026-07-20 10:10:58.277 +01:00 [INF] HTTP GET /Account/Login started. RequestId: 17a5eea2-9ee9-483c-940d-723e8f4c848a
2026-07-20 10:10:58.279 +01:00 [INF] HTTP GET /Account/Login completed 200 in 2ms. RequestId: 17a5eea2-9ee9-483c-940d-723e8f4c848a
2026-07-20 10:11:02.904 +01:00 [INF] HTTP POST /Account/Login started. RequestId: a7e269ac-335c-4189-baa5-b8a668883034
2026-07-20 10:11:02.912 +01:00 [INF] HTTP POST /Account/Login completed 302 in 7ms. RequestId: a7e269ac-335c-4189-baa5-b8a668883034
2026-07-20 10:11:02.916 +01:00 [INF] HTTP GET /Home started. RequestId: 232637e3-5e65-4d9e-8f62-fff74d9d07d1
2026-07-20 10:11:02.937 +01:00 [INF] HTTP GET /Home completed 200 in 21ms. RequestId: 232637e3-5e65-4d9e-8f62-fff74d9d07d1
2026-07-20 10:15:44.262 +01:00 [INF] HTTP GET /Sales/POS started. RequestId: 9f8143ab-9924-49e8-887c-0a8c80b74b4a
2026-07-20 10:15:44.275 +01:00 [INF] HTTP GET /Sales/POS completed 200 in 12ms. RequestId: 9f8143ab-9924-49e8-887c-0a8c80b74b4a
2026-07-20 10:16:12.781 +01:00 [INF] HTTP GET /Sales started. RequestId: 5a26d80f-5de0-4513-a9b2-e1c1ab2ba65b
2026-07-20 10:16:13.116 +01:00 [INF] HTTP GET /Sales completed 200 in 335ms. RequestId: 5a26d80f-5de0-4513-a9b2-e1c1ab2ba65b
2026-07-20 10:16:20.163 +01:00 [INF] HTTP GET /Products started. RequestId: 9b9f1e43-7049-4dc7-a952-7629c0c13c5e
2026-07-20 10:16:20.456 +01:00 [INF] HTTP GET /Products completed 200 in 293ms. RequestId: 9b9f1e43-7049-4dc7-a952-7629c0c13c5e
2026-07-20 10:16:51.334 +01:00 [INF] HTTP GET /Products started. RequestId: 441e84dd-66c1-41d3-9b05-92e14e6448f8
2026-07-20 10:16:51.353 +01:00 [INF] HTTP GET /Products completed 200 in 19ms. RequestId: 441e84dd-66c1-41d3-9b05-92e14e6448f8
2026-07-20 10:17:00.893 +01:00 [INF] HTTP GET /Products started. RequestId: f3f3cd13-43e3-4117-aa27-751dc404b47f
2026-07-20 10:17:00.907 +01:00 [INF] HTTP GET /Products completed 200 in 13ms. RequestId: f3f3cd13-43e3-4117-aa27-751dc404b47f
2026-07-20 10:17:15.458 +01:00 [INF] HTTP GET /Products started. RequestId: 4c090945-6e9b-4cee-ad7c-e55e02b8d0be
2026-07-20 10:17:15.473 +01:00 [INF] HTTP GET /Products completed 200 in 15ms. RequestId: 4c090945-6e9b-4cee-ad7c-e55e02b8d0be
2026-07-20 10:17:17.845 +01:00 [INF] HTTP GET /Products/Create started. RequestId: bf43914d-d74b-41a5-8c71-6c0db9f7d143
2026-07-20 10:17:18.276 +01:00 [INF] HTTP GET /Products/Create completed 200 in 431ms. RequestId: bf43914d-d74b-41a5-8c71-6c0db9f7d143
[2026-07-20 11:27:49.792] [INF] Starting PharMarket application
[2026-07-20 11:28:22.997] [WRN] Entity 'Supplier' has a global query filter defined and is the required end of a relationship with the entity 'Purchase'. This may lead to unexpected results when the required entity is filtered out. Either configure the navigation as optional, or define matching query filters for both entities in the navigation. See https://go.microsoft.com/fwlink/?linkid=2131316 for more information.
[2026-07-20 11:28:23.002] [WRN] Entity 'Product' has a global query filter defined and is the required end of a relationship with the entity 'PurchaseItem'. This may lead to unexpected results when the required entity is filtered out. Either configure the navigation as optional, or define matching query filters for both entities in the navigation. See https://go.microsoft.com/fwlink/?linkid=2131316 for more information.
[2026-07-20 11:28:23.179] [WRN] Entity 'Product' has a global query filter defined and is the required end of a relationship with the entity 'SaleItem'. This may lead to unexpected results when the required entity is filtered out. Either configure the navigation as optional, or define matching query filters for both entities in the navigation. See https://go.microsoft.com/fwlink/?linkid=2131316 for more information.
[2026-07-20 11:28:23.179] [WRN] Entity 'Product' has a global query filter defined and is the required end of a relationship with the entity 'Stock'. This may lead to unexpected results when the required entity is filtered out. Either configure the navigation as optional, or define matching query filters for both entities in the navigation. See https://go.microsoft.com/fwlink/?linkid=2131316 for more information.
[2026-07-20 11:28:45.886] [ERR] An error occurred using the connection to database 'PharMarketDevDb' on server 'localhost'.
[2026-07-20 11:28:51.511] [ERR] An exception occurred while iterating over the results of a query for context type 'PharMarket.Data.AppDbContext'.
System.InvalidOperationException: An exception has been raised that is likely due to a transient failure. Consider enabling transient error resiliency by adding 'EnableRetryOnFailure()' to the 'UseMySql' call.
 ---> MySqlConnector.MySqlException (0x80004005): Connect Timeout expired.
 ---> MySqlConnector.MySqlException (0x80004005): The Command Timeout expired before the operation completed.
 ---> System.Net.Sockets.SocketException (995): The I/O operation has been aborted because of either a thread exit or an application request.
   at System.Net.Sockets.Socket.AwaitableSocketAsyncEventArgs.ThrowException(SocketError error, CancellationToken cancellationToken)
   at System.Net.Sockets.Socket.AwaitableSocketAsyncEventArgs.System.Threading.Tasks.Sources.IValueTaskSource<System.Int32>.GetResult(Int16 token)
   at MySqlConnector.Protocol.Serialization.SocketByteHandler.DoReadBytesAsync(Memory`1 buffer) in /_/src/MySqlConnector/Protocol/Serialization/SocketByteHandler.cs:line 89
   at MySqlConnector.Protocol.Serialization.SocketByteHandler.DoReadBytesAsync(Memory`1 buffer) in /_/src/MySqlConnector/Protocol/Serialization/SocketByteHandler.cs:line 98
   at MySqlConnector.Protocol.Serialization.BufferedByteReader.ReadBytesAsync(IByteHandler byteHandler, ArraySegment`1 buffer, Int32 totalBytesToRead, IOBehavior ioBehavior) in /_/src/MySqlConnector/Protocol/Serialization/BufferedByteReader.cs:line 34
   at MySqlConnector.Protocol.Serialization.ProtocolUtility.ReadPayloadAsync(BufferedByteReader bufferedByteReader, IByteHandler byteHandler, Func`1 getNextSequenceNumber, ArraySegmentHolder`1 previousPayloads, ProtocolErrorBehavior protocolErrorBehavior, IOBehavior ioBehavior) in /_/src/MySqlConnector/Protocol/Serialization/ProtocolUtility.cs:line 420
   at MySqlConnector.Core.ServerSession.ReceiveReplyAsync(IOBehavior ioBehavior, CancellationToken cancellationToken) in /_/src/MySqlConnector/Core/ServerSession.cs:line 1070
   at MySqlConnector.Core.ServerSession.ConnectAsync(ConnectionSettings cs, MySqlConnection connection, Int64 startingTimestamp, ILoadBalancer loadBalancer, Activity activity, IOBehavior ioBehavior, CancellationToken cancellationToken) in /_/src/MySqlConnector/Core/ServerSession.cs:line 447
   at MySqlConnector.Core.ServerSession.ConnectAndRedirectAsync(ILogger connectionLogger, ILogger poolLogger, IConnectionPoolMetadata pool, ConnectionSettings cs, ILoadBalancer loadBalancer, MySqlConnection connection, Action`4 logMessage, Int64 startingTimestamp, Activity activity, IOBehavior ioBehavior, CancellationToken cancellationToken) in /_/src/MySqlConnector/Core/ServerSession.cs:line 697
   at MySqlConnector.Core.ServerSession.ConnectAndRedirectAsync(ILogger connectionLogger, ILogger poolLogger, IConnectionPoolMetadata pool, ConnectionSettings cs, ILoadBalancer loadBalancer, MySqlConnection connection, Action`4 logMessage, Int64 startingTimestamp, Activity activity, IOBehavior ioBehavior, CancellationToken cancellationToken) in /_/src/MySqlConnector/Core/ServerSession.cs:line 702
   at MySqlConnector.Core.ConnectionPool.GetSessionAsync(MySqlConnection connection, Int64 startingTimestamp, Int32 timeoutMilliseconds, Activity activity, IOBehavior ioBehavior, CancellationToken cancellationToken) in /_/src/MySqlConnector/Core/ConnectionPool.cs:line 116
   at MySqlConnector.Core.ConnectionPool.GetSessionAsync(MySqlConnection connection, Int64 startingTimestamp, Int32 timeoutMilliseconds, Activity activity, IOBehavior ioBehavior, CancellationToken cancellationToken) in /_/src/MySqlConnector/Core/ConnectionPool.cs:line 150
   at MySqlConnector.MySqlConnection.CreateSessionAsync(ConnectionPool pool, Int64 startingTimestamp, Activity activity, Nullable`1 ioBehavior, CancellationToken cancellationToken) in /_/src/MySqlConnector/MySqlConnection.cs:line 1092
   at MySqlConnector.MySqlConnection.CreateSessionAsync(ConnectionPool pool, Int64 startingTimestamp, Activity activity, Nullable`1 ioBehavior, CancellationToken cancellationToken) in /_/src/MySqlConnector/MySqlConnection.cs:line 1114
   at MySqlConnector.MySqlConnection.OpenAsync(Nullable`1 ioBehavior, CancellationToken cancellationToken) in /_/src/MySqlConnector/MySqlConnection.cs:line 567
   at Microsoft.EntityFrameworkCore.Storage.RelationalConnection.OpenInternalAsync(Boolean errorsExpected, CancellationToken cancellationToken)
   at Microsoft.EntityFrameworkCore.Storage.RelationalConnection.OpenInternalAsync(Boolean errorsExpected, CancellationToken cancellationToken)
   at Microsoft.EntityFrameworkCore.Storage.RelationalConnection.OpenAsync(CancellationToken cancellationToken, Boolean errorsExpected)
   at Pomelo.EntityFrameworkCore.MySql.Storage.Internal.MySqlRelationalConnection.OpenAsync(CancellationToken cancellationToken, Boolean errorsExpected)
   at Microsoft.EntityFrameworkCore.Storage.RelationalCommand.ExecuteReaderAsync(RelationalCommandParameterObject parameterObject, CancellationToken cancellationToken)
   at Microsoft.EntityFrameworkCore.Query.Internal.SingleQueryingEnumerable`1.AsyncEnumerator.InitializeReaderAsync(AsyncEnumerator enumerator, CancellationToken cancellationToken)
   at Pomelo.EntityFrameworkCore.MySql.Storage.Internal.MySqlExecutionStrategy.ExecuteAsync[TState,TResult](TState state, Func`4 operation, Func`4 verifySucceeded, CancellationToken cancellationToken)
   --- End of inner exception stack trace ---
   at Pomelo.EntityFrameworkCore.MySql.Storage.Internal.MySqlExecutionStrategy.ExecuteAsync[TState,TResult](TState state, Func`4 operation, Func`4 verifySucceeded, CancellationToken cancellationToken)
   at Microsoft.EntityFrameworkCore.Query.Internal.SingleQueryingEnumerable`1.AsyncEnumerator.MoveNextAsync()
System.InvalidOperationException: An exception has been raised that is likely due to a transient failure. Consider enabling transient error resiliency by adding 'EnableRetryOnFailure()' to the 'UseMySql' call.
 ---> MySqlConnector.MySqlException (0x80004005): Connect Timeout expired.
 ---> MySqlConnector.MySqlException (0x80004005): The Command Timeout expired before the operation completed.
 ---> System.Net.Sockets.SocketException (995): The I/O operation has been aborted because of either a thread exit or an application request.
   at System.Net.Sockets.Socket.AwaitableSocketAsyncEventArgs.ThrowException(SocketError error, CancellationToken cancellationToken)
   at System.Net.Sockets.Socket.AwaitableSocketAsyncEventArgs.System.Threading.Tasks.Sources.IValueTaskSource<System.Int32>.GetResult(Int16 token)
   at MySqlConnector.Protocol.Serialization.SocketByteHandler.DoReadBytesAsync(Memory`1 buffer) in /_/src/MySqlConnector/Protocol/Serialization/SocketByteHandler.cs:line 89
   at MySqlConnector.Protocol.Serialization.SocketByteHandler.DoReadBytesAsync(Memory`1 buffer) in /_/src/MySqlConnector/Protocol/Serialization/SocketByteHandler.cs:line 98
   at MySqlConnector.Protocol.Serialization.BufferedByteReader.ReadBytesAsync(IByteHandler byteHandler, ArraySegment`1 buffer, Int32 totalBytesToRead, IOBehavior ioBehavior) in /_/src/MySqlConnector/Protocol/Serialization/BufferedByteReader.cs:line 34
   at MySqlConnector.Protocol.Serialization.ProtocolUtility.ReadPayloadAsync(BufferedByteReader bufferedByteReader, IByteHandler byteHandler, Func`1 getNextSequenceNumber, ArraySegmentHolder`1 previousPayloads, ProtocolErrorBehavior protocolErrorBehavior, IOBehavior ioBehavior) in /_/src/MySqlConnector/Protocol/Serialization/ProtocolUtility.cs:line 420
   at MySqlConnector.Core.ServerSession.ReceiveReplyAsync(IOBehavior ioBehavior, CancellationToken cancellationToken) in /_/src/MySqlConnector/Core/ServerSession.cs:line 1070
   at MySqlConnector.Core.ServerSession.ConnectAsync(ConnectionSettings cs, MySqlConnection connection, Int64 startingTimestamp, ILoadBalancer loadBalancer, Activity activity, IOBehavior ioBehavior, CancellationToken cancellationToken) in /_/src/MySqlConnector/Core/ServerSession.cs:line 447
   at MySqlConnector.Core.ServerSession.ConnectAndRedirectAsync(ILogger connectionLogger, ILogger poolLogger, IConnectionPoolMetadata pool, ConnectionSettings cs, ILoadBalancer loadBalancer, MySqlConnection connection, Action`4 logMessage, Int64 startingTimestamp, Activity activity, IOBehavior ioBehavior, CancellationToken cancellationToken) in /_/src/MySqlConnector/Core/ServerSession.cs:line 697
   at MySqlConnector.Core.ServerSession.ConnectAndRedirectAsync(ILogger connectionLogger, ILogger poolLogger, IConnectionPoolMetadata pool, ConnectionSettings cs, ILoadBalancer loadBalancer, MySqlConnection connection, Action`4 logMessage, Int64 startingTimestamp, Activity activity, IOBehavior ioBehavior, CancellationToken cancellationToken) in /_/src/MySqlConnector/Core/ServerSession.cs:line 702
   at MySqlConnector.Core.ConnectionPool.GetSessionAsync(MySqlConnection connection, Int64 startingTimestamp, Int32 timeoutMilliseconds, Activity activity, IOBehavior ioBehavior, CancellationToken cancellationToken) in /_/src/MySqlConnector/Core/ConnectionPool.cs:line 116
   at MySqlConnector.Core.ConnectionPool.GetSessionAsync(MySqlConnection connection, Int64 startingTimestamp, Int32 timeoutMilliseconds, Activity activity, IOBehavior ioBehavior, CancellationToken cancellationToken) in /_/src/MySqlConnector/Core/ConnectionPool.cs:line 150
   at MySqlConnector.MySqlConnection.CreateSessionAsync(ConnectionPool pool, Int64 startingTimestamp, Activity activity, Nullable`1 ioBehavior, CancellationToken cancellationToken) in /_/src/MySqlConnector/MySqlConnection.cs:line 1092
   at MySqlConnector.MySqlConnection.CreateSessionAsync(ConnectionPool pool, Int64 startingTimestamp, Activity activity, Nullable`1 ioBehavior, CancellationToken cancellationToken) in /_/src/MySqlConnector/MySqlConnection.cs:line 1114
   at MySqlConnector.MySqlConnection.OpenAsync(Nullable`1 ioBehavior, CancellationToken cancellationToken) in /_/src/MySqlConnector/MySqlConnection.cs:line 567
   at Microsoft.EntityFrameworkCore.Storage.RelationalConnection.OpenInternalAsync(Boolean errorsExpected, CancellationToken cancellationToken)
   at Microsoft.EntityFrameworkCore.Storage.RelationalConnection.OpenInternalAsync(Boolean errorsExpected, CancellationToken cancellationToken)
   at Microsoft.EntityFrameworkCore.Storage.RelationalConnection.OpenAsync(CancellationToken cancellationToken, Boolean errorsExpected)
   at Pomelo.EntityFrameworkCore.MySql.Storage.Internal.MySqlRelationalConnection.OpenAsync(CancellationToken cancellationToken, Boolean errorsExpected)
   at Microsoft.EntityFrameworkCore.Storage.RelationalCommand.ExecuteReaderAsync(RelationalCommandParameterObject parameterObject, CancellationToken cancellationToken)
   at Microsoft.EntityFrameworkCore.Query.Internal.SingleQueryingEnumerable`1.AsyncEnumerator.InitializeReaderAsync(AsyncEnumerator enumerator, CancellationToken cancellationToken)
   at Pomelo.EntityFrameworkCore.MySql.Storage.Internal.MySqlExecutionStrategy.ExecuteAsync[TState,TResult](TState state, Func`4 operation, Func`4 verifySucceeded, CancellationToken cancellationToken)
   --- End of inner exception stack trace ---
   at Pomelo.EntityFrameworkCore.MySql.Storage.Internal.MySqlExecutionStrategy.ExecuteAsync[TState,TResult](TState state, Func`4 operation, Func`4 verifySucceeded, CancellationToken cancellationToken)
   at Microsoft.EntityFrameworkCore.Query.Internal.SingleQueryingEnumerable`1.AsyncEnumerator.MoveNextAsync()
[2026-07-20 11:28:52.399] [FTL] PharMarket terminated unexpectedly
System.InvalidOperationException: An exception has been raised that is likely due to a transient failure. Consider enabling transient error resiliency by adding 'EnableRetryOnFailure()' to the 'UseMySql' call.
 ---> MySqlConnector.MySqlException (0x80004005): Connect Timeout expired.
 ---> MySqlConnector.MySqlException (0x80004005): The Command Timeout expired before the operation completed.
 ---> System.Net.Sockets.SocketException (995): The I/O operation has been aborted because of either a thread exit or an application request.
   at System.Net.Sockets.Socket.AwaitableSocketAsyncEventArgs.ThrowException(SocketError error, CancellationToken cancellationToken)
   at System.Net.Sockets.Socket.AwaitableSocketAsyncEventArgs.System.Threading.Tasks.Sources.IValueTaskSource<System.Int32>.GetResult(Int16 token)
   at MySqlConnector.Protocol.Serialization.SocketByteHandler.DoReadBytesAsync(Memory`1 buffer) in /_/src/MySqlConnector/Protocol/Serialization/SocketByteHandler.cs:line 89
   at MySqlConnector.Protocol.Serialization.SocketByteHandler.DoReadBytesAsync(Memory`1 buffer) in /_/src/MySqlConnector/Protocol/Serialization/SocketByteHandler.cs:line 98
   at MySqlConnector.Protocol.Serialization.BufferedByteReader.ReadBytesAsync(IByteHandler byteHandler, ArraySegment`1 buffer, Int32 totalBytesToRead, IOBehavior ioBehavior) in /_/src/MySqlConnector/Protocol/Serialization/BufferedByteReader.cs:line 34
   at MySqlConnector.Protocol.Serialization.ProtocolUtility.ReadPayloadAsync(BufferedByteReader bufferedByteReader, IByteHandler byteHandler, Func`1 getNextSequenceNumber, ArraySegmentHolder`1 previousPayloads, ProtocolErrorBehavior protocolErrorBehavior, IOBehavior ioBehavior) in /_/src/MySqlConnector/Protocol/Serialization/ProtocolUtility.cs:line 420
   at MySqlConnector.Core.ServerSession.ReceiveReplyAsync(IOBehavior ioBehavior, CancellationToken cancellationToken) in /_/src/MySqlConnector/Core/ServerSession.cs:line 1070
   at MySqlConnector.Core.ServerSession.ConnectAsync(ConnectionSettings cs, MySqlConnection connection, Int64 startingTimestamp, ILoadBalancer loadBalancer, Activity activity, IOBehavior ioBehavior, CancellationToken cancellationToken) in /_/src/MySqlConnector/Core/ServerSession.cs:line 447
   at MySqlConnector.Core.ServerSession.ConnectAndRedirectAsync(ILogger connectionLogger, ILogger poolLogger, IConnectionPoolMetadata pool, ConnectionSettings cs, ILoadBalancer loadBalancer, MySqlConnection connection, Action`4 logMessage, Int64 startingTimestamp, Activity activity, IOBehavior ioBehavior, CancellationToken cancellationToken) in /_/src/MySqlConnector/Core/ServerSession.cs:line 697
   at MySqlConnector.Core.ServerSession.ConnectAndRedirectAsync(ILogger connectionLogger, ILogger poolLogger, IConnectionPoolMetadata pool, ConnectionSettings cs, ILoadBalancer loadBalancer, MySqlConnection connection, Action`4 logMessage, Int64 startingTimestamp, Activity activity, IOBehavior ioBehavior, CancellationToken cancellationToken) in /_/src/MySqlConnector/Core/ServerSession.cs:line 702
   at MySqlConnector.Core.ConnectionPool.GetSessionAsync(MySqlConnection connection, Int64 startingTimestamp, Int32 timeoutMilliseconds, Activity activity, IOBehavior ioBehavior, CancellationToken cancellationToken) in /_/src/MySqlConnector/Core/ConnectionPool.cs:line 116
   at MySqlConnector.Core.ConnectionPool.GetSessionAsync(MySqlConnection connection, Int64 startingTimestamp, Int32 timeoutMilliseconds, Activity activity, IOBehavior ioBehavior, CancellationToken cancellationToken) in /_/src/MySqlConnector/Core/ConnectionPool.cs:line 150
   at MySqlConnector.MySqlConnection.CreateSessionAsync(ConnectionPool pool, Int64 startingTimestamp, Activity activity, Nullable`1 ioBehavior, CancellationToken cancellationToken) in /_/src/MySqlConnector/MySqlConnection.cs:line 1092
   at MySqlConnector.MySqlConnection.CreateSessionAsync(ConnectionPool pool, Int64 startingTimestamp, Activity activity, Nullable`1 ioBehavior, CancellationToken cancellationToken) in /_/src/MySqlConnector/MySqlConnection.cs:line 1114
   at MySqlConnector.MySqlConnection.OpenAsync(Nullable`1 ioBehavior, CancellationToken cancellationToken) in /_/src/MySqlConnector/MySqlConnection.cs:line 567
   at Microsoft.EntityFrameworkCore.Storage.RelationalConnection.OpenInternalAsync(Boolean errorsExpected, CancellationToken cancellationToken)
   at Microsoft.EntityFrameworkCore.Storage.RelationalConnection.OpenInternalAsync(Boolean errorsExpected, CancellationToken cancellationToken)
   at Microsoft.EntityFrameworkCore.Storage.RelationalConnection.OpenAsync(CancellationToken cancellationToken, Boolean errorsExpected)
   at Pomelo.EntityFrameworkCore.MySql.Storage.Internal.MySqlRelationalConnection.OpenAsync(CancellationToken cancellationToken, Boolean errorsExpected)
   at Microsoft.EntityFrameworkCore.Storage.RelationalCommand.ExecuteReaderAsync(RelationalCommandParameterObject parameterObject, CancellationToken cancellationToken)
   at Microsoft.EntityFrameworkCore.Query.Internal.SingleQueryingEnumerable`1.AsyncEnumerator.InitializeReaderAsync(AsyncEnumerator enumerator, CancellationToken cancellationToken)
   at Pomelo.EntityFrameworkCore.MySql.Storage.Internal.MySqlExecutionStrategy.ExecuteAsync[TState,TResult](TState state, Func`4 operation, Func`4 verifySucceeded, CancellationToken cancellationToken)
   --- End of inner exception stack trace ---
   at Pomelo.EntityFrameworkCore.MySql.Storage.Internal.MySqlExecutionStrategy.ExecuteAsync[TState,TResult](TState state, Func`4 operation, Func`4 verifySucceeded, CancellationToken cancellationToken)
   at Microsoft.EntityFrameworkCore.Query.Internal.SingleQueryingEnumerable`1.AsyncEnumerator.MoveNextAsync()
   at Microsoft.EntityFrameworkCore.Query.ShapedQueryCompilingExpressionVisitor.SingleAsync[TSource](IAsyncEnumerable`1 asyncEnumerable, CancellationToken cancellationToken)
   at Microsoft.EntityFrameworkCore.Query.ShapedQueryCompilingExpressionVisitor.SingleAsync[TSource](IAsyncEnumerable`1 asyncEnumerable, CancellationToken cancellationToken)
   at PharMarket.Services.AuthService.SeedAdminAsync() in C:\Users\USER\Desktop\PharMarket\Services\AuthService.cs:line 93
   at Program.<Main>$(String[] args) in C:\Users\USER\Desktop\PharMarket\Program.cs:line 55
