2026-07-17 01:57:15.485 +01:00 [INF] Starting PharMarket application
2026-07-17 01:57:47.085 +01:00 [FTL] PharMarket terminated unexpectedly
Microsoft.Extensions.Hosting.HostAbortedException: The host was aborted.
   at Microsoft.Extensions.Hosting.HostFactoryResolver.HostingListener.ThrowHostAborted()
   at Microsoft.Extensions.Hosting.HostFactoryResolver.HostingListener.OnNext(KeyValuePair`2 value)
   at System.Diagnostics.DiagnosticListener.Write(String name, Object value)
   at System.Diagnostics.DiagnosticSource.Write[T](String name, T value)
   at Microsoft.Extensions.Hosting.HostBuilder.ResolveHost(IServiceProvider serviceProvider, DiagnosticListener diagnosticListener)
   at Microsoft.Extensions.Hosting.HostApplicationBuilder.Build()
   at Microsoft.AspNetCore.Builder.WebApplicationBuilder.Build()
   at Program.<Main>$(String[] args) in C:\Users\USER\Desktop\PharMarket\Program.cs:line 50
[2026-07-17 02:05:17.040] [INF] Starting PharMarket application
[2026-07-17 02:06:09.934] [WRN] Entity 'Supplier' has a global query filter defined and is the required end of a relationship with the entity 'Purchase'. This may lead to unexpected results when the required entity is filtered out. Either configure the navigation as optional, or define matching query filters for both entities in the navigation. See https://go.microsoft.com/fwlink/?linkid=2131316 for more information.
[2026-07-17 02:06:10.672] [WRN] Entity 'Product' has a global query filter defined and is the required end of a relationship with the entity 'PurchaseItem'. This may lead to unexpected results when the required entity is filtered out. Either configure the navigation as optional, or define matching query filters for both entities in the navigation. See https://go.microsoft.com/fwlink/?linkid=2131316 for more information.
[2026-07-17 02:06:11.376] [WRN] Entity 'Product' has a global query filter defined and is the required end of a relationship with the entity 'SaleItem'. This may lead to unexpected results when the required entity is filtered out. Either configure the navigation as optional, or define matching query filters for both entities in the navigation. See https://go.microsoft.com/fwlink/?linkid=2131316 for more information.
[2026-07-17 02:06:11.386] [WRN] Entity 'Product' has a global query filter defined and is the required end of a relationship with the entity 'Stock'. This may lead to unexpected results when the required entity is filtered out. Either configure the navigation as optional, or define matching query filters for both entities in the navigation. See https://go.microsoft.com/fwlink/?linkid=2131316 for more information.
[2026-07-17 02:06:59.121] [INF] PharMarket is ready on 
[2026-07-17 02:07:06.864] [INF] HTTP GET / started. RequestId: 783b96d3-8b2c-4131-b3b8-841e5b097056
[2026-07-17 02:07:06.917] [WRN] Failed to determine the https port for redirect.
[2026-07-17 02:07:11.388] [INF] HTTP GET / completed 200 in 4528ms. RequestId: 783b96d3-8b2c-4131-b3b8-841e5b097056
[2026-07-17 02:07:11.605] [INF] HTTP GET /css/templatemo-catalyst-style.css started. RequestId: 26c085e8-f131-432f-a827-5eae3fe0fa57
[2026-07-17 02:07:11.649] [INF] HTTP GET /js/templatemo-catalyst-script.js started. RequestId: 30d3172a-f480-4166-bee6-3b37932a23a5
[2026-07-17 02:07:11.934] [INF] HTTP GET /js/templatemo-catalyst-script.js completed 304 in 284ms. RequestId: 30d3172a-f480-4166-bee6-3b37932a23a5
[2026-07-17 02:07:11.934] [INF] HTTP GET /css/templatemo-catalyst-style.css completed 304 in 328ms. RequestId: 26c085e8-f131-432f-a827-5eae3fe0fa57
[2026-07-17 02:07:19.337] [INF] HTTP GET /favicon.ico started. RequestId: 99523a59-2bc3-4d89-8065-8fd14352b026
[2026-07-17 02:07:20.276] [INF] HTTP GET /favicon.ico completed 200 in 939ms. RequestId: 99523a59-2bc3-4d89-8065-8fd14352b026
[2026-07-17 02:07:39.150] [INF] HTTP GET /Account/Register started. RequestId: 63c3cf5a-3f82-4979-b362-d5292d058fbf
[2026-07-17 02:07:40.340] [INF] HTTP GET /Account/Register completed 200 in 1190ms. RequestId: 63c3cf5a-3f82-4979-b362-d5292d058fbf
[2026-07-17 02:07:47.124] [INF] HTTP GET /Account/Login started. RequestId: cad67946-4f59-4b56-9e79-69e0e77fa1f9
[2026-07-17 02:07:47.311] [INF] HTTP GET /Account/Login completed 200 in 187ms. RequestId: cad67946-4f59-4b56-9e79-69e0e77fa1f9
[2026-07-17 02:07:49.507] [INF] HTTP POST /Account/Login started. RequestId: 282e0018-aa8d-4821-bc2f-75a4f9793f0b
[2026-07-17 02:07:50.495] [INF] HTTP POST /Account/Login completed 200 in 988ms. RequestId: 282e0018-aa8d-4821-bc2f-75a4f9793f0b
[2026-07-17 02:07:53.244] [INF] HTTP GET /Account/Register started. RequestId: 76db364b-b3f4-4462-8ea6-9bac9ab0162b
[2026-07-17 02:07:53.257] [INF] HTTP GET /Account/Register completed 200 in 12ms. RequestId: 76db364b-b3f4-4462-8ea6-9bac9ab0162b
[2026-07-17 02:08:00.888] [INF] HTTP POST /Account/Register started. RequestId: 2530b5f6-0dc7-4f6c-ba5f-f79a6360e337
[2026-07-17 02:08:01.229] [INF] HTTP POST /Account/Register completed 302 in 341ms. RequestId: 2530b5f6-0dc7-4f6c-ba5f-f79a6360e337
[2026-07-17 02:08:01.238] [INF] HTTP GET /Account/Login started. RequestId: 56aa2974-62ff-4ab0-8262-55776f794188
[2026-07-17 02:08:01.248] [INF] HTTP GET /Account/Login completed 200 in 9ms. RequestId: 56aa2974-62ff-4ab0-8262-55776f794188
[2026-07-17 02:08:03.580] [INF] HTTP POST /Account/Login started. RequestId: 8c127e24-e97d-4f81-979d-f575355780da
[2026-07-17 02:08:04.255] [INF] HTTP POST /Account/Login completed 302 in 674ms. RequestId: 8c127e24-e97d-4f81-979d-f575355780da
[2026-07-17 02:08:04.264] [INF] HTTP GET /Home started. RequestId: c65c41ac-66ba-4722-9e03-004a1e4e9e99
[2026-07-17 02:08:04.289] [INF] HTTP GET /Home completed 302 in 24ms. RequestId: c65c41ac-66ba-4722-9e03-004a1e4e9e99
[2026-07-17 02:08:04.299] [INF] HTTP GET /Store/Setup started. RequestId: d7b77aff-b66c-485e-a796-9128736ade32
[2026-07-17 02:08:04.772] [INF] HTTP GET /Store/Setup completed 200 in 472ms. RequestId: d7b77aff-b66c-485e-a796-9128736ade32
[2026-07-17 02:08:04.791] [INF] HTTP GET /css/app.css started. RequestId: 61694202-deb1-45f2-b6b8-4a745db2136a
[2026-07-17 02:08:04.843] [INF] HTTP GET /css/app.css completed 200 in 51ms. RequestId: 61694202-deb1-45f2-b6b8-4a745db2136a
[2026-07-17 02:08:41.311] [INF] HTTP POST /Store/Setup started. RequestId: a30f840e-4356-4043-94b8-faee39bd9600
[2026-07-17 02:08:42.487] [INF] HTTP POST /Store/Setup completed 302 in 1175ms. RequestId: a30f840e-4356-4043-94b8-faee39bd9600
[2026-07-17 02:08:42.512] [INF] HTTP GET /Home started. RequestId: 00dc9df9-ef1f-48e6-9325-dcef74d3062f
[2026-07-17 02:08:44.506] [INF] HTTP GET /Home completed 200 in 1994ms. RequestId: 00dc9df9-ef1f-48e6-9325-dcef74d3062f
[2026-07-17 02:09:30.174] [INF] HTTP GET /Products started. RequestId: 80c66dc9-4e28-4da1-a51c-1c6bd1964e9f
[2026-07-17 02:09:30.684] [INF] HTTP GET /Products completed 200 in 510ms. RequestId: 80c66dc9-4e28-4da1-a51c-1c6bd1964e9f
[2026-07-17 02:09:34.974] [INF] HTTP GET /Products/Create started. RequestId: 002af905-1db2-4e43-bf81-44bc83b85146
[2026-07-17 02:09:36.196] [INF] HTTP GET /Products/Create completed 200 in 1222ms. RequestId: 002af905-1db2-4e43-bf81-44bc83b85146
[2026-07-17 02:10:01.089] [INF] HTTP POST /Products/Create started. RequestId: 153a850c-65d6-49eb-a76f-bc138d88011e
[2026-07-17 02:10:01.169] [INF] HTTP POST /Products/Create completed 200 in 80ms. RequestId: 153a850c-65d6-49eb-a76f-bc138d88011e
[2026-07-17 02:10:08.175] [INF] HTTP GET /Stock started. RequestId: 6762bc31-2814-4d5e-b6e6-a81755a60986
[2026-07-17 02:10:08.251] [INF] HTTP GET /Stock completed 200 in 75ms. RequestId: 6762bc31-2814-4d5e-b6e6-a81755a60986
[2026-07-17 02:10:10.452] [INF] HTTP GET /Purchases started. RequestId: 3d130352-3864-445d-9b83-5aef08c29b0b
[2026-07-17 02:10:10.587] [INF] HTTP GET /Purchases completed 200 in 135ms. RequestId: 3d130352-3864-445d-9b83-5aef08c29b0b
[2026-07-17 02:10:15.770] [INF] HTTP GET /Purchases/Create started. RequestId: 637d745b-746b-44b3-a1b9-c5238e9c24bb
[2026-07-17 02:10:15.899] [INF] HTTP GET /Purchases/Create completed 200 in 129ms. RequestId: 637d745b-746b-44b3-a1b9-c5238e9c24bb
[2026-07-17 02:10:25.921] [INF] HTTP GET /Suppliers started. RequestId: e05e849e-28fe-4e70-945a-cb7e3f1e6cc4
[2026-07-17 02:10:26.084] [INF] HTTP GET /Suppliers completed 200 in 162ms. RequestId: e05e849e-28fe-4e70-945a-cb7e3f1e6cc4
[2026-07-17 02:10:30.448] [INF] HTTP GET /Expenses started. RequestId: d7b6bf4b-3ad0-4246-bfe2-ed83c1279982
[2026-07-17 02:10:30.574] [INF] HTTP GET /Expenses completed 200 in 126ms. RequestId: d7b6bf4b-3ad0-4246-bfe2-ed83c1279982
[2026-07-17 02:10:34.677] [INF] HTTP GET /Transactions started. RequestId: f5e0827d-8264-48b7-8e15-85fd8fa49736
[2026-07-17 02:10:34.740] [INF] HTTP GET /Transactions completed 200 in 63ms. RequestId: f5e0827d-8264-48b7-8e15-85fd8fa49736
[2026-07-17 02:10:36.807] [INF] HTTP GET /Reports/Sales started. RequestId: edb2e557-5ed3-4476-a9bf-ca36ccc578ab
[2026-07-17 02:10:36.948] [INF] HTTP GET /Reports/Sales completed 200 in 141ms. RequestId: edb2e557-5ed3-4476-a9bf-ca36ccc578ab
[2026-07-17 02:10:39.307] [INF] HTTP GET /Users started. RequestId: baf6522a-2bfc-4178-86d8-769f7eb33590
[2026-07-17 02:10:39.680] [INF] HTTP GET /Users completed 200 in 373ms. RequestId: baf6522a-2bfc-4178-86d8-769f7eb33590
[2026-07-17 02:10:52.333] [INF] HTTP GET /Users/Create started. RequestId: 9f3d82c9-ae25-44bb-aada-6cfdbb4d3ee3
[2026-07-17 02:10:52.452] [INF] HTTP GET /Users/Create completed 200 in 118ms. RequestId: 9f3d82c9-ae25-44bb-aada-6cfdbb4d3ee3
[2026-07-17 02:10:58.194] [INF] HTTP GET /Sales/POS started. RequestId: 5e227074-d680-4442-9dfa-7d0c92b185ea
[2026-07-17 02:10:58.281] [INF] HTTP GET /Sales/POS completed 200 in 86ms. RequestId: 5e227074-d680-4442-9dfa-7d0c92b185ea
[2026-07-17 02:11:02.156] [INF] HTTP GET / started. RequestId: 26c49ea5-3ecc-4fff-bfe6-b18c5534f169
[2026-07-17 02:11:02.169] [INF] HTTP GET / completed 302 in 13ms. RequestId: 26c49ea5-3ecc-4fff-bfe6-b18c5534f169
[2026-07-17 02:11:02.191] [INF] HTTP GET /Home started. RequestId: c182d474-544e-412b-84a0-244a40953cb7
[2026-07-17 02:11:02.245] [INF] HTTP GET /Home completed 200 in 54ms. RequestId: c182d474-544e-412b-84a0-244a40953cb7
[2026-07-17 02:14:52.236] [INF] HTTP GET /.well-known/appspecific/com.chrome.devtools.json started. RequestId: 80db5dce-5b6f-4120-a91b-3add81f6bdd4
[2026-07-17 02:14:52.241] [INF] HTTP GET /.well-known/appspecific/com.chrome.devtools.json completed 404 in 4ms. RequestId: 80db5dce-5b6f-4120-a91b-3add81f6bdd4
[2026-07-17 02:15:58.601] [INF] HTTP GET / started. RequestId: 08a40acd-ae71-4543-9579-7c74f5b149b1
[2026-07-17 02:15:58.609] [INF] HTTP GET / completed 302 in 7ms. RequestId: 08a40acd-ae71-4543-9579-7c74f5b149b1
[2026-07-17 02:15:58.631] [INF] HTTP GET /Home started. RequestId: 724a7f34-7497-49a8-a0eb-bc2ed5c4361f
[2026-07-17 02:15:59.569] [INF] HTTP GET /Home completed 200 in 937ms. RequestId: 724a7f34-7497-49a8-a0eb-bc2ed5c4361f
[2026-07-17 02:16:18.091] [INF] HTTP POST /Account/Logout started. RequestId: a3c0d323-92e1-4f59-b944-4d8c6314594c
[2026-07-17 02:16:18.110] [INF] HTTP POST /Account/Logout completed 302 in 18ms. RequestId: a3c0d323-92e1-4f59-b944-4d8c6314594c
[2026-07-17 02:16:18.122] [INF] HTTP GET /Account/Login started. RequestId: 5b0e6527-46fc-45e3-85ae-3718de351a8c
[2026-07-17 02:16:18.128] [INF] HTTP GET /Account/Login completed 200 in 6ms. RequestId: 5b0e6527-46fc-45e3-85ae-3718de351a8c
[2026-07-17 02:16:22.525] [INF] HTTP GET / started. RequestId: d7f0e76d-5fea-4158-9567-e39f19fe2f0b
[2026-07-17 02:16:22.540] [INF] HTTP GET / completed 200 in 15ms. RequestId: d7f0e76d-5fea-4158-9567-e39f19fe2f0b
[2026-07-17 02:17:42.576] [INF] HTTP GET /Suppliers started. RequestId: be9a814e-a28b-4eb7-9eaf-d7174a760e14
[2026-07-17 02:17:42.590] [INF] HTTP GET /Suppliers completed 302 in 14ms. RequestId: be9a814e-a28b-4eb7-9eaf-d7174a760e14
[2026-07-17 02:17:42.602] [INF] HTTP GET /Account/Login started. RequestId: c6b38511-5c21-42c1-a6cf-8e24ee19b823
[2026-07-17 02:17:42.842] [INF] HTTP GET /Account/Login completed 200 in 240ms. RequestId: c6b38511-5c21-42c1-a6cf-8e24ee19b823
[2026-07-17 02:17:46.684] [INF] HTTP POST /Account/Login started. RequestId: 31efcc84-0bc7-4e01-988b-e2db907b29c9
[2026-07-17 02:17:46.694] [INF] HTTP POST /Account/Login completed 302 in 9ms. RequestId: 31efcc84-0bc7-4e01-988b-e2db907b29c9
[2026-07-17 02:17:46.704] [INF] HTTP GET /Suppliers started. RequestId: e06d47aa-3083-40d6-9d0d-5a4d385b6b7d
[2026-07-17 02:17:46.718] [INF] HTTP GET /Suppliers completed 200 in 14ms. RequestId: e06d47aa-3083-40d6-9d0d-5a4d385b6b7d
[2026-07-17 02:17:51.039] [INF] HTTP GET /Suppliers/Create started. RequestId: 6480393b-52b8-4165-9e7a-0c00420e4843
[2026-07-17 02:17:51.080] [INF] HTTP GET /Suppliers/Create completed 200 in 40ms. RequestId: 6480393b-52b8-4165-9e7a-0c00420e4843
[2026-07-17 02:18:08.214] [INF] HTTP POST /Suppliers/Create started. RequestId: f275ee3d-3d5d-4c46-b406-bceb8cf23fc0
[2026-07-17 02:18:08.957] [INF] HTTP POST /Suppliers/Create completed 302 in 742ms. RequestId: f275ee3d-3d5d-4c46-b406-bceb8cf23fc0
[2026-07-17 02:18:08.968] [INF] HTTP GET /Suppliers started. RequestId: 0d9820cf-f012-417c-80b0-9aff90c05640
[2026-07-17 02:18:08.982] [INF] HTTP GET /Suppliers completed 200 in 13ms. RequestId: 0d9820cf-f012-417c-80b0-9aff90c05640
[2026-07-17 02:18:22.070] [INF] HTTP GET /Products started. RequestId: 44f9c3b0-4b1b-447a-adc8-63a0097c890e
[2026-07-17 02:18:22.096] [INF] HTTP GET /Products completed 200 in 26ms. RequestId: 44f9c3b0-4b1b-447a-adc8-63a0097c890e
[2026-07-17 02:18:25.499] [INF] HTTP GET /Products/Create started. RequestId: d159816a-d9e0-4f5c-8003-d29e9d055966
[2026-07-17 02:18:25.514] [INF] HTTP GET /Products/Create completed 200 in 15ms. RequestId: d159816a-d9e0-4f5c-8003-d29e9d055966
[2026-07-17 02:18:37.066] [INF] HTTP GET /Suppliers started. RequestId: 26433a72-d62c-4f07-98cd-925544854f4b
[2026-07-17 02:18:37.090] [INF] HTTP GET /Suppliers completed 200 in 24ms. RequestId: 26433a72-d62c-4f07-98cd-925544854f4b
[2026-07-17 02:18:39.814] [INF] HTTP GET /Suppliers/Details/1 started. RequestId: e1a86725-ae2b-4a34-ac0c-ae525b56f415
[2026-07-17 02:18:40.077] [INF] HTTP GET /Suppliers/Details/1 completed 200 in 263ms. RequestId: e1a86725-ae2b-4a34-ac0c-ae525b56f415
[2026-07-17 02:18:44.877] [INF] HTTP GET /Products started. RequestId: d3fc895d-36c4-4a94-b724-c8674c4b0229
[2026-07-17 02:18:44.900] [INF] HTTP GET /Products completed 200 in 23ms. RequestId: d3fc895d-36c4-4a94-b724-c8674c4b0229
[2026-07-17 02:18:57.205] [INF] HTTP GET /Products/Create started. RequestId: 70a71863-7dca-493d-b553-1ae6688034f0
[2026-07-17 02:18:57.228] [INF] HTTP GET /Products/Create completed 200 in 24ms. RequestId: 70a71863-7dca-493d-b553-1ae6688034f0
[2026-07-17 02:19:34.832] [INF] HTTP POST /Products/Create started. RequestId: d2974727-74e3-4eb3-b600-ebbcf2564811
[2026-07-17 02:19:34.871] [INF] HTTP POST /Products/Create completed 200 in 38ms. RequestId: d2974727-74e3-4eb3-b600-ebbcf2564811
[2026-07-17 02:22:06.567] [INF] HTTP GET /Products started. RequestId: a366ae80-f709-4000-9e4a-86b2456f5c99
[2026-07-17 02:22:06.635] [INF] HTTP GET /Products completed 200 in 67ms. RequestId: a366ae80-f709-4000-9e4a-86b2456f5c99
[2026-07-17 02:22:06.652] [INF] HTTP GET /css/app.css started. RequestId: 5e1c5af3-92fb-4903-9d8c-a1e6c81a299e
[2026-07-17 02:22:06.714] [INF] HTTP GET /css/app.css completed 304 in 62ms. RequestId: 5e1c5af3-92fb-4903-9d8c-a1e6c81a299e
[2026-07-17 02:22:17.002] [INF] HTTP GET /Stock started. RequestId: 4a495d9c-6105-467c-be27-94f96091e702
[2026-07-17 02:22:17.024] [INF] HTTP GET /Stock completed 200 in 21ms. RequestId: 4a495d9c-6105-467c-be27-94f96091e702
[2026-07-17 02:22:23.414] [INF] HTTP GET /Purchases started. RequestId: 577edcb3-51d2-4894-98ef-f922d370e7ea
[2026-07-17 02:22:23.449] [INF] HTTP GET /Purchases completed 200 in 34ms. RequestId: 577edcb3-51d2-4894-98ef-f922d370e7ea
[2026-07-17 02:22:28.397] [INF] HTTP GET /Purchases/Create started. RequestId: 41ff4cc7-de1a-437b-adff-936f9a5c06e5
[2026-07-17 02:22:28.415] [INF] HTTP GET /Purchases/Create completed 200 in 17ms. RequestId: 41ff4cc7-de1a-437b-adff-936f9a5c06e5
[2026-07-17 02:24:11.470] [INF] HTTP GET /Expenses started. RequestId: 254d05f5-814e-40b6-8351-026775649157
[2026-07-17 02:24:11.507] [INF] HTTP GET /Expenses completed 200 in 37ms. RequestId: 254d05f5-814e-40b6-8351-026775649157
[2026-07-17 02:24:15.337] [INF] HTTP GET /Products started. RequestId: 2bcd6baf-04f0-4116-8da2-5a1be494e57b
[2026-07-17 02:24:15.388] [INF] HTTP GET /Products completed 200 in 51ms. RequestId: 2bcd6baf-04f0-4116-8da2-5a1be494e57b
[2026-07-17 02:24:18.897] [INF] HTTP GET /Purchases started. RequestId: 75e6e9c0-baad-4c38-a9ab-1d70c8c25a87
[2026-07-17 02:24:18.916] [INF] HTTP GET /Purchases completed 200 in 18ms. RequestId: 75e6e9c0-baad-4c38-a9ab-1d70c8c25a87
[2026-07-17 02:24:20.149] [INF] HTTP GET /Suppliers started. RequestId: d2de5673-9ec1-4ed6-9ba5-aa6e1714893f
[2026-07-17 02:24:20.159] [INF] HTTP GET /Suppliers completed 200 in 10ms. RequestId: d2de5673-9ec1-4ed6-9ba5-aa6e1714893f
[2026-07-17 02:24:23.045] [INF] HTTP GET /Purchases started. RequestId: f0417931-d0e6-44cd-b2c7-635f5cbeebc7
[2026-07-17 02:24:23.057] [INF] HTTP GET /Purchases completed 200 in 11ms. RequestId: f0417931-d0e6-44cd-b2c7-635f5cbeebc7
[2026-07-17 02:25:04.725] [INF] HTTP GET /.well-known/appspecific/com.chrome.devtools.json started. RequestId: 2a2104ef-236b-41c4-9b9e-a41659d8d634
[2026-07-17 02:25:04.747] [INF] HTTP GET /.well-known/appspecific/com.chrome.devtools.json completed 404 in 22ms. RequestId: 2a2104ef-236b-41c4-9b9e-a41659d8d634
[2026-07-17 02:25:56.779] [INF] HTTP GET / started. RequestId: e62eebda-484c-4b2f-a688-da026e74cb27
[2026-07-17 02:25:56.855] [INF] HTTP GET / completed 302 in 75ms. RequestId: e62eebda-484c-4b2f-a688-da026e74cb27
[2026-07-17 02:25:56.907] [INF] HTTP GET /Home started. RequestId: 0817a10e-f10e-4050-8ffc-740ea1b2b15f
[2026-07-17 02:25:57.131] [INF] HTTP GET /Home completed 200 in 224ms. RequestId: 0817a10e-f10e-4050-8ffc-740ea1b2b15f
[2026-07-17 02:25:57.238] [INF] HTTP GET /.well-known/appspecific/com.chrome.devtools.json started. RequestId: 67f47d7a-6e85-4614-9bfb-4d3e1abedf89
[2026-07-17 02:25:57.385] [INF] HTTP GET /.well-known/appspecific/com.chrome.devtools.json completed 404 in 147ms. RequestId: 67f47d7a-6e85-4614-9bfb-4d3e1abedf89
[2026-07-17 02:26:16.104] [INF] HTTP GET / started. RequestId: 8c0d89a2-6b18-4077-8fb0-8dde58901fe5
[2026-07-17 02:26:16.161] [INF] HTTP GET / completed 302 in 57ms. RequestId: 8c0d89a2-6b18-4077-8fb0-8dde58901fe5
[2026-07-17 02:26:16.176] [INF] HTTP GET /Home started. RequestId: 672c5c95-34b2-48f0-9175-397aa5112982
[2026-07-17 02:26:16.214] [INF] HTTP GET /Home completed 200 in 37ms. RequestId: 672c5c95-34b2-48f0-9175-397aa5112982
[2026-07-17 02:26:16.309] [INF] HTTP GET /.well-known/appspecific/com.chrome.devtools.json started. RequestId: 8fe2f128-4901-4626-b9be-f7394ca49df3
[2026-07-17 02:26:17.112] [INF] HTTP GET /.well-known/appspecific/com.chrome.devtools.json completed 404 in 803ms. RequestId: 8fe2f128-4901-4626-b9be-f7394ca49df3
