2026-09-02 11:18:25.790 +01:00 [INF] Starting PharMarket application
2026-09-02 11:18:34.911 +01:00 [WRN] Entity 'Supplier' has a global query filter defined and is the required end of a relationship with the entity 'Purchase'. This may lead to unexpected results when the required entity is filtered out. Either configure the navigation as optional, or define matching query filters for both entities in the navigation. See https://go.microsoft.com/fwlink/?linkid=2131316 for more information.
2026-09-02 11:18:34.923 +01:00 [WRN] Entity 'Product' has a global query filter defined and is the required end of a relationship with the entity 'PurchaseItem'. This may lead to unexpected results when the required entity is filtered out. Either configure the navigation as optional, or define matching query filters for both entities in the navigation. See https://go.microsoft.com/fwlink/?linkid=2131316 for more information.
2026-09-02 11:18:34.934 +01:00 [WRN] Entity 'Product' has a global query filter defined and is the required end of a relationship with the entity 'SaleItem'. This may lead to unexpected results when the required entity is filtered out. Either configure the navigation as optional, or define matching query filters for both entities in the navigation. See https://go.microsoft.com/fwlink/?linkid=2131316 for more information.
2026-09-02 11:18:34.941 +01:00 [WRN] Entity 'Product' has a global query filter defined and is the required end of a relationship with the entity 'Stock'. This may lead to unexpected results when the required entity is filtered out. Either configure the navigation as optional, or define matching query filters for both entities in the navigation. See https://go.microsoft.com/fwlink/?linkid=2131316 for more information.
2026-09-02 11:18:51.745 +01:00 [ERR] An error occurred using the connection to database 'PharMarketDevDb' on server 'localhost'.
2026-09-02 11:18:58.265 +01:00 [ERR] An exception occurred while iterating over the results of a query for context type 'PharMarket.Data.AppDbContext'.
System.InvalidOperationException: An exception has been raised that is likely due to a transient failure. Consider enabling transient error resiliency by adding 'EnableRetryOnFailure()' to the 'UseMySql' call.
 ---> MySqlConnector.MySqlException (0x80004005): Connect Timeout expired.
   at MySqlConnector.MySqlConnection.CreateSessionAsync(ConnectionPool pool, Int64 startingTimestamp, Activity activity, Nullable`1 ioBehavior, CancellationToken cancellationToken) in /_/src/MySqlConnector/MySqlConnection.cs:line 1109
   at MySqlConnector.MySqlConnection.OpenAsync(Nullable`1 ioBehavior, CancellationToken cancellationToken) in /_/src/MySqlConnector/MySqlConnection.cs:line 567
   at Microsoft.EntityFrameworkCore.Storage.RelationalConnection.OpenInternalAsync(Boolean errorsExpected, CancellationToken cancellationToken)
   at Microsoft.EntityFrameworkCore.Storage.RelationalConnection.OpenInternalAsync(Boolean errorsExpected, CancellationToken cancellationToken)
   at Microsoft.EntityFrameworkCore.Storage.RelationalConnection.OpenAsync(CancellationToken cancellationToken, Boolean errorsExpected)
   at Pomelo.EntityFrameworkCore.MySql.Storage.Internal.MySqlRelationalConnection.OpenAsync(CancellationToken cancellationToken, Boolean errorsExpected)
   at Microsoft.EntityFrameworkCore.Storage.RelationalCommand.ExecuteReaderAsync(RelationalCommandParameterObject parameterObject, CancellationToken cancellationToken)
   at Microsoft.EntityFrameworkCore.Query.Internal.SingleQueryingEnumerable`1.AsyncEnumerator.InitializeReaderAsync(AsyncEnumerator enumerator, CancellationToken cancellationToken)
   at Pomelo.EntityFrameworkCore.MySql.Storage.Internal.MySqlExecutionStrategy.ExecuteAsync[TState,TResult](TState state, Func`4 operation, Func`4 verifySucceeded, CancellationToken cancellationToken)
   --- End of inner exception stack trace ---
   at Pomelo.EntityFrameworkCore.MySql.Storage.Internal.MySqlExecutionStrategy.ExecuteAsync[TState,TResult](TState state, Func`4 operation, Func`4 verifySucceeded, CancellationToken cancellationToken)
   at Microsoft.EntityFrameworkCore.Query.Internal.SingleQueryingEnumerable`1.AsyncEnumerator.MoveNextAsync()
System.InvalidOperationException: An exception has been raised that is likely due to a transient failure. Consider enabling transient error resiliency by adding 'EnableRetryOnFailure()' to the 'UseMySql' call.
 ---> MySqlConnector.MySqlException (0x80004005): Connect Timeout expired.
   at MySqlConnector.MySqlConnection.CreateSessionAsync(ConnectionPool pool, Int64 startingTimestamp, Activity activity, Nullable`1 ioBehavior, CancellationToken cancellationToken) in /_/src/MySqlConnector/MySqlConnection.cs:line 1109
   at MySqlConnector.MySqlConnection.OpenAsync(Nullable`1 ioBehavior, CancellationToken cancellationToken) in /_/src/MySqlConnector/MySqlConnection.cs:line 567
   at Microsoft.EntityFrameworkCore.Storage.RelationalConnection.OpenInternalAsync(Boolean errorsExpected, CancellationToken cancellationToken)
   at Microsoft.EntityFrameworkCore.Storage.RelationalConnection.OpenInternalAsync(Boolean errorsExpected, CancellationToken cancellationToken)
   at Microsoft.EntityFrameworkCore.Storage.RelationalConnection.OpenAsync(CancellationToken cancellationToken, Boolean errorsExpected)
   at Pomelo.EntityFrameworkCore.MySql.Storage.Internal.MySqlRelationalConnection.OpenAsync(CancellationToken cancellationToken, Boolean errorsExpected)
   at Microsoft.EntityFrameworkCore.Storage.RelationalCommand.ExecuteReaderAsync(RelationalCommandParameterObject parameterObject, CancellationToken cancellationToken)
   at Microsoft.EntityFrameworkCore.Query.Internal.SingleQueryingEnumerable`1.AsyncEnumerator.InitializeReaderAsync(AsyncEnumerator enumerator, CancellationToken cancellationToken)
   at Pomelo.EntityFrameworkCore.MySql.Storage.Internal.MySqlExecutionStrategy.ExecuteAsync[TState,TResult](TState state, Func`4 operation, Func`4 verifySucceeded, CancellationToken cancellationToken)
   --- End of inner exception stack trace ---
   at Pomelo.EntityFrameworkCore.MySql.Storage.Internal.MySqlExecutionStrategy.ExecuteAsync[TState,TResult](TState state, Func`4 operation, Func`4 verifySucceeded, CancellationToken cancellationToken)
   at Microsoft.EntityFrameworkCore.Query.Internal.SingleQueryingEnumerable`1.AsyncEnumerator.MoveNextAsync()
2026-09-02 11:18:58.972 +01:00 [FTL] PharMarket terminated unexpectedly
System.InvalidOperationException: An exception has been raised that is likely due to a transient failure. Consider enabling transient error resiliency by adding 'EnableRetryOnFailure()' to the 'UseMySql' call.
 ---> MySqlConnector.MySqlException (0x80004005): Connect Timeout expired.
   at MySqlConnector.MySqlConnection.CreateSessionAsync(ConnectionPool pool, Int64 startingTimestamp, Activity activity, Nullable`1 ioBehavior, CancellationToken cancellationToken) in /_/src/MySqlConnector/MySqlConnection.cs:line 1109
   at MySqlConnector.MySqlConnection.OpenAsync(Nullable`1 ioBehavior, CancellationToken cancellationToken) in /_/src/MySqlConnector/MySqlConnection.cs:line 567
   at Microsoft.EntityFrameworkCore.Storage.RelationalConnection.OpenInternalAsync(Boolean errorsExpected, CancellationToken cancellationToken)
   at Microsoft.EntityFrameworkCore.Storage.RelationalConnection.OpenInternalAsync(Boolean errorsExpected, CancellationToken cancellationToken)
   at Microsoft.EntityFrameworkCore.Storage.RelationalConnection.OpenAsync(CancellationToken cancellationToken, Boolean errorsExpected)
   at Pomelo.EntityFrameworkCore.MySql.Storage.Internal.MySqlRelationalConnection.OpenAsync(CancellationToken cancellationToken, Boolean errorsExpected)
   at Microsoft.EntityFrameworkCore.Storage.RelationalCommand.ExecuteReaderAsync(RelationalCommandParameterObject parameterObject, CancellationToken cancellationToken)
   at Microsoft.EntityFrameworkCore.Query.Internal.SingleQueryingEnumerable`1.AsyncEnumerator.InitializeReaderAsync(AsyncEnumerator enumerator, CancellationToken cancellationToken)
   at Pomelo.EntityFrameworkCore.MySql.Storage.Internal.MySqlExecutionStrategy.ExecuteAsync[TState,TResult](TState state, Func`4 operation, Func`4 verifySucceeded, CancellationToken cancellationToken)
   --- End of inner exception stack trace ---
   at Pomelo.EntityFrameworkCore.MySql.Storage.Internal.MySqlExecutionStrategy.ExecuteAsync[TState,TResult](TState state, Func`4 operation, Func`4 verifySucceeded, CancellationToken cancellationToken)
   at Microsoft.EntityFrameworkCore.Query.Internal.SingleQueryingEnumerable`1.AsyncEnumerator.MoveNextAsync()
   at Microsoft.EntityFrameworkCore.Query.ShapedQueryCompilingExpressionVisitor.SingleAsync[TSource](IAsyncEnumerable`1 asyncEnumerable, CancellationToken cancellationToken)
   at Microsoft.EntityFrameworkCore.Query.ShapedQueryCompilingExpressionVisitor.SingleAsync[TSource](IAsyncEnumerable`1 asyncEnumerable, CancellationToken cancellationToken)
   at PharMarket.Services.AuthService.SeedAdminAsync() in C:\Users\USER\Desktop\Matright\Services\AuthService.cs:line 96
   at Program.<Main>$(String[] args) in C:\Users\USER\Desktop\Matright\Program.cs:line 55
[2026-09-02 11:23:27.973] [INF] Starting PharMarket application
[2026-09-02 11:23:30.373] [WRN] Entity 'Supplier' has a global query filter defined and is the required end of a relationship with the entity 'Purchase'. This may lead to unexpected results when the required entity is filtered out. Either configure the navigation as optional, or define matching query filters for both entities in the navigation. See https://go.microsoft.com/fwlink/?linkid=2131316 for more information.
[2026-09-02 11:23:32.880] [WRN] Entity 'Product' has a global query filter defined and is the required end of a relationship with the entity 'PurchaseItem'. This may lead to unexpected results when the required entity is filtered out. Either configure the navigation as optional, or define matching query filters for both entities in the navigation. See https://go.microsoft.com/fwlink/?linkid=2131316 for more information.
[2026-09-02 11:23:33.000] [WRN] Entity 'Product' has a global query filter defined and is the required end of a relationship with the entity 'SaleItem'. This may lead to unexpected results when the required entity is filtered out. Either configure the navigation as optional, or define matching query filters for both entities in the navigation. See https://go.microsoft.com/fwlink/?linkid=2131316 for more information.
[2026-09-02 11:23:33.457] [WRN] Entity 'Product' has a global query filter defined and is the required end of a relationship with the entity 'Stock'. This may lead to unexpected results when the required entity is filtered out. Either configure the navigation as optional, or define matching query filters for both entities in the navigation. See https://go.microsoft.com/fwlink/?linkid=2131316 for more information.
[2026-09-02 11:24:50.423] [INF] PharMarket is ready on 
[2026-09-02 11:25:35.068] [INF] HTTP GET / started. RequestId: ce4edfd9-a9a5-4599-94b9-55efdf042143
[2026-09-02 11:25:35.081] [WRN] Failed to determine the https port for redirect.
[2026-09-02 11:26:35.778] [INF] HTTP GET / completed 200 in 60714ms. RequestId: ce4edfd9-a9a5-4599-94b9-55efdf042143
[2026-09-02 11:26:36.149] [INF] HTTP GET /js/templatemo-catalyst-script.js started. RequestId: ca110178-6285-4a2a-aaa0-d50cdcef3440
[2026-09-02 11:26:36.210] [INF] HTTP GET /css/templatemo-catalyst-style.css started. RequestId: 4d29594e-90ef-4925-b3a0-296ed258e1b4
[2026-09-02 11:26:38.108] [INF] HTTP GET /js/templatemo-catalyst-script.js completed 200 in 1958ms. RequestId: ca110178-6285-4a2a-aaa0-d50cdcef3440
[2026-09-02 11:26:38.149] [INF] HTTP GET /css/templatemo-catalyst-style.css completed 200 in 1938ms. RequestId: 4d29594e-90ef-4925-b3a0-296ed258e1b4
[2026-09-02 11:26:47.223] [INF] HTTP GET /Account/Login started. RequestId: 94bfb3ec-8230-48f0-b6b9-22b47a0f26f8
[2026-09-02 11:26:49.724] [INF] HTTP GET /Account/Login completed 200 in 2501ms. RequestId: 94bfb3ec-8230-48f0-b6b9-22b47a0f26f8
[2026-09-02 11:27:08.702] [INF] HTTP POST /Account/Login started. RequestId: 152b94ce-e582-4820-8a36-e0851f12a1e0
[2026-09-02 11:27:23.500] [INF] HTTP POST /Account/Login completed 302 in 14798ms. RequestId: 152b94ce-e582-4820-8a36-e0851f12a1e0
[2026-09-02 11:27:23.630] [INF] HTTP GET /Home started. RequestId: d148a289-5f82-46cc-8862-6584913297fc
[2026-09-02 11:28:06.847] [INF] HTTP GET /Home completed 200 in 43216ms. RequestId: d148a289-5f82-46cc-8862-6584913297fc
[2026-09-02 11:28:06.958] [INF] HTTP GET /css/app.css started. RequestId: f1c2f08c-cbc8-4acd-9ddb-28ac1f0deb56
[2026-09-02 11:28:06.963] [INF] HTTP GET /css/app.css completed 200 in 5ms. RequestId: f1c2f08c-cbc8-4acd-9ddb-28ac1f0deb56
[2026-09-02 11:28:07.040] [INF] HTTP GET /js/app.js started. RequestId: cb5536fa-c48a-4618-bebf-e307bc7d4fc7
[2026-09-02 11:28:07.045] [INF] HTTP GET /js/app.js completed 200 in 4ms. RequestId: cb5536fa-c48a-4618-bebf-e307bc7d4fc7
[2026-09-02 11:28:15.193] [INF] HTTP GET /Users started. RequestId: 3a090bae-628a-49d2-bb68-fe2994c237ed
[2026-09-02 11:28:16.416] [INF] HTTP GET /Users completed 200 in 1222ms. RequestId: 3a090bae-628a-49d2-bb68-fe2994c237ed
[2026-09-02 11:28:19.871] [INF] HTTP GET /Users/RevealPassword/3 started. RequestId: a75b19b8-aace-48bd-8906-a2bb790386e9
[2026-09-02 11:28:19.895] [INF] HTTP GET /Users/Details/3 started. RequestId: 095951bf-de41-40e6-ae32-aaf701657b56
[2026-09-02 11:28:20.238] [INF] HTTP GET /Users/Details/3 completed 200 in 343ms. RequestId: 095951bf-de41-40e6-ae32-aaf701657b56
[2026-09-02 11:28:21.727] [INF] HTTP GET /Users/RevealPassword/3 completed 200 in 1855ms. RequestId: a75b19b8-aace-48bd-8906-a2bb790386e9
[2026-09-02 11:28:23.067] [INF] HTTP GET /Users/RevealPassword/3 started. RequestId: 601dba1b-8b6e-4fc1-b9da-e8213a2786d8
[2026-09-02 11:28:23.081] [INF] HTTP GET /Users/RevealPassword/3 completed 200 in 13ms. RequestId: 601dba1b-8b6e-4fc1-b9da-e8213a2786d8
[2026-09-02 11:28:45.597] [INF] HTTP POST /Account/Logout started. RequestId: 442c3b8d-d25b-4fed-83f6-e78f13508e49
[2026-09-02 11:28:45.633] [INF] HTTP POST /Account/Logout completed 302 in 35ms. RequestId: 442c3b8d-d25b-4fed-83f6-e78f13508e49
[2026-09-02 11:28:45.656] [INF] HTTP GET /Account/Login started. RequestId: 0b12332c-1588-44cf-a758-3b568909dfe9
[2026-09-02 11:28:45.662] [INF] HTTP GET /Account/Login completed 200 in 6ms. RequestId: 0b12332c-1588-44cf-a758-3b568909dfe9
[2026-09-02 11:28:58.404] [INF] HTTP POST /Account/Login started. RequestId: 21cb071a-db4b-49d5-a667-8c8b6e397421
[2026-09-02 11:28:58.429] [INF] HTTP POST /Account/Login completed 200 in 25ms. RequestId: 21cb071a-db4b-49d5-a667-8c8b6e397421
