2026-07-17 02:05:17.040 +01:00 [INF] Starting PharMarket application
2026-07-17 02:06:09.934 +01:00 [WRN] Entity 'Supplier' has a global query filter defined and is the required end of a relationship with the entity 'Purchase'. This may lead to unexpected results when the required entity is filtered out. Either configure the navigation as optional, or define matching query filters for both entities in the navigation. See https://go.microsoft.com/fwlink/?linkid=2131316 for more information.
2026-07-17 02:06:10.672 +01:00 [WRN] Entity 'Product' has a global query filter defined and is the required end of a relationship with the entity 'PurchaseItem'. This may lead to unexpected results when the required entity is filtered out. Either configure the navigation as optional, or define matching query filters for both entities in the navigation. See https://go.microsoft.com/fwlink/?linkid=2131316 for more information.
2026-07-17 02:06:11.376 +01:00 [WRN] Entity 'Product' has a global query filter defined and is the required end of a relationship with the entity 'SaleItem'. This may lead to unexpected results when the required entity is filtered out. Either configure the navigation as optional, or define matching query filters for both entities in the navigation. See https://go.microsoft.com/fwlink/?linkid=2131316 for more information.
2026-07-17 02:06:11.386 +01:00 [WRN] Entity 'Product' has a global query filter defined and is the required end of a relationship with the entity 'Stock'. This may lead to unexpected results when the required entity is filtered out. Either configure the navigation as optional, or define matching query filters for both entities in the navigation. See https://go.microsoft.com/fwlink/?linkid=2131316 for more information.
2026-07-17 02:06:59.121 +01:00 [INF] PharMarket is ready on 
2026-07-17 02:07:06.864 +01:00 [INF] HTTP GET / started. RequestId: 783b96d3-8b2c-4131-b3b8-841e5b097056
2026-07-17 02:07:06.917 +01:00 [WRN] Failed to determine the https port for redirect.
2026-07-17 02:07:11.388 +01:00 [INF] HTTP GET / completed 200 in 4528ms. RequestId: 783b96d3-8b2c-4131-b3b8-841e5b097056
2026-07-17 02:07:11.605 +01:00 [INF] HTTP GET /css/templatemo-catalyst-style.css started. RequestId: 26c085e8-f131-432f-a827-5eae3fe0fa57
2026-07-17 02:07:11.649 +01:00 [INF] HTTP GET /js/templatemo-catalyst-script.js started. RequestId: 30d3172a-f480-4166-bee6-3b37932a23a5
2026-07-17 02:07:11.934 +01:00 [INF] HTTP GET /js/templatemo-catalyst-script.js completed 304 in 284ms. RequestId: 30d3172a-f480-4166-bee6-3b37932a23a5
2026-07-17 02:07:11.934 +01:00 [INF] HTTP GET /css/templatemo-catalyst-style.css completed 304 in 328ms. RequestId: 26c085e8-f131-432f-a827-5eae3fe0fa57
2026-07-17 02:07:19.337 +01:00 [INF] HTTP GET /favicon.ico started. RequestId: 99523a59-2bc3-4d89-8065-8fd14352b026
2026-07-17 02:07:20.276 +01:00 [INF] HTTP GET /favicon.ico completed 200 in 939ms. RequestId: 99523a59-2bc3-4d89-8065-8fd14352b026
2026-07-17 02:07:39.150 +01:00 [INF] HTTP GET /Account/Register started. RequestId: 63c3cf5a-3f82-4979-b362-d5292d058fbf
2026-07-17 02:07:40.340 +01:00 [INF] HTTP GET /Account/Register completed 200 in 1190ms. RequestId: 63c3cf5a-3f82-4979-b362-d5292d058fbf
2026-07-17 02:07:47.124 +01:00 [INF] HTTP GET /Account/Login started. RequestId: cad67946-4f59-4b56-9e79-69e0e77fa1f9
2026-07-17 02:07:47.311 +01:00 [INF] HTTP GET /Account/Login completed 200 in 187ms. RequestId: cad67946-4f59-4b56-9e79-69e0e77fa1f9
2026-07-17 02:07:49.507 +01:00 [INF] HTTP POST /Account/Login started. RequestId: 282e0018-aa8d-4821-bc2f-75a4f9793f0b
2026-07-17 02:07:50.495 +01:00 [INF] HTTP POST /Account/Login completed 200 in 988ms. RequestId: 282e0018-aa8d-4821-bc2f-75a4f9793f0b
2026-07-17 02:07:53.244 +01:00 [INF] HTTP GET /Account/Register started. RequestId: 76db364b-b3f4-4462-8ea6-9bac9ab0162b
2026-07-17 02:07:53.257 +01:00 [INF] HTTP GET /Account/Register completed 200 in 12ms. RequestId: 76db364b-b3f4-4462-8ea6-9bac9ab0162b
2026-07-17 02:08:00.888 +01:00 [INF] HTTP POST /Account/Register started. RequestId: 2530b5f6-0dc7-4f6c-ba5f-f79a6360e337
2026-07-17 02:08:01.229 +01:00 [INF] HTTP POST /Account/Register completed 302 in 341ms. RequestId: 2530b5f6-0dc7-4f6c-ba5f-f79a6360e337
2026-07-17 02:08:01.238 +01:00 [INF] HTTP GET /Account/Login started. RequestId: 56aa2974-62ff-4ab0-8262-55776f794188
2026-07-17 02:08:01.248 +01:00 [INF] HTTP GET /Account/Login completed 200 in 9ms. RequestId: 56aa2974-62ff-4ab0-8262-55776f794188
2026-07-17 02:08:03.580 +01:00 [INF] HTTP POST /Account/Login started. RequestId: 8c127e24-e97d-4f81-979d-f575355780da
2026-07-17 02:08:04.255 +01:00 [INF] HTTP POST /Account/Login completed 302 in 674ms. RequestId: 8c127e24-e97d-4f81-979d-f575355780da
2026-07-17 02:08:04.264 +01:00 [INF] HTTP GET /Home started. RequestId: c65c41ac-66ba-4722-9e03-004a1e4e9e99
2026-07-17 02:08:04.289 +01:00 [INF] HTTP GET /Home completed 302 in 24ms. RequestId: c65c41ac-66ba-4722-9e03-004a1e4e9e99
2026-07-17 02:08:04.299 +01:00 [INF] HTTP GET /Store/Setup started. RequestId: d7b77aff-b66c-485e-a796-9128736ade32
2026-07-17 02:08:04.772 +01:00 [INF] HTTP GET /Store/Setup completed 200 in 472ms. RequestId: d7b77aff-b66c-485e-a796-9128736ade32
2026-07-17 02:08:04.791 +01:00 [INF] HTTP GET /css/app.css started. RequestId: 61694202-deb1-45f2-b6b8-4a745db2136a
2026-07-17 02:08:04.843 +01:00 [INF] HTTP GET /css/app.css completed 200 in 51ms. RequestId: 61694202-deb1-45f2-b6b8-4a745db2136a
2026-07-17 02:08:41.311 +01:00 [INF] HTTP POST /Store/Setup started. RequestId: a30f840e-4356-4043-94b8-faee39bd9600
2026-07-17 02:08:42.487 +01:00 [INF] HTTP POST /Store/Setup completed 302 in 1175ms. RequestId: a30f840e-4356-4043-94b8-faee39bd9600
2026-07-17 02:08:42.512 +01:00 [INF] HTTP GET /Home started. RequestId: 00dc9df9-ef1f-48e6-9325-dcef74d3062f
2026-07-17 02:08:44.506 +01:00 [INF] HTTP GET /Home completed 200 in 1994ms. RequestId: 00dc9df9-ef1f-48e6-9325-dcef74d3062f
2026-07-17 02:09:30.174 +01:00 [INF] HTTP GET /Products started. RequestId: 80c66dc9-4e28-4da1-a51c-1c6bd1964e9f
2026-07-17 02:09:30.684 +01:00 [INF] HTTP GET /Products completed 200 in 510ms. RequestId: 80c66dc9-4e28-4da1-a51c-1c6bd1964e9f
2026-07-17 02:09:34.974 +01:00 [INF] HTTP GET /Products/Create started. RequestId: 002af905-1db2-4e43-bf81-44bc83b85146
2026-07-17 02:09:36.196 +01:00 [INF] HTTP GET /Products/Create completed 200 in 1222ms. RequestId: 002af905-1db2-4e43-bf81-44bc83b85146
2026-07-17 02:10:01.089 +01:00 [INF] HTTP POST /Products/Create started. RequestId: 153a850c-65d6-49eb-a76f-bc138d88011e
2026-07-17 02:10:01.169 +01:00 [INF] HTTP POST /Products/Create completed 200 in 80ms. RequestId: 153a850c-65d6-49eb-a76f-bc138d88011e
2026-07-17 02:10:08.175 +01:00 [INF] HTTP GET /Stock started. RequestId: 6762bc31-2814-4d5e-b6e6-a81755a60986
2026-07-17 02:10:08.251 +01:00 [INF] HTTP GET /Stock completed 200 in 75ms. RequestId: 6762bc31-2814-4d5e-b6e6-a81755a60986
2026-07-17 02:10:10.452 +01:00 [INF] HTTP GET /Purchases started. RequestId: 3d130352-3864-445d-9b83-5aef08c29b0b
2026-07-17 02:10:10.587 +01:00 [INF] HTTP GET /Purchases completed 200 in 135ms. RequestId: 3d130352-3864-445d-9b83-5aef08c29b0b
2026-07-17 02:10:15.770 +01:00 [INF] HTTP GET /Purchases/Create started. RequestId: 637d745b-746b-44b3-a1b9-c5238e9c24bb
2026-07-17 02:10:15.899 +01:00 [INF] HTTP GET /Purchases/Create completed 200 in 129ms. RequestId: 637d745b-746b-44b3-a1b9-c5238e9c24bb
2026-07-17 02:10:25.921 +01:00 [INF] HTTP GET /Suppliers started. RequestId: e05e849e-28fe-4e70-945a-cb7e3f1e6cc4
2026-07-17 02:10:26.084 +01:00 [INF] HTTP GET /Suppliers completed 200 in 162ms. RequestId: e05e849e-28fe-4e70-945a-cb7e3f1e6cc4
2026-07-17 02:10:30.448 +01:00 [INF] HTTP GET /Expenses started. RequestId: d7b6bf4b-3ad0-4246-bfe2-ed83c1279982
2026-07-17 02:10:30.574 +01:00 [INF] HTTP GET /Expenses completed 200 in 126ms. RequestId: d7b6bf4b-3ad0-4246-bfe2-ed83c1279982
2026-07-17 02:10:34.677 +01:00 [INF] HTTP GET /Transactions started. RequestId: f5e0827d-8264-48b7-8e15-85fd8fa49736
2026-07-17 02:10:34.740 +01:00 [INF] HTTP GET /Transactions completed 200 in 63ms. RequestId: f5e0827d-8264-48b7-8e15-85fd8fa49736
2026-07-17 02:10:36.807 +01:00 [INF] HTTP GET /Reports/Sales started. RequestId: edb2e557-5ed3-4476-a9bf-ca36ccc578ab
2026-07-17 02:10:36.948 +01:00 [INF] HTTP GET /Reports/Sales completed 200 in 141ms. RequestId: edb2e557-5ed3-4476-a9bf-ca36ccc578ab
2026-07-17 02:10:39.307 +01:00 [INF] HTTP GET /Users started. RequestId: baf6522a-2bfc-4178-86d8-769f7eb33590
2026-07-17 02:10:39.680 +01:00 [INF] HTTP GET /Users completed 200 in 373ms. RequestId: baf6522a-2bfc-4178-86d8-769f7eb33590
2026-07-17 02:10:52.333 +01:00 [INF] HTTP GET /Users/Create started. RequestId: 9f3d82c9-ae25-44bb-aada-6cfdbb4d3ee3
2026-07-17 02:10:52.452 +01:00 [INF] HTTP GET /Users/Create completed 200 in 118ms. RequestId: 9f3d82c9-ae25-44bb-aada-6cfdbb4d3ee3
2026-07-17 02:10:58.194 +01:00 [INF] HTTP GET /Sales/POS started. RequestId: 5e227074-d680-4442-9dfa-7d0c92b185ea
2026-07-17 02:10:58.281 +01:00 [INF] HTTP GET /Sales/POS completed 200 in 86ms. RequestId: 5e227074-d680-4442-9dfa-7d0c92b185ea
2026-07-17 02:11:02.156 +01:00 [INF] HTTP GET / started. RequestId: 26c49ea5-3ecc-4fff-bfe6-b18c5534f169
2026-07-17 02:11:02.169 +01:00 [INF] HTTP GET / completed 302 in 13ms. RequestId: 26c49ea5-3ecc-4fff-bfe6-b18c5534f169
2026-07-17 02:11:02.191 +01:00 [INF] HTTP GET /Home started. RequestId: c182d474-544e-412b-84a0-244a40953cb7
2026-07-17 02:11:02.245 +01:00 [INF] HTTP GET /Home completed 200 in 54ms. RequestId: c182d474-544e-412b-84a0-244a40953cb7
2026-07-17 02:14:52.236 +01:00 [INF] HTTP GET /.well-known/appspecific/com.chrome.devtools.json started. RequestId: 80db5dce-5b6f-4120-a91b-3add81f6bdd4
2026-07-17 02:14:52.241 +01:00 [INF] HTTP GET /.well-known/appspecific/com.chrome.devtools.json completed 404 in 4ms. RequestId: 80db5dce-5b6f-4120-a91b-3add81f6bdd4
2026-07-17 02:15:58.601 +01:00 [INF] HTTP GET / started. RequestId: 08a40acd-ae71-4543-9579-7c74f5b149b1
2026-07-17 02:15:58.609 +01:00 [INF] HTTP GET / completed 302 in 7ms. RequestId: 08a40acd-ae71-4543-9579-7c74f5b149b1
2026-07-17 02:15:58.631 +01:00 [INF] HTTP GET /Home started. RequestId: 724a7f34-7497-49a8-a0eb-bc2ed5c4361f
2026-07-17 02:15:59.569 +01:00 [INF] HTTP GET /Home completed 200 in 937ms. RequestId: 724a7f34-7497-49a8-a0eb-bc2ed5c4361f
2026-07-17 02:16:18.091 +01:00 [INF] HTTP POST /Account/Logout started. RequestId: a3c0d323-92e1-4f59-b944-4d8c6314594c
2026-07-17 02:16:18.110 +01:00 [INF] HTTP POST /Account/Logout completed 302 in 18ms. RequestId: a3c0d323-92e1-4f59-b944-4d8c6314594c
2026-07-17 02:16:18.122 +01:00 [INF] HTTP GET /Account/Login started. RequestId: 5b0e6527-46fc-45e3-85ae-3718de351a8c
2026-07-17 02:16:18.128 +01:00 [INF] HTTP GET /Account/Login completed 200 in 6ms. RequestId: 5b0e6527-46fc-45e3-85ae-3718de351a8c
2026-07-17 02:16:22.525 +01:00 [INF] HTTP GET / started. RequestId: d7f0e76d-5fea-4158-9567-e39f19fe2f0b
2026-07-17 02:16:22.540 +01:00 [INF] HTTP GET / completed 200 in 15ms. RequestId: d7f0e76d-5fea-4158-9567-e39f19fe2f0b
2026-07-17 02:17:42.576 +01:00 [INF] HTTP GET /Suppliers started. RequestId: be9a814e-a28b-4eb7-9eaf-d7174a760e14
2026-07-17 02:17:42.590 +01:00 [INF] HTTP GET /Suppliers completed 302 in 14ms. RequestId: be9a814e-a28b-4eb7-9eaf-d7174a760e14
2026-07-17 02:17:42.602 +01:00 [INF] HTTP GET /Account/Login started. RequestId: c6b38511-5c21-42c1-a6cf-8e24ee19b823
2026-07-17 02:17:42.842 +01:00 [INF] HTTP GET /Account/Login completed 200 in 240ms. RequestId: c6b38511-5c21-42c1-a6cf-8e24ee19b823
2026-07-17 02:17:46.684 +01:00 [INF] HTTP POST /Account/Login started. RequestId: 31efcc84-0bc7-4e01-988b-e2db907b29c9
2026-07-17 02:17:46.694 +01:00 [INF] HTTP POST /Account/Login completed 302 in 9ms. RequestId: 31efcc84-0bc7-4e01-988b-e2db907b29c9
2026-07-17 02:17:46.704 +01:00 [INF] HTTP GET /Suppliers started. RequestId: e06d47aa-3083-40d6-9d0d-5a4d385b6b7d
2026-07-17 02:17:46.718 +01:00 [INF] HTTP GET /Suppliers completed 200 in 14ms. RequestId: e06d47aa-3083-40d6-9d0d-5a4d385b6b7d
2026-07-17 02:17:51.039 +01:00 [INF] HTTP GET /Suppliers/Create started. RequestId: 6480393b-52b8-4165-9e7a-0c00420e4843
2026-07-17 02:17:51.080 +01:00 [INF] HTTP GET /Suppliers/Create completed 200 in 40ms. RequestId: 6480393b-52b8-4165-9e7a-0c00420e4843
2026-07-17 02:18:08.214 +01:00 [INF] HTTP POST /Suppliers/Create started. RequestId: f275ee3d-3d5d-4c46-b406-bceb8cf23fc0
2026-07-17 02:18:08.957 +01:00 [INF] HTTP POST /Suppliers/Create completed 302 in 742ms. RequestId: f275ee3d-3d5d-4c46-b406-bceb8cf23fc0
2026-07-17 02:18:08.968 +01:00 [INF] HTTP GET /Suppliers started. RequestId: 0d9820cf-f012-417c-80b0-9aff90c05640
2026-07-17 02:18:08.982 +01:00 [INF] HTTP GET /Suppliers completed 200 in 13ms. RequestId: 0d9820cf-f012-417c-80b0-9aff90c05640
2026-07-17 02:18:22.070 +01:00 [INF] HTTP GET /Products started. RequestId: 44f9c3b0-4b1b-447a-adc8-63a0097c890e
2026-07-17 02:18:22.096 +01:00 [INF] HTTP GET /Products completed 200 in 26ms. RequestId: 44f9c3b0-4b1b-447a-adc8-63a0097c890e
2026-07-17 02:18:25.499 +01:00 [INF] HTTP GET /Products/Create started. RequestId: d159816a-d9e0-4f5c-8003-d29e9d055966
2026-07-17 02:18:25.514 +01:00 [INF] HTTP GET /Products/Create completed 200 in 15ms. RequestId: d159816a-d9e0-4f5c-8003-d29e9d055966
2026-07-17 02:18:37.066 +01:00 [INF] HTTP GET /Suppliers started. RequestId: 26433a72-d62c-4f07-98cd-925544854f4b
2026-07-17 02:18:37.090 +01:00 [INF] HTTP GET /Suppliers completed 200 in 24ms. RequestId: 26433a72-d62c-4f07-98cd-925544854f4b
2026-07-17 02:18:39.814 +01:00 [INF] HTTP GET /Suppliers/Details/1 started. RequestId: e1a86725-ae2b-4a34-ac0c-ae525b56f415
2026-07-17 02:18:40.077 +01:00 [INF] HTTP GET /Suppliers/Details/1 completed 200 in 263ms. RequestId: e1a86725-ae2b-4a34-ac0c-ae525b56f415
2026-07-17 02:18:44.877 +01:00 [INF] HTTP GET /Products started. RequestId: d3fc895d-36c4-4a94-b724-c8674c4b0229
2026-07-17 02:18:44.900 +01:00 [INF] HTTP GET /Products completed 200 in 23ms. RequestId: d3fc895d-36c4-4a94-b724-c8674c4b0229
2026-07-17 02:18:57.205 +01:00 [INF] HTTP GET /Products/Create started. RequestId: 70a71863-7dca-493d-b553-1ae6688034f0
2026-07-17 02:18:57.228 +01:00 [INF] HTTP GET /Products/Create completed 200 in 24ms. RequestId: 70a71863-7dca-493d-b553-1ae6688034f0
2026-07-17 02:19:34.832 +01:00 [INF] HTTP POST /Products/Create started. RequestId: d2974727-74e3-4eb3-b600-ebbcf2564811
2026-07-17 02:19:34.871 +01:00 [INF] HTTP POST /Products/Create completed 200 in 38ms. RequestId: d2974727-74e3-4eb3-b600-ebbcf2564811
2026-07-17 02:22:06.567 +01:00 [INF] HTTP GET /Products started. RequestId: a366ae80-f709-4000-9e4a-86b2456f5c99
2026-07-17 02:22:06.635 +01:00 [INF] HTTP GET /Products completed 200 in 67ms. RequestId: a366ae80-f709-4000-9e4a-86b2456f5c99
2026-07-17 02:22:06.652 +01:00 [INF] HTTP GET /css/app.css started. RequestId: 5e1c5af3-92fb-4903-9d8c-a1e6c81a299e
2026-07-17 02:22:06.714 +01:00 [INF] HTTP GET /css/app.css completed 304 in 62ms. RequestId: 5e1c5af3-92fb-4903-9d8c-a1e6c81a299e
2026-07-17 02:22:17.002 +01:00 [INF] HTTP GET /Stock started. RequestId: 4a495d9c-6105-467c-be27-94f96091e702
2026-07-17 02:22:17.024 +01:00 [INF] HTTP GET /Stock completed 200 in 21ms. RequestId: 4a495d9c-6105-467c-be27-94f96091e702
2026-07-17 02:22:23.414 +01:00 [INF] HTTP GET /Purchases started. RequestId: 577edcb3-51d2-4894-98ef-f922d370e7ea
2026-07-17 02:22:23.449 +01:00 [INF] HTTP GET /Purchases completed 200 in 34ms. RequestId: 577edcb3-51d2-4894-98ef-f922d370e7ea
2026-07-17 02:22:28.397 +01:00 [INF] HTTP GET /Purchases/Create started. RequestId: 41ff4cc7-de1a-437b-adff-936f9a5c06e5
2026-07-17 02:22:28.415 +01:00 [INF] HTTP GET /Purchases/Create completed 200 in 17ms. RequestId: 41ff4cc7-de1a-437b-adff-936f9a5c06e5
2026-07-17 02:24:11.470 +01:00 [INF] HTTP GET /Expenses started. RequestId: 254d05f5-814e-40b6-8351-026775649157
2026-07-17 02:24:11.507 +01:00 [INF] HTTP GET /Expenses completed 200 in 37ms. RequestId: 254d05f5-814e-40b6-8351-026775649157
2026-07-17 02:24:15.337 +01:00 [INF] HTTP GET /Products started. RequestId: 2bcd6baf-04f0-4116-8da2-5a1be494e57b
2026-07-17 02:24:15.388 +01:00 [INF] HTTP GET /Products completed 200 in 51ms. RequestId: 2bcd6baf-04f0-4116-8da2-5a1be494e57b
2026-07-17 02:24:18.897 +01:00 [INF] HTTP GET /Purchases started. RequestId: 75e6e9c0-baad-4c38-a9ab-1d70c8c25a87
2026-07-17 02:24:18.916 +01:00 [INF] HTTP GET /Purchases completed 200 in 18ms. RequestId: 75e6e9c0-baad-4c38-a9ab-1d70c8c25a87
2026-07-17 02:24:20.149 +01:00 [INF] HTTP GET /Suppliers started. RequestId: d2de5673-9ec1-4ed6-9ba5-aa6e1714893f
2026-07-17 02:24:20.159 +01:00 [INF] HTTP GET /Suppliers completed 200 in 10ms. RequestId: d2de5673-9ec1-4ed6-9ba5-aa6e1714893f
2026-07-17 02:24:23.045 +01:00 [INF] HTTP GET /Purchases started. RequestId: f0417931-d0e6-44cd-b2c7-635f5cbeebc7
2026-07-17 02:24:23.057 +01:00 [INF] HTTP GET /Purchases completed 200 in 11ms. RequestId: f0417931-d0e6-44cd-b2c7-635f5cbeebc7
2026-07-17 02:25:04.725 +01:00 [INF] HTTP GET /.well-known/appspecific/com.chrome.devtools.json started. RequestId: 2a2104ef-236b-41c4-9b9e-a41659d8d634
2026-07-17 02:25:04.747 +01:00 [INF] HTTP GET /.well-known/appspecific/com.chrome.devtools.json completed 404 in 22ms. RequestId: 2a2104ef-236b-41c4-9b9e-a41659d8d634
2026-07-17 02:25:56.779 +01:00 [INF] HTTP GET / started. RequestId: e62eebda-484c-4b2f-a688-da026e74cb27
2026-07-17 02:25:56.855 +01:00 [INF] HTTP GET / completed 302 in 75ms. RequestId: e62eebda-484c-4b2f-a688-da026e74cb27
2026-07-17 02:25:56.907 +01:00 [INF] HTTP GET /Home started. RequestId: 0817a10e-f10e-4050-8ffc-740ea1b2b15f
2026-07-17 02:25:57.238 +01:00 [INF] HTTP GET /.well-known/appspecific/com.chrome.devtools.json started. RequestId: 67f47d7a-6e85-4614-9bfb-4d3e1abedf89
2026-07-17 02:25:57.131 +01:00 [INF] HTTP GET /Home completed 200 in 224ms. RequestId: 0817a10e-f10e-4050-8ffc-740ea1b2b15f
2026-07-17 02:25:57.385 +01:00 [INF] HTTP GET /.well-known/appspecific/com.chrome.devtools.json completed 404 in 147ms. RequestId: 67f47d7a-6e85-4614-9bfb-4d3e1abedf89
2026-07-17 02:26:16.104 +01:00 [INF] HTTP GET / started. RequestId: 8c0d89a2-6b18-4077-8fb0-8dde58901fe5
2026-07-17 02:26:16.161 +01:00 [INF] HTTP GET / completed 302 in 57ms. RequestId: 8c0d89a2-6b18-4077-8fb0-8dde58901fe5
2026-07-17 02:26:16.176 +01:00 [INF] HTTP GET /Home started. RequestId: 672c5c95-34b2-48f0-9175-397aa5112982
2026-07-17 02:26:16.214 +01:00 [INF] HTTP GET /Home completed 200 in 37ms. RequestId: 672c5c95-34b2-48f0-9175-397aa5112982
2026-07-17 02:26:16.309 +01:00 [INF] HTTP GET /.well-known/appspecific/com.chrome.devtools.json started. RequestId: 8fe2f128-4901-4626-b9be-f7394ca49df3
2026-07-17 02:26:17.112 +01:00 [INF] HTTP GET /.well-known/appspecific/com.chrome.devtools.json completed 404 in 803ms. RequestId: 8fe2f128-4901-4626-b9be-f7394ca49df3
[2026-07-17 02:46:38.601] [INF] Starting PharMarket application
[2026-07-17 02:48:52.930] [WRN] Entity 'Supplier' has a global query filter defined and is the required end of a relationship with the entity 'Purchase'. This may lead to unexpected results when the required entity is filtered out. Either configure the navigation as optional, or define matching query filters for both entities in the navigation. See https://go.microsoft.com/fwlink/?linkid=2131316 for more information.
[2026-07-17 02:48:52.937] [WRN] Entity 'Product' has a global query filter defined and is the required end of a relationship with the entity 'PurchaseItem'. This may lead to unexpected results when the required entity is filtered out. Either configure the navigation as optional, or define matching query filters for both entities in the navigation. See https://go.microsoft.com/fwlink/?linkid=2131316 for more information.
[2026-07-17 02:48:52.942] [WRN] Entity 'Product' has a global query filter defined and is the required end of a relationship with the entity 'SaleItem'. This may lead to unexpected results when the required entity is filtered out. Either configure the navigation as optional, or define matching query filters for both entities in the navigation. See https://go.microsoft.com/fwlink/?linkid=2131316 for more information.
[2026-07-17 02:48:52.946] [WRN] Entity 'Product' has a global query filter defined and is the required end of a relationship with the entity 'Stock'. This may lead to unexpected results when the required entity is filtered out. Either configure the navigation as optional, or define matching query filters for both entities in the navigation. See https://go.microsoft.com/fwlink/?linkid=2131316 for more information.
[2026-07-17 02:49:28.713] [INF] PharMarket is ready on 
[2026-07-17 02:50:21.877] [INF] HTTP GET / started. RequestId: b016393c-daeb-4cf9-9901-dd151f34d819
[2026-07-17 02:50:21.977] [WRN] Failed to determine the https port for redirect.
[2026-07-17 02:50:26.901] [INF] HTTP GET / completed 302 in 5028ms. RequestId: b016393c-daeb-4cf9-9901-dd151f34d819
[2026-07-17 02:50:27.122] [INF] HTTP GET /Home started. RequestId: 60e83080-a454-4e35-a716-7f6917e6b2f9
[2026-07-17 02:50:36.524] [INF] HTTP GET /Home completed 200 in 9401ms. RequestId: 60e83080-a454-4e35-a716-7f6917e6b2f9
[2026-07-17 02:50:36.717] [INF] HTTP GET /css/app.css started. RequestId: 16de35fa-4449-41dd-9647-054b89ba9447
[2026-07-17 02:50:36.730] [INF] HTTP GET /js/app.js started. RequestId: 35b6c774-b405-4de9-aadd-3c538cf0b219
[2026-07-17 02:50:37.017] [INF] HTTP GET /js/app.js completed 304 in 287ms. RequestId: 35b6c774-b405-4de9-aadd-3c538cf0b219
[2026-07-17 02:50:37.070] [INF] HTTP GET /css/app.css completed 304 in 352ms. RequestId: 16de35fa-4449-41dd-9647-054b89ba9447
[2026-07-17 02:50:58.107] [INF] HTTP GET / started. RequestId: 53bdafe0-5e1c-48a1-ae24-fdc9f974d234
[2026-07-17 02:50:58.423] [INF] HTTP GET / completed 302 in 317ms. RequestId: 53bdafe0-5e1c-48a1-ae24-fdc9f974d234
[2026-07-17 02:50:58.684] [INF] HTTP GET /Home started. RequestId: 1bba097b-1768-46fd-9e1b-4dab921adb6b
[2026-07-17 02:50:59.128] [INF] HTTP GET /Home completed 200 in 443ms. RequestId: 1bba097b-1768-46fd-9e1b-4dab921adb6b
[2026-07-17 02:52:01.900] [INF] HTTP GET / started. RequestId: 03978323-76c6-4b8b-a0f2-71f56d5a4c44
[2026-07-17 02:52:01.921] [INF] HTTP GET / completed 302 in 21ms. RequestId: 03978323-76c6-4b8b-a0f2-71f56d5a4c44
[2026-07-17 02:52:01.943] [INF] HTTP GET /Home started. RequestId: 68e01d97-2384-4ed2-af5f-2f35961ff043
[2026-07-17 02:52:02.409] [INF] HTTP GET /Home completed 200 in 466ms. RequestId: 68e01d97-2384-4ed2-af5f-2f35961ff043
[2026-07-17 02:52:05.581] [INF] HTTP POST /Account/Logout started. RequestId: ffb3e017-c131-4768-a28a-a873e50ceaab
[2026-07-17 02:52:06.318] [INF] HTTP POST /Account/Logout completed 302 in 736ms. RequestId: ffb3e017-c131-4768-a28a-a873e50ceaab
[2026-07-17 02:52:06.327] [INF] HTTP GET /Account/Login started. RequestId: 5f0f26a5-5898-4502-8464-5d4a4cd3e3b0
[2026-07-17 02:52:07.324] [INF] HTTP GET /Account/Login completed 200 in 997ms. RequestId: 5f0f26a5-5898-4502-8464-5d4a4cd3e3b0
[2026-07-17 02:52:15.343] [INF] HTTP GET / started. RequestId: 97f48388-5c5e-4b67-91b7-01309459d0bd
[2026-07-17 02:52:17.120] [INF] HTTP GET / completed 200 in 1777ms. RequestId: 97f48388-5c5e-4b67-91b7-01309459d0bd
[2026-07-17 02:52:17.269] [INF] HTTP GET /js/templatemo-catalyst-script.js started. RequestId: 02f59588-6901-4d0a-8e74-5c6e11351d26
[2026-07-17 02:52:17.275] [INF] HTTP GET /js/templatemo-catalyst-script.js completed 304 in 5ms. RequestId: 02f59588-6901-4d0a-8e74-5c6e11351d26
[2026-07-17 02:52:25.134] [INF] HTTP GET /Account/Login started. RequestId: 785dc55a-f0a6-437c-8dd9-9a8f6fdb8a76
[2026-07-17 02:52:25.147] [INF] HTTP GET /Account/Login completed 200 in 12ms. RequestId: 785dc55a-f0a6-437c-8dd9-9a8f6fdb8a76
[2026-07-17 02:52:27.472] [INF] HTTP POST /Account/Login started. RequestId: 70481611-1e23-4de0-8928-b6981ca086ff
[2026-07-17 02:52:38.034] [INF] HTTP POST /Account/Login completed 302 in 10561ms. RequestId: 70481611-1e23-4de0-8928-b6981ca086ff
[2026-07-17 02:52:38.043] [INF] HTTP GET /Home started. RequestId: 4fceb2f4-c4eb-4928-af8f-f1a70cec7787
[2026-07-17 02:52:38.200] [INF] HTTP GET /Home completed 200 in 156ms. RequestId: 4fceb2f4-c4eb-4928-af8f-f1a70cec7787
[2026-07-17 02:52:56.807] [INF] HTTP GET /Products started. RequestId: 8b93ce2a-4153-4ef5-b8e2-ef28b4a126ed
[2026-07-17 02:53:00.955] [INF] HTTP GET /Products completed 200 in 4148ms. RequestId: 8b93ce2a-4153-4ef5-b8e2-ef28b4a126ed
[2026-07-17 02:53:02.993] [INF] HTTP GET /Products/Create started. RequestId: 34f68f46-1f5d-4c45-8141-8b9bcf1a265e
[2026-07-17 02:53:05.754] [INF] HTTP GET /Products/Create completed 200 in 2761ms. RequestId: 34f68f46-1f5d-4c45-8141-8b9bcf1a265e
[2026-07-17 02:53:42.275] [INF] HTTP POST /Products/Create started. RequestId: 786bfaaf-aa57-49a4-90a8-fe7238d278aa
[2026-07-17 02:53:47.366] [INF] HTTP POST /Products/Create completed 302 in 5091ms. RequestId: 786bfaaf-aa57-49a4-90a8-fe7238d278aa
[2026-07-17 02:53:47.376] [INF] HTTP GET /Products started. RequestId: 0ededc55-04b4-42fd-a286-58920ea03061
[2026-07-17 02:53:47.820] [INF] HTTP GET /Products completed 200 in 444ms. RequestId: 0ededc55-04b4-42fd-a286-58920ea03061
[2026-07-17 02:54:00.639] [INF] HTTP GET /Products/Create started. RequestId: f7042924-cb09-45e4-b1a1-52ca7843e38a
[2026-07-17 02:54:00.663] [INF] HTTP GET /Products/Create completed 200 in 23ms. RequestId: f7042924-cb09-45e4-b1a1-52ca7843e38a
[2026-07-17 02:54:35.936] [INF] HTTP POST /Products/Create started. RequestId: e6a228c5-be75-4f7f-8359-f8b1db0dd721
[2026-07-17 02:54:42.997] [ERR] Failed executing DbCommand (6,363ms) [Parameters=[@p0='?' (Size = 100), @p1='?' (DbType = Int32), @p2='?' (DbType = Decimal), @p3='?' (DbType = DateTime), @p4='?' (Size = 1000), @p5='?' (Size = 500), @p6='?' (DbType = Boolean), @p7='?' (DbType = Boolean), @p8='?' (DbType = Int32), @p9='?' (Size = 200), @p10='?' (DbType = Decimal), @p11='?' (DbType = Int32), @p12='?' (DbType = Int32), @p13='?' (DbType = Decimal), @p14='?' (DbType = DateTime)], CommandType='"Text"', CommandTimeout='30']
INSERT INTO `Products` (`Barcode`, `CategoryId`, `CostPrice`, `CreatedAt`, `Description`, `ImageUrl`, `IsActive`, `IsDeleted`, `MinimumStock`, `Name`, `SalesPrice`, `StoreId`, `SupplierId`, `TaxRate`, `UpdatedAt`)
VALUES (@p0, @p1, @p2, @p3, @p4, @p5, @p6, @p7, @p8, @p9, @p10, @p11, @p12, @p13, @p14);
SELECT `Id`
FROM `Products`
WHERE ROW_COUNT() = 1 AND `Id` = LAST_INSERT_ID();
[2026-07-17 02:54:51.580] [INF] HTTP POST /Notifications/MarkAllRead started. RequestId: a5a1569f-f876-4aaa-bbae-b8724b8288d2
[2026-07-17 02:54:51.601] [INF] HTTP POST /Notifications/MarkAllRead completed 200 in 20ms. RequestId: a5a1569f-f876-4aaa-bbae-b8724b8288d2
[2026-07-17 02:54:51.617] [INF] HTTP GET /Notifications/GetUnread started. RequestId: f5c762a1-aa01-4dd0-a7a9-79d8e71aee9c
[2026-07-17 02:54:53.901] [INF] HTTP GET /Notifications/GetUnread completed 200 in 2283ms. RequestId: f5c762a1-aa01-4dd0-a7a9-79d8e71aee9c
[2026-07-17 02:54:56.396] [ERR] An exception occurred in the database while saving changes for context type 'PharMarket.Data.AppDbContext'.
Microsoft.EntityFrameworkCore.DbUpdateException: An error occurred while saving the entity changes. See the inner exception for details.
 ---> MySqlConnector.MySqlException (0x80004005): Duplicate entry '394068439093' for key 'products.IX_Products_Barcode'
   at MySqlConnector.Core.ServerSession.ReceiveReplyAsync(IOBehavior ioBehavior, CancellationToken cancellationToken) in /_/src/MySqlConnector/Core/ServerSession.cs:line 1081
   at MySqlConnector.Core.ResultSet.ReadResultSetHeaderAsync(IOBehavior ioBehavior) in /_/src/MySqlConnector/Core/ResultSet.cs:line 37
   at MySqlConnector.MySqlDataReader.ActivateResultSet(CancellationToken cancellationToken) in /_/src/MySqlConnector/MySqlDataReader.cs:line 131
   at MySqlConnector.MySqlDataReader.InitAsync(CommandListPosition commandListPosition, ICommandPayloadCreator payloadCreator, IDictionary`2 cachedProcedures, IMySqlCommand command, CommandBehavior behavior, Activity activity, IOBehavior ioBehavior, CancellationToken cancellationToken) in /_/src/MySqlConnector/MySqlDataReader.cs:line 487
   at MySqlConnector.Core.CommandExecutor.ExecuteReaderAsync(CommandListPosition commandListPosition, ICommandPayloadCreator payloadCreator, CommandBehavior behavior, Activity activity, IOBehavior ioBehavior, CancellationToken cancellationToken) in /_/src/MySqlConnector/Core/CommandExecutor.cs:line 56
   at MySqlConnector.MySqlCommand.ExecuteReaderAsync(CommandBehavior behavior, IOBehavior ioBehavior, CancellationToken cancellationToken) in /_/src/MySqlConnector/MySqlCommand.cs:line 357
   at MySqlConnector.MySqlCommand.ExecuteDbDataReaderAsync(CommandBehavior behavior, CancellationToken cancellationToken) in /_/src/MySqlConnector/MySqlCommand.cs:line 350
   at Microsoft.EntityFrameworkCore.Storage.RelationalCommand.ExecuteReaderAsync(RelationalCommandParameterObject parameterObject, CancellationToken cancellationToken)
   at Microsoft.EntityFrameworkCore.Storage.RelationalCommand.ExecuteReaderAsync(RelationalCommandParameterObject parameterObject, CancellationToken cancellationToken)
   at Microsoft.EntityFrameworkCore.Update.ReaderModificationCommandBatch.ExecuteAsync(IRelationalConnection connection, CancellationToken cancellationToken)
   --- End of inner exception stack trace ---
   at Microsoft.EntityFrameworkCore.Update.ReaderModificationCommandBatch.ExecuteAsync(IRelationalConnection connection, CancellationToken cancellationToken)
   at Microsoft.EntityFrameworkCore.Update.Internal.BatchExecutor.ExecuteAsync(IEnumerable`1 commandBatches, IRelationalConnection connection, CancellationToken cancellationToken)
   at Microsoft.EntityFrameworkCore.Update.Internal.BatchExecutor.ExecuteAsync(IEnumerable`1 commandBatches, IRelationalConnection connection, CancellationToken cancellationToken)
   at Microsoft.EntityFrameworkCore.Update.Internal.BatchExecutor.ExecuteAsync(IEnumerable`1 commandBatches, IRelationalConnection connection, CancellationToken cancellationToken)
   at Microsoft.EntityFrameworkCore.Storage.RelationalDatabase.SaveChangesAsync(IList`1 entries, CancellationToken cancellationToken)
   at Microsoft.EntityFrameworkCore.ChangeTracking.Internal.StateManager.SaveChangesAsync(IList`1 entriesToSave, CancellationToken cancellationToken)
   at Microsoft.EntityFrameworkCore.ChangeTracking.Internal.StateManager.SaveChangesAsync(StateManager stateManager, Boolean acceptAllChangesOnSuccess, CancellationToken cancellationToken)
   at Pomelo.EntityFrameworkCore.MySql.Storage.Internal.MySqlExecutionStrategy.ExecuteAsync[TState,TResult](TState state, Func`4 operation, Func`4 verifySucceeded, CancellationToken cancellationToken)
   at Microsoft.EntityFrameworkCore.DbContext.SaveChangesAsync(Boolean acceptAllChangesOnSuccess, CancellationToken cancellationToken)
Microsoft.EntityFrameworkCore.DbUpdateException: An error occurred while saving the entity changes. See the inner exception for details.
 ---> MySqlConnector.MySqlException (0x80004005): Duplicate entry '394068439093' for key 'products.IX_Products_Barcode'
   at MySqlConnector.Core.ServerSession.ReceiveReplyAsync(IOBehavior ioBehavior, CancellationToken cancellationToken) in /_/src/MySqlConnector/Core/ServerSession.cs:line 1081
   at MySqlConnector.Core.ResultSet.ReadResultSetHeaderAsync(IOBehavior ioBehavior) in /_/src/MySqlConnector/Core/ResultSet.cs:line 37
   at MySqlConnector.MySqlDataReader.ActivateResultSet(CancellationToken cancellationToken) in /_/src/MySqlConnector/MySqlDataReader.cs:line 131
   at MySqlConnector.MySqlDataReader.InitAsync(CommandListPosition commandListPosition, ICommandPayloadCreator payloadCreator, IDictionary`2 cachedProcedures, IMySqlCommand command, CommandBehavior behavior, Activity activity, IOBehavior ioBehavior, CancellationToken cancellationToken) in /_/src/MySqlConnector/MySqlDataReader.cs:line 487
   at MySqlConnector.Core.CommandExecutor.ExecuteReaderAsync(CommandListPosition commandListPosition, ICommandPayloadCreator payloadCreator, CommandBehavior behavior, Activity activity, IOBehavior ioBehavior, CancellationToken cancellationToken) in /_/src/MySqlConnector/Core/CommandExecutor.cs:line 56
   at MySqlConnector.MySqlCommand.ExecuteReaderAsync(CommandBehavior behavior, IOBehavior ioBehavior, CancellationToken cancellationToken) in /_/src/MySqlConnector/MySqlCommand.cs:line 357
   at MySqlConnector.MySqlCommand.ExecuteDbDataReaderAsync(CommandBehavior behavior, CancellationToken cancellationToken) in /_/src/MySqlConnector/MySqlCommand.cs:line 350
   at Microsoft.EntityFrameworkCore.Storage.RelationalCommand.ExecuteReaderAsync(RelationalCommandParameterObject parameterObject, CancellationToken cancellationToken)
   at Microsoft.EntityFrameworkCore.Storage.RelationalCommand.ExecuteReaderAsync(RelationalCommandParameterObject parameterObject, CancellationToken cancellationToken)
   at Microsoft.EntityFrameworkCore.Update.ReaderModificationCommandBatch.ExecuteAsync(IRelationalConnection connection, CancellationToken cancellationToken)
   --- End of inner exception stack trace ---
   at Microsoft.EntityFrameworkCore.Update.ReaderModificationCommandBatch.ExecuteAsync(IRelationalConnection connection, CancellationToken cancellationToken)
   at Microsoft.EntityFrameworkCore.Update.Internal.BatchExecutor.ExecuteAsync(IEnumerable`1 commandBatches, IRelationalConnection connection, CancellationToken cancellationToken)
   at Microsoft.EntityFrameworkCore.Update.Internal.BatchExecutor.ExecuteAsync(IEnumerable`1 commandBatches, IRelationalConnection connection, CancellationToken cancellationToken)
   at Microsoft.EntityFrameworkCore.Update.Internal.BatchExecutor.ExecuteAsync(IEnumerable`1 commandBatches, IRelationalConnection connection, CancellationToken cancellationToken)
   at Microsoft.EntityFrameworkCore.Storage.RelationalDatabase.SaveChangesAsync(IList`1 entries, CancellationToken cancellationToken)
   at Microsoft.EntityFrameworkCore.ChangeTracking.Internal.StateManager.SaveChangesAsync(IList`1 entriesToSave, CancellationToken cancellationToken)
   at Microsoft.EntityFrameworkCore.ChangeTracking.Internal.StateManager.SaveChangesAsync(StateManager stateManager, Boolean acceptAllChangesOnSuccess, CancellationToken cancellationToken)
   at Pomelo.EntityFrameworkCore.MySql.Storage.Internal.MySqlExecutionStrategy.ExecuteAsync[TState,TResult](TState state, Func`4 operation, Func`4 verifySucceeded, CancellationToken cancellationToken)
   at Microsoft.EntityFrameworkCore.DbContext.SaveChangesAsync(Boolean acceptAllChangesOnSuccess, CancellationToken cancellationToken)
[2026-07-17 02:54:58.365] [INF] HTTP POST /Products/Create completed 200 in 22428ms. RequestId: e6a228c5-be75-4f7f-8359-f8b1db0dd721
[2026-07-17 02:54:58.372] [ERR] An unhandled exception occurred. Request: POST /Products/Create
Microsoft.EntityFrameworkCore.DbUpdateException: An error occurred while saving the entity changes. See the inner exception for details.
 ---> MySqlConnector.MySqlException (0x80004005): Duplicate entry '394068439093' for key 'products.IX_Products_Barcode'
   at MySqlConnector.Core.ServerSession.ReceiveReplyAsync(IOBehavior ioBehavior, CancellationToken cancellationToken) in /_/src/MySqlConnector/Core/ServerSession.cs:line 1081
   at MySqlConnector.Core.ResultSet.ReadResultSetHeaderAsync(IOBehavior ioBehavior) in /_/src/MySqlConnector/Core/ResultSet.cs:line 37
   at MySqlConnector.MySqlDataReader.ActivateResultSet(CancellationToken cancellationToken) in /_/src/MySqlConnector/MySqlDataReader.cs:line 131
   at MySqlConnector.MySqlDataReader.InitAsync(CommandListPosition commandListPosition, ICommandPayloadCreator payloadCreator, IDictionary`2 cachedProcedures, IMySqlCommand command, CommandBehavior behavior, Activity activity, IOBehavior ioBehavior, CancellationToken cancellationToken) in /_/src/MySqlConnector/MySqlDataReader.cs:line 487
   at MySqlConnector.Core.CommandExecutor.ExecuteReaderAsync(CommandListPosition commandListPosition, ICommandPayloadCreator payloadCreator, CommandBehavior behavior, Activity activity, IOBehavior ioBehavior, CancellationToken cancellationToken) in /_/src/MySqlConnector/Core/CommandExecutor.cs:line 56
   at MySqlConnector.MySqlCommand.ExecuteReaderAsync(CommandBehavior behavior, IOBehavior ioBehavior, CancellationToken cancellationToken) in /_/src/MySqlConnector/MySqlCommand.cs:line 357
   at MySqlConnector.MySqlCommand.ExecuteDbDataReaderAsync(CommandBehavior behavior, CancellationToken cancellationToken) in /_/src/MySqlConnector/MySqlCommand.cs:line 350
   at Microsoft.EntityFrameworkCore.Storage.RelationalCommand.ExecuteReaderAsync(RelationalCommandParameterObject parameterObject, CancellationToken cancellationToken)
   at Microsoft.EntityFrameworkCore.Storage.RelationalCommand.ExecuteReaderAsync(RelationalCommandParameterObject parameterObject, CancellationToken cancellationToken)
   at Microsoft.EntityFrameworkCore.Update.ReaderModificationCommandBatch.ExecuteAsync(IRelationalConnection connection, CancellationToken cancellationToken)
   --- End of inner exception stack trace ---
   at Microsoft.EntityFrameworkCore.Update.ReaderModificationCommandBatch.ExecuteAsync(IRelationalConnection connection, CancellationToken cancellationToken)
   at Microsoft.EntityFrameworkCore.Update.Internal.BatchExecutor.ExecuteAsync(IEnumerable`1 commandBatches, IRelationalConnection connection, CancellationToken cancellationToken)
   at Microsoft.EntityFrameworkCore.Update.Internal.BatchExecutor.ExecuteAsync(IEnumerable`1 commandBatches, IRelationalConnection connection, CancellationToken cancellationToken)
   at Microsoft.EntityFrameworkCore.Update.Internal.BatchExecutor.ExecuteAsync(IEnumerable`1 commandBatches, IRelationalConnection connection, CancellationToken cancellationToken)
   at Microsoft.EntityFrameworkCore.Storage.RelationalDatabase.SaveChangesAsync(IList`1 entries, CancellationToken cancellationToken)
   at Microsoft.EntityFrameworkCore.ChangeTracking.Internal.StateManager.SaveChangesAsync(IList`1 entriesToSave, CancellationToken cancellationToken)
   at Microsoft.EntityFrameworkCore.ChangeTracking.Internal.StateManager.SaveChangesAsync(StateManager stateManager, Boolean acceptAllChangesOnSuccess, CancellationToken cancellationToken)
   at Pomelo.EntityFrameworkCore.MySql.Storage.Internal.MySqlExecutionStrategy.ExecuteAsync[TState,TResult](TState state, Func`4 operation, Func`4 verifySucceeded, CancellationToken cancellationToken)
   at Microsoft.EntityFrameworkCore.DbContext.SaveChangesAsync(Boolean acceptAllChangesOnSuccess, CancellationToken cancellationToken)
   at Microsoft.EntityFrameworkCore.DbContext.SaveChangesAsync(Boolean acceptAllChangesOnSuccess, CancellationToken cancellationToken)
   at PharMarket.Services.ProductService.CreateProductAsync(ProductViewModel model, Int32 storeId) in C:\Users\USER\Desktop\PharMarket\Services\ProductService.cs:line 104
   at PharMarket.Controllers.ProductsController.Create(ProductViewModel model) in C:\Users\USER\Desktop\PharMarket\Controllers\ProductsController.cs:line 79
   at Microsoft.AspNetCore.Mvc.Infrastructure.ActionMethodExecutor.TaskOfIActionResultExecutor.Execute(ActionContext actionContext, IActionResultTypeMapper mapper, ObjectMethodExecutor executor, Object controller, Object[] arguments)
   at Microsoft.AspNetCore.Mvc.Infrastructure.ControllerActionInvoker.<InvokeActionMethodAsync>g__Awaited|12_0(ControllerActionInvoker invoker, ValueTask`1 actionResultValueTask)
   at Microsoft.AspNetCore.Mvc.Infrastructure.ControllerActionInvoker.<InvokeNextActionFilterAsync>g__Awaited|10_0(ControllerActionInvoker invoker, Task lastTask, State next, Scope scope, Object state, Boolean isCompleted)
   at Microsoft.AspNetCore.Mvc.Infrastructure.ControllerActionInvoker.Rethrow(ActionExecutedContextSealed context)
   at Microsoft.AspNetCore.Mvc.Infrastructure.ControllerActionInvoker.Next(State& next, Scope& scope, Object& state, Boolean& isCompleted)
   at Microsoft.AspNetCore.Mvc.Infrastructure.ControllerActionInvoker.<InvokeInnerFilterAsync>g__Awaited|13_0(ControllerActionInvoker invoker, Task lastTask, State next, Scope scope, Object state, Boolean isCompleted)
   at Microsoft.AspNetCore.Mvc.Infrastructure.ResourceInvoker.<InvokeNextResourceFilter>g__Awaited|25_0(ResourceInvoker invoker, Task lastTask, State next, Scope scope, Object state, Boolean isCompleted)
   at Microsoft.AspNetCore.Mvc.Infrastructure.ResourceInvoker.Rethrow(ResourceExecutedContextSealed context)
   at Microsoft.AspNetCore.Mvc.Infrastructure.ResourceInvoker.Next(State& next, Scope& scope, Object& state, Boolean& isCompleted)
   at Microsoft.AspNetCore.Mvc.Infrastructure.ResourceInvoker.<InvokeFilterPipelineAsync>g__Awaited|20_0(ResourceInvoker invoker, Task lastTask, State next, Scope scope, Object state, Boolean isCompleted)
   at Microsoft.AspNetCore.Mvc.Infrastructure.ResourceInvoker.<InvokeAsync>g__Awaited|17_0(ResourceInvoker invoker, Task task, IDisposable scope)
   at Microsoft.AspNetCore.Mvc.Infrastructure.ResourceInvoker.<InvokeAsync>g__Awaited|17_0(ResourceInvoker invoker, Task task, IDisposable scope)
   at Microsoft.AspNetCore.Authorization.AuthorizationMiddleware.Invoke(HttpContext context)
   at Microsoft.AspNetCore.Authentication.AuthenticationMiddleware.Invoke(HttpContext context)
   at PharMarket.Middleware.RequestLoggingMiddleware.InvokeAsync(HttpContext context) in C:\Users\USER\Desktop\PharMarket\Middleware\RequestLoggingMiddleware.cs:line 28
   at PharMarket.Middleware.GlobalExceptionMiddleware.InvokeAsync(HttpContext context) in C:\Users\USER\Desktop\PharMarket\Middleware\GlobalExceptionMiddleware.cs:line 22
[2026-07-17 02:55:00.046] [INF] HTTP GET /Suppliers started. RequestId: f9b7e978-2b2c-4849-b6fa-a607406c4efa
[2026-07-17 02:55:05.977] [INF] HTTP GET /Purchases started. RequestId: 3fae611d-f02a-492b-b39f-e43cef48343b
[2026-07-17 02:55:06.387] [INF] HTTP GET /Suppliers completed 200 in 6341ms. RequestId: f9b7e978-2b2c-4849-b6fa-a607406c4efa
[2026-07-17 02:55:08.434] [INF] HTTP GET /Purchases completed 200 in 2457ms. RequestId: 3fae611d-f02a-492b-b39f-e43cef48343b
