2026-07-16 22:30:32.298 +01:00 [INF] Starting PharMarket application
2026-07-16 22:31:27.733 +01:00 [WRN] Entity 'Supplier' has a global query filter defined and is the required end of a relationship with the entity 'Purchase'. This may lead to unexpected results when the required entity is filtered out. Either configure the navigation as optional, or define matching query filters for both entities in the navigation. See https://go.microsoft.com/fwlink/?linkid=2131316 for more information.
2026-07-16 22:31:27.758 +01:00 [WRN] Entity 'Product' has a global query filter defined and is the required end of a relationship with the entity 'PurchaseItem'. This may lead to unexpected results when the required entity is filtered out. Either configure the navigation as optional, or define matching query filters for both entities in the navigation. See https://go.microsoft.com/fwlink/?linkid=2131316 for more information.
2026-07-16 22:31:27.762 +01:00 [WRN] Entity 'Product' has a global query filter defined and is the required end of a relationship with the entity 'SaleItem'. This may lead to unexpected results when the required entity is filtered out. Either configure the navigation as optional, or define matching query filters for both entities in the navigation. See https://go.microsoft.com/fwlink/?linkid=2131316 for more information.
2026-07-16 22:31:27.766 +01:00 [WRN] Entity 'Product' has a global query filter defined and is the required end of a relationship with the entity 'Stock'. This may lead to unexpected results when the required entity is filtered out. Either configure the navigation as optional, or define matching query filters for both entities in the navigation. See https://go.microsoft.com/fwlink/?linkid=2131316 for more information.
2026-07-16 22:32:01.342 +01:00 [INF] PharMarket is ready on 
2026-07-16 22:33:48.368 +01:00 [INF] HTTP GET / started. RequestId: f2557caa-b877-4159-97a7-1bd92dbd675e
2026-07-16 22:33:48.519 +01:00 [WRN] Failed to determine the https port for redirect.
2026-07-16 22:33:52.114 +01:00 [INF] HTTP GET / started. RequestId: e81a9ebc-d818-4912-8dd7-2c14010dd52f
2026-07-16 22:33:54.189 +01:00 [INF] HTTP GET / completed 200 in 5825ms. RequestId: f2557caa-b877-4159-97a7-1bd92dbd675e
2026-07-16 22:33:54.189 +01:00 [INF] HTTP GET / completed 200 in 2075ms. RequestId: e81a9ebc-d818-4912-8dd7-2c14010dd52f
2026-07-16 22:33:54.357 +01:00 [INF] HTTP GET /js/templatemo-catalyst-script.js started. RequestId: 8e609310-1ede-4669-83e2-049caec2014f
2026-07-16 22:33:54.982 +01:00 [INF] HTTP GET /js/templatemo-catalyst-script.js completed 200 in 625ms. RequestId: 8e609310-1ede-4669-83e2-049caec2014f
2026-07-16 22:35:00.209 +01:00 [INF] HTTP GET /Account/Register started. RequestId: 84172a09-c811-4bff-932d-4328b8963e4d
2026-07-16 22:35:00.579 +01:00 [INF] HTTP GET /Account/Register completed 200 in 369ms. RequestId: 84172a09-c811-4bff-932d-4328b8963e4d
2026-07-16 22:35:26.097 +01:00 [INF] HTTP POST /Account/Register started. RequestId: 4a37b607-9fb3-4c31-90b4-9c51a0af8680
2026-07-16 22:35:35.419 +01:00 [INF] HTTP POST /Account/Register completed 302 in 9322ms. RequestId: 4a37b607-9fb3-4c31-90b4-9c51a0af8680
2026-07-16 22:35:35.475 +01:00 [INF] HTTP GET /Account/Login started. RequestId: ef937f37-04dc-4aa0-a866-cc7762bc52cc
2026-07-16 22:35:36.691 +01:00 [INF] HTTP GET /Account/Login completed 200 in 1215ms. RequestId: ef937f37-04dc-4aa0-a866-cc7762bc52cc
2026-07-16 22:35:46.495 +01:00 [INF] HTTP POST /Account/Login started. RequestId: 5884a0e9-5460-4cd3-a262-69d838c9a575
2026-07-16 22:35:49.792 +01:00 [INF] HTTP POST /Account/Login completed 302 in 3296ms. RequestId: 5884a0e9-5460-4cd3-a262-69d838c9a575
2026-07-16 22:35:49.801 +01:00 [INF] HTTP GET /Home started. RequestId: 17edbc25-7b15-497a-b496-6c229f67e1ee
2026-07-16 22:36:20.664 +01:00 [INF] HTTP GET /Home completed 200 in 30863ms. RequestId: 17edbc25-7b15-497a-b496-6c229f67e1ee
2026-07-16 22:36:20.735 +01:00 [INF] HTTP GET /css/app.css started. RequestId: 6e43c1fc-8272-48bc-9e91-90eed4b29827
2026-07-16 22:36:20.737 +01:00 [INF] HTTP GET /js/app.js started. RequestId: 517245a2-798f-49aa-a7c7-ff9d633c6858
2026-07-16 22:36:20.763 +01:00 [INF] HTTP GET /js/app.js completed 200 in 25ms. RequestId: 517245a2-798f-49aa-a7c7-ff9d633c6858
2026-07-16 22:36:20.763 +01:00 [INF] HTTP GET /css/app.css completed 200 in 27ms. RequestId: 6e43c1fc-8272-48bc-9e91-90eed4b29827
2026-07-16 22:36:33.584 +01:00 [INF] HTTP GET /.well-known/appspecific/com.chrome.devtools.json started. RequestId: f63df27c-5192-477b-9fb1-6c42960b36d6
2026-07-16 22:36:33.615 +01:00 [INF] HTTP GET /.well-known/appspecific/com.chrome.devtools.json completed 404 in 30ms. RequestId: f63df27c-5192-477b-9fb1-6c42960b36d6
2026-07-16 22:37:01.119 +01:00 [INF] HTTP GET /Reports/Sales started. RequestId: 995da631-d7c0-4146-a972-247638497f9f
2026-07-16 22:37:02.721 +01:00 [INF] HTTP GET /Reports/Sales completed 200 in 1602ms. RequestId: 995da631-d7c0-4146-a972-247638497f9f
2026-07-16 22:37:07.065 +01:00 [INF] HTTP GET /Transactions started. RequestId: db8253b4-cd60-466f-b433-095db314f2eb
2026-07-16 22:37:07.627 +01:00 [INF] HTTP GET /Transactions completed 200 in 562ms. RequestId: db8253b4-cd60-466f-b433-095db314f2eb
2026-07-16 22:37:09.883 +01:00 [INF] HTTP GET /Expenses started. RequestId: c2146b8b-7753-46bd-ae4d-dacadab83405
2026-07-16 22:37:10.179 +01:00 [INF] HTTP GET /Expenses completed 200 in 296ms. RequestId: c2146b8b-7753-46bd-ae4d-dacadab83405
2026-07-16 22:37:12.463 +01:00 [INF] HTTP GET /Suppliers started. RequestId: 0a1d16da-6c55-4345-a226-241da372567e
2026-07-16 22:37:14.694 +01:00 [INF] HTTP GET /Expenses started. RequestId: 27113fa7-c13a-4a36-a41b-678c0571b846
2026-07-16 22:37:14.954 +01:00 [INF] HTTP GET /Expenses completed 200 in 260ms. RequestId: 27113fa7-c13a-4a36-a41b-678c0571b846
2026-07-16 22:37:16.128 +01:00 [INF] HTTP GET /Suppliers completed 200 in 3665ms. RequestId: 0a1d16da-6c55-4345-a226-241da372567e
2026-07-16 22:37:17.229 +01:00 [INF] HTTP GET /Expenses/Create started. RequestId: 20949dda-5aaa-40a1-bd83-7c323c502db0
2026-07-16 22:37:18.159 +01:00 [INF] HTTP GET /Expenses/Create completed 200 in 930ms. RequestId: 20949dda-5aaa-40a1-bd83-7c323c502db0
2026-07-16 22:37:18.177 +01:00 [INF] HTTP GET /lib/jquery-validation-unobtrusive/dist/jquery.validate.unobtrusive.min.js started. RequestId: c77b60a0-02f4-4ee2-aecc-dc824dba933e
2026-07-16 22:37:18.177 +01:00 [INF] HTTP GET /lib/jquery-validation/dist/jquery.validate.min.js started. RequestId: dc0f0a76-f5c3-49ac-80eb-6aa2bfd6d042
2026-07-16 22:37:20.614 +01:00 [INF] HTTP GET /Sales/POS started. RequestId: ddd7100d-42d9-47f1-b612-694044e9183d
2026-07-16 22:37:20.821 +01:00 [INF] HTTP GET /Sales/POS completed 200 in 207ms. RequestId: ddd7100d-42d9-47f1-b612-694044e9183d
2026-07-16 22:37:24.812 +01:00 [INF] HTTP GET /lib/jquery-validation-unobtrusive/dist/jquery.validate.unobtrusive.min.js completed 200 in 6634ms. RequestId: c77b60a0-02f4-4ee2-aecc-dc824dba933e
2026-07-16 22:37:28.134 +01:00 [INF] HTTP GET /lib/jquery-validation/dist/jquery.validate.min.js completed 200 in 9957ms. RequestId: dc0f0a76-f5c3-49ac-80eb-6aa2bfd6d042
2026-07-16 22:37:32.891 +01:00 [INF] HTTP GET /Stock started. RequestId: e83a5e3d-2779-407e-a921-d45c34c271d2
2026-07-16 22:37:33.014 +01:00 [INF] HTTP GET /Stock completed 200 in 122ms. RequestId: e83a5e3d-2779-407e-a921-d45c34c271d2
2026-07-16 22:37:36.341 +01:00 [INF] HTTP GET /Stock/Shelf started. RequestId: 73449686-f4d7-4862-8740-6673e3ca4808
2026-07-16 22:37:36.388 +01:00 [INF] HTTP GET /Stock/Shelf completed 200 in 46ms. RequestId: 73449686-f4d7-4862-8740-6673e3ca4808
2026-07-16 22:37:38.883 +01:00 [INF] HTTP GET /Stock started. RequestId: 911f1653-d14a-4e83-a0e3-8f92973c543e
2026-07-16 22:37:38.906 +01:00 [INF] HTTP GET /Stock completed 200 in 22ms. RequestId: 911f1653-d14a-4e83-a0e3-8f92973c543e
2026-07-16 22:37:39.981 +01:00 [INF] HTTP GET /Stock/Store started. RequestId: 5eb38d67-61bb-445c-a3d3-853817a9a81a
2026-07-16 22:37:40.026 +01:00 [INF] HTTP GET /Stock/Store completed 200 in 45ms. RequestId: 5eb38d67-61bb-445c-a3d3-853817a9a81a
2026-07-16 22:37:41.458 +01:00 [INF] HTTP GET /Stock started. RequestId: 3810e0a5-aa30-40b0-bb8c-d5a95b6f96da
2026-07-16 22:37:41.474 +01:00 [INF] HTTP GET /Stock completed 200 in 15ms. RequestId: 3810e0a5-aa30-40b0-bb8c-d5a95b6f96da
2026-07-16 22:37:47.400 +01:00 [INF] HTTP GET /Purchases started. RequestId: 10e758c6-5421-4149-a39c-5192a86a4bbd
2026-07-16 22:37:47.763 +01:00 [INF] HTTP GET /Purchases completed 200 in 363ms. RequestId: 10e758c6-5421-4149-a39c-5192a86a4bbd
2026-07-16 22:37:50.794 +01:00 [INF] HTTP GET /Purchases/Create started. RequestId: 9816950b-c2be-41fb-a3fb-8c649cd3d8cd
2026-07-16 22:37:50.896 +01:00 [INF] HTTP GET /Purchases/Create completed 200 in 101ms. RequestId: 9816950b-c2be-41fb-a3fb-8c649cd3d8cd
2026-07-16 22:37:50.914 +01:00 [INF] HTTP GET /lib/jquery-validation-unobtrusive/dist/jquery.validate.unobtrusive.min.js started. RequestId: 436d759d-cab5-4464-881e-989898cfa191
2026-07-16 22:37:50.914 +01:00 [INF] HTTP GET /lib/jquery-validation/dist/jquery.validate.min.js started. RequestId: 132c405b-be86-4004-b2a3-6c508b0e60de
2026-07-16 22:37:50.959 +01:00 [INF] HTTP GET /lib/jquery-validation-unobtrusive/dist/jquery.validate.unobtrusive.min.js completed 200 in 45ms. RequestId: 436d759d-cab5-4464-881e-989898cfa191
2026-07-16 22:37:50.966 +01:00 [INF] HTTP GET /lib/jquery-validation/dist/jquery.validate.min.js completed 200 in 52ms. RequestId: 132c405b-be86-4004-b2a3-6c508b0e60de
2026-07-16 22:38:12.740 +01:00 [INF] HTTP GET / started. RequestId: 0ebd3ad4-554f-4195-8a29-941f22982aa2
2026-07-16 22:38:12.765 +01:00 [INF] HTTP GET / completed 302 in 25ms. RequestId: 0ebd3ad4-554f-4195-8a29-941f22982aa2
2026-07-16 22:38:12.799 +01:00 [INF] HTTP GET /Home started. RequestId: 07102fea-44ec-4f4a-aeac-19f300be63d4
2026-07-16 22:38:12.867 +01:00 [INF] HTTP GET /Home completed 200 in 67ms. RequestId: 07102fea-44ec-4f4a-aeac-19f300be63d4
2026-07-16 22:38:16.507 +01:00 [INF] HTTP GET /Sales started. RequestId: 272a96c2-42eb-40f3-a008-9c06a6367ee6
2026-07-16 22:38:16.561 +01:00 [INF] HTTP GET /Sales completed 200 in 53ms. RequestId: 272a96c2-42eb-40f3-a008-9c06a6367ee6
2026-07-16 22:38:20.061 +01:00 [INF] HTTP GET /Sales/POS started. RequestId: 60f54868-e7d3-4f39-82c8-0860d58f282a
2026-07-16 22:38:20.535 +01:00 [INF] HTTP GET /Sales/POS completed 200 in 474ms. RequestId: 60f54868-e7d3-4f39-82c8-0860d58f282a
2026-07-16 22:39:10.626 +01:00 [INF] HTTP GET /Sales started. RequestId: b6831e5e-a085-44e1-b68a-971138f44169
2026-07-16 22:39:10.659 +01:00 [INF] HTTP GET /Sales completed 200 in 32ms. RequestId: b6831e5e-a085-44e1-b68a-971138f44169
2026-07-16 22:39:12.452 +01:00 [INF] HTTP GET /Sales/POS started. RequestId: 1b623c0a-327b-4370-a2b7-b1d24c72acb6
2026-07-16 22:39:12.470 +01:00 [INF] HTTP GET /Sales/POS completed 200 in 18ms. RequestId: 1b623c0a-327b-4370-a2b7-b1d24c72acb6
2026-07-16 22:39:21.196 +01:00 [INF] HTTP GET / started. RequestId: 2ba2b309-8bc5-4f16-9065-75d607c8ff09
2026-07-16 22:39:21.207 +01:00 [INF] HTTP GET / completed 302 in 10ms. RequestId: 2ba2b309-8bc5-4f16-9065-75d607c8ff09
2026-07-16 22:39:21.253 +01:00 [INF] HTTP GET /Home started. RequestId: 60f0ded2-0407-483c-ae4e-1fa28a9b1b83
2026-07-16 22:39:21.324 +01:00 [INF] HTTP GET /Home completed 200 in 70ms. RequestId: 60f0ded2-0407-483c-ae4e-1fa28a9b1b83
2026-07-16 22:39:27.735 +01:00 [INF] HTTP POST /Account/Logout started. RequestId: d14a43ab-9032-44a0-9378-e4fe69145518
2026-07-16 22:39:27.752 +01:00 [INF] HTTP POST /Account/Logout completed 302 in 17ms. RequestId: d14a43ab-9032-44a0-9378-e4fe69145518
2026-07-16 22:39:27.776 +01:00 [INF] HTTP GET /Account/Login started. RequestId: f78be5a9-531f-461d-8fd0-12306eeb0d59
2026-07-16 22:39:27.792 +01:00 [INF] HTTP GET /Account/Login completed 200 in 15ms. RequestId: f78be5a9-531f-461d-8fd0-12306eeb0d59
2026-07-16 22:39:30.518 +01:00 [INF] HTTP POST /Account/Login started. RequestId: fe0d20e7-5ca3-4109-b7e2-8e40a3f88741
2026-07-16 22:39:30.530 +01:00 [INF] HTTP POST /Account/Login completed 302 in 11ms. RequestId: fe0d20e7-5ca3-4109-b7e2-8e40a3f88741
2026-07-16 22:39:30.551 +01:00 [INF] HTTP GET /Home started. RequestId: e0e9d256-ba62-4502-8155-7005f2c32cc2
2026-07-16 22:39:31.198 +01:00 [INF] HTTP GET /Home completed 200 in 646ms. RequestId: e0e9d256-ba62-4502-8155-7005f2c32cc2
2026-07-16 22:39:35.609 +01:00 [INF] HTTP GET /Suppliers started. RequestId: 0fd95fc9-9ecf-43a3-b4b9-7f15f5cf2886
2026-07-16 22:39:35.623 +01:00 [INF] HTTP GET /Suppliers completed 200 in 14ms. RequestId: 0fd95fc9-9ecf-43a3-b4b9-7f15f5cf2886
2026-07-16 22:39:37.995 +01:00 [INF] HTTP GET /Expenses started. RequestId: 595ddba0-5012-4a11-979c-835a3f146715
2026-07-16 22:39:38.033 +01:00 [INF] HTTP GET /Expenses completed 200 in 37ms. RequestId: 595ddba0-5012-4a11-979c-835a3f146715
2026-07-16 22:39:39.987 +01:00 [INF] HTTP GET /Transactions started. RequestId: f391ab28-8d2e-4143-a41c-03037d0db653
2026-07-16 22:39:40.006 +01:00 [INF] HTTP GET /Transactions completed 200 in 18ms. RequestId: f391ab28-8d2e-4143-a41c-03037d0db653
2026-07-16 22:39:41.307 +01:00 [INF] HTTP GET /Reports/Sales started. RequestId: 73174858-9153-4759-b5ad-56c6033c847d
2026-07-16 22:39:41.325 +01:00 [INF] HTTP GET /Reports/Sales completed 200 in 18ms. RequestId: 73174858-9153-4759-b5ad-56c6033c847d
2026-07-16 22:40:25.140 +01:00 [INF] HTTP GET / started. RequestId: 66fc848e-b2ab-45a5-8e2b-74d152296b93
2026-07-16 22:40:25.151 +01:00 [INF] HTTP GET / completed 302 in 11ms. RequestId: 66fc848e-b2ab-45a5-8e2b-74d152296b93
2026-07-16 22:40:25.169 +01:00 [INF] HTTP GET /Home started. RequestId: 5c7934b5-8367-43b8-92c3-0bc79a0b2a5b
2026-07-16 22:40:25.197 +01:00 [INF] HTTP GET /Home completed 200 in 27ms. RequestId: 5c7934b5-8367-43b8-92c3-0bc79a0b2a5b
2026-07-16 22:48:17.746 +01:00 [INF] HTTP POST /Account/Logout started. RequestId: e4d4aeb3-0c41-46e5-87d1-a1b11a3b636b
2026-07-16 22:48:17.772 +01:00 [INF] HTTP POST /Account/Logout completed 302 in 25ms. RequestId: e4d4aeb3-0c41-46e5-87d1-a1b11a3b636b
2026-07-16 22:48:17.816 +01:00 [INF] HTTP GET /Account/Login started. RequestId: 419ad62e-947e-4439-a8e8-b572f2326449
2026-07-16 22:48:17.823 +01:00 [INF] HTTP GET /Account/Login completed 200 in 7ms. RequestId: 419ad62e-947e-4439-a8e8-b572f2326449
2026-07-16 22:48:23.781 +01:00 [INF] HTTP GET /Account/Register started. RequestId: ddcd698b-d0d5-4717-8402-109a11e719ca
2026-07-16 22:48:23.801 +01:00 [INF] HTTP GET /Account/Register completed 200 in 19ms. RequestId: ddcd698b-d0d5-4717-8402-109a11e719ca
2026-07-16 22:48:39.581 +01:00 [INF] HTTP GET / started. RequestId: 0e1947b1-a90c-4f64-a0a7-182834d517f3
2026-07-16 22:48:39.593 +01:00 [INF] HTTP GET / completed 200 in 12ms. RequestId: 0e1947b1-a90c-4f64-a0a7-182834d517f3
2026-07-16 22:48:39.835 +01:00 [INF] HTTP GET /js/templatemo-catalyst-script.js started. RequestId: 7ac91b29-f522-4bbd-9523-e45463a799b0
2026-07-16 22:48:39.871 +01:00 [INF] HTTP GET /js/templatemo-catalyst-script.js completed 304 in 36ms. RequestId: 7ac91b29-f522-4bbd-9523-e45463a799b0
