2026-07-20 12:51:19.110 +01:00 [INF] Starting PharMarket application
2026-07-20 12:51:45.402 +01:00 [WRN] Entity 'Supplier' has a global query filter defined and is the required end of a relationship with the entity 'Purchase'. This may lead to unexpected results when the required entity is filtered out. Either configure the navigation as optional, or define matching query filters for both entities in the navigation. See https://go.microsoft.com/fwlink/?linkid=2131316 for more information.
2026-07-20 12:51:45.406 +01:00 [WRN] Entity 'Product' has a global query filter defined and is the required end of a relationship with the entity 'PurchaseItem'. This may lead to unexpected results when the required entity is filtered out. Either configure the navigation as optional, or define matching query filters for both entities in the navigation. See https://go.microsoft.com/fwlink/?linkid=2131316 for more information.
2026-07-20 12:51:45.407 +01:00 [WRN] Entity 'Product' has a global query filter defined and is the required end of a relationship with the entity 'SaleItem'. This may lead to unexpected results when the required entity is filtered out. Either configure the navigation as optional, or define matching query filters for both entities in the navigation. See https://go.microsoft.com/fwlink/?linkid=2131316 for more information.
2026-07-20 12:51:45.408 +01:00 [WRN] Entity 'Product' has a global query filter defined and is the required end of a relationship with the entity 'Stock'. This may lead to unexpected results when the required entity is filtered out. Either configure the navigation as optional, or define matching query filters for both entities in the navigation. See https://go.microsoft.com/fwlink/?linkid=2131316 for more information.
2026-07-20 12:51:53.049 +01:00 [INF] PharMarket is ready on 
2026-07-20 12:52:00.960 +01:00 [INF] HTTP GET / started. RequestId: 40618ed7-7a79-45d8-8755-8ce521e35ba6
2026-07-20 12:52:00.965 +01:00 [WRN] Failed to determine the https port for redirect.
2026-07-20 12:52:04.681 +01:00 [INF] HTTP GET / completed 302 in 3724ms. RequestId: 40618ed7-7a79-45d8-8755-8ce521e35ba6
2026-07-20 12:52:05.116 +01:00 [INF] HTTP GET /Home started. RequestId: 42f89b1b-9d59-4bd4-b08c-ec69af550c3f
2026-07-20 12:52:12.367 +01:00 [INF] HTTP GET /Home completed 200 in 7251ms. RequestId: 42f89b1b-9d59-4bd4-b08c-ec69af550c3f
2026-07-20 12:52:12.624 +01:00 [INF] HTTP GET /js/app.js started. RequestId: 64b45ba5-2d96-4f58-a441-977b26106dbd
2026-07-20 12:52:12.649 +01:00 [INF] HTTP GET /css/app.css started. RequestId: d95cab23-9483-4ba3-9356-c2a2393adc36
2026-07-20 12:52:12.768 +01:00 [INF] HTTP GET /js/app.js completed 200 in 143ms. RequestId: 64b45ba5-2d96-4f58-a441-977b26106dbd
2026-07-20 12:52:12.768 +01:00 [INF] HTTP GET /css/app.css completed 200 in 118ms. RequestId: d95cab23-9483-4ba3-9356-c2a2393adc36
2026-07-20 12:52:23.450 +01:00 [INF] HTTP GET /favicon.ico started. RequestId: 5944d5c4-cef7-44ef-b950-9cdbade83285
2026-07-20 12:52:23.501 +01:00 [INF] HTTP GET /favicon.ico completed 200 in 51ms. RequestId: 5944d5c4-cef7-44ef-b950-9cdbade83285
2026-07-20 12:52:25.380 +01:00 [INF] HTTP POST /Account/Logout started. RequestId: 38a79097-7bc3-4428-b82e-cf276583a916
2026-07-20 12:52:25.528 +01:00 [INF] HTTP POST /Account/Logout completed 302 in 147ms. RequestId: 38a79097-7bc3-4428-b82e-cf276583a916
2026-07-20 12:52:25.559 +01:00 [INF] HTTP GET /Account/Login started. RequestId: f61bb5c9-4700-4482-bbfb-e310ad7c721a
2026-07-20 12:52:25.853 +01:00 [INF] HTTP GET /Account/Login completed 200 in 294ms. RequestId: f61bb5c9-4700-4482-bbfb-e310ad7c721a
2026-07-20 12:52:34.088 +01:00 [INF] HTTP GET / started. RequestId: 73484b49-bd1e-42a6-a266-b6c0b0b5988f
2026-07-20 12:52:36.384 +01:00 [INF] HTTP GET / completed 200 in 2295ms. RequestId: 73484b49-bd1e-42a6-a266-b6c0b0b5988f
2026-07-20 12:52:36.402 +01:00 [INF] HTTP GET /js/templatemo-catalyst-script.js started. RequestId: 80a12fb1-aa76-44c2-8c48-412f0336ce38
2026-07-20 12:52:36.401 +01:00 [INF] HTTP GET /css/templatemo-catalyst-style.css started. RequestId: 80bdc204-0719-4006-ae6f-5db1d0fe72be
2026-07-20 12:52:36.492 +01:00 [INF] HTTP GET /js/templatemo-catalyst-script.js completed 200 in 89ms. RequestId: 80a12fb1-aa76-44c2-8c48-412f0336ce38
2026-07-20 12:52:36.492 +01:00 [INF] HTTP GET /css/templatemo-catalyst-style.css completed 200 in 90ms. RequestId: 80bdc204-0719-4006-ae6f-5db1d0fe72be
2026-07-20 12:52:41.603 +01:00 [INF] HTTP GET /Account/Login started. RequestId: da5aeac8-4679-4047-abcd-abee68921998
2026-07-20 12:52:41.608 +01:00 [INF] HTTP GET /Account/Login completed 200 in 5ms. RequestId: da5aeac8-4679-4047-abcd-abee68921998
2026-07-20 12:52:43.359 +01:00 [INF] HTTP POST /Account/Login started. RequestId: be44e862-aaee-4c7f-8c5d-c51dc1bc194e
2026-07-20 12:52:45.405 +01:00 [INF] HTTP POST /Account/Login completed 302 in 2045ms. RequestId: be44e862-aaee-4c7f-8c5d-c51dc1bc194e
2026-07-20 12:52:45.410 +01:00 [INF] HTTP GET /Home started. RequestId: aa368058-efef-4b47-ae94-57513de9f65f
2026-07-20 12:52:45.438 +01:00 [INF] HTTP GET /Home completed 200 in 27ms. RequestId: aa368058-efef-4b47-ae94-57513de9f65f
2026-07-20 12:52:52.080 +01:00 [INF] HTTP GET /Products started. RequestId: 4cac546e-c2cf-41c4-8e5f-39ade99c040c
2026-07-20 12:52:52.886 +01:00 [INF] HTTP GET /Products completed 200 in 805ms. RequestId: 4cac546e-c2cf-41c4-8e5f-39ade99c040c
2026-07-20 12:52:57.267 +01:00 [INF] HTTP GET /Products/Details/1 started. RequestId: 5966da95-02e9-41ec-90ab-7327779bd882
2026-07-20 12:52:57.553 +01:00 [INF] HTTP GET /Products/Details/1 completed 200 in 285ms. RequestId: 5966da95-02e9-41ec-90ab-7327779bd882
2026-07-20 12:53:01.958 +01:00 [INF] HTTP GET /Products started. RequestId: 5f96d697-8048-41ef-be00-0d080af30e39
2026-07-20 12:53:01.981 +01:00 [INF] HTTP GET /Products completed 200 in 23ms. RequestId: 5f96d697-8048-41ef-be00-0d080af30e39
2026-07-20 12:53:04.302 +01:00 [INF] HTTP GET /Products/Create started. RequestId: 7632ed19-6f97-4a24-a585-79c1cff4761a
2026-07-20 12:53:04.543 +01:00 [INF] HTTP GET /Products/Create completed 200 in 241ms. RequestId: 7632ed19-6f97-4a24-a585-79c1cff4761a
2026-07-20 12:53:04.567 +01:00 [INF] HTTP GET /lib/jquery-validation/dist/jquery.validate.min.js started. RequestId: f2850f1b-95ab-4b4a-9d23-6d432cf775a5
2026-07-20 12:53:04.572 +01:00 [INF] HTTP GET /lib/jquery-validation-unobtrusive/dist/jquery.validate.unobtrusive.min.js started. RequestId: 47ef6071-1a1d-4bce-947e-8ae494e96f43
2026-07-20 12:53:06.074 +01:00 [INF] HTTP GET /lib/jquery-validation-unobtrusive/dist/jquery.validate.unobtrusive.min.js completed 200 in 1502ms. RequestId: 47ef6071-1a1d-4bce-947e-8ae494e96f43
2026-07-20 12:53:06.475 +01:00 [INF] HTTP GET /lib/jquery-validation/dist/jquery.validate.min.js completed 200 in 1908ms. RequestId: f2850f1b-95ab-4b4a-9d23-6d432cf775a5
2026-07-20 12:54:12.850 +01:00 [INF] HTTP POST /Products/Create started. RequestId: f77323aa-f811-4146-85c1-f3089484bd5a
2026-07-20 12:54:14.579 +01:00 [ERR] Failed executing DbCommand (645ms) [Parameters=[@p0='?' (Size = 100), @p1='?' (DbType = Int32), @p2='?' (DbType = Decimal), @p3='?' (DbType = DateTime), @p4='?' (Size = 1000), @p5='?' (DbType = DateTime), @p6='?' (Size = 500), @p7='?' (DbType = Boolean), @p8='?' (DbType = Boolean), @p9='?' (DbType = Int32), @p10='?' (Size = 200), @p11='?' (DbType = Decimal), @p12='?' (DbType = Int32), @p13='?' (DbType = Int32), @p14='?' (DbType = Decimal), @p15='?' (DbType = DateTime)], CommandType='"Text"', CommandTimeout='30']
INSERT INTO `Products` (`Barcode`, `CategoryId`, `CostPrice`, `CreatedAt`, `Description`, `ExpirationDate`, `ImageUrl`, `IsActive`, `IsDeleted`, `MinimumStock`, `Name`, `SalesPrice`, `StoreId`, `SupplierId`, `TaxRate`, `UpdatedAt`)
VALUES (@p0, @p1, @p2, @p3, @p4, @p5, @p6, @p7, @p8, @p9, @p10, @p11, @p12, @p13, @p14, @p15);
SELECT `Id`
FROM `Products`
WHERE ROW_COUNT() = 1 AND `Id` = LAST_INSERT_ID();
2026-07-20 12:54:19.220 +01:00 [ERR] An exception occurred in the database while saving changes for context type 'PharMarket.Data.AppDbContext'.
Microsoft.EntityFrameworkCore.DbUpdateException: An error occurred while saving the entity changes. See the inner exception for details.
 ---> MySqlConnector.MySqlException (0x80004005): Duplicate entry '394068439093' for key 'products.IX_Products_Barcode'
   at MySqlConnector.Core.ServerSession.ReceiveReplyAsync(IOBehavior ioBehavior, CancellationToken cancellationToken) in /_/src/MySqlConnector/Core/ServerSession.cs:line 1081
   at MySqlConnector.Core.ResultSet.ReadResultSetHeaderAsync(IOBehavior ioBehavior) in /_/src/MySqlConnector/Core/ResultSet.cs:line 37
   at MySqlConnector.MySqlDataReader.ActivateResultSet(CancellationToken cancellationToken) in /_/src/MySqlConnector/MySqlDataReader.cs:line 131
   at MySqlConnector.MySqlDataReader.InitAsync(CommandListPosition commandListPosition, ICommandPayloadCreator payloadCreator, IDictionary`2 cachedProcedures, IMySqlCommand command, CommandBehavior behavior, Activity activity, IOBehavior ioBehavior, CancellationToken cancellationToken) in /_/src/MySqlConnector/MySqlDataReader.cs:line 487
   at MySqlConnector.Core.CommandExecutor.ExecuteReaderAsync(CommandListPosition commandListPosition, ICommandPayloadCreator payloadCreator, CommandBehavior behavior, Activity activity, IOBehavior ioBehavior, CancellationToken cancellationToken) in /_/src/MySqlConnector/Core/CommandExecutor.cs:line 56
   at MySqlConnector.MySqlCommand.ExecuteReaderAsync(CommandBehavior behavior, IOBehavior ioBehavior, CancellationToken cancellationToken) in /_/src/MySqlConnector/MySqlCommand.cs:line 357
   at MySqlConnector.MySqlCommand.ExecuteDbDataReaderAsync(CommandBehavior behavior, CancellationToken cancellationToken) in /_/src/MySqlConnector/MySqlCommand.cs:line 350
   at Microsoft.EntityFrameworkCore.Storage.RelationalCommand.ExecuteReaderAsync(RelationalCommandParameterObject parameterObject, CancellationToken cancellationToken)
   at Microsoft.EntityFrameworkCore.Storage.RelationalCommand.ExecuteReaderAsync(RelationalCommandParameterObject parameterObject, CancellationToken cancellationToken)
   at Microsoft.EntityFrameworkCore.Update.ReaderModificationCommandBatch.ExecuteAsync(IRelationalConnection connection, CancellationToken cancellationToken)
   --- End of inner exception stack trace ---
   at Microsoft.EntityFrameworkCore.Update.ReaderModificationCommandBatch.ExecuteAsync(IRelationalConnection connection, CancellationToken cancellationToken)
   at Microsoft.EntityFrameworkCore.Update.Internal.BatchExecutor.ExecuteAsync(IEnumerable`1 commandBatches, IRelationalConnection connection, CancellationToken cancellationToken)
   at Microsoft.EntityFrameworkCore.Update.Internal.BatchExecutor.ExecuteAsync(IEnumerable`1 commandBatches, IRelationalConnection connection, CancellationToken cancellationToken)
   at Microsoft.EntityFrameworkCore.Update.Internal.BatchExecutor.ExecuteAsync(IEnumerable`1 commandBatches, IRelationalConnection connection, CancellationToken cancellationToken)
   at Microsoft.EntityFrameworkCore.Storage.RelationalDatabase.SaveChangesAsync(IList`1 entries, CancellationToken cancellationToken)
   at Microsoft.EntityFrameworkCore.ChangeTracking.Internal.StateManager.SaveChangesAsync(IList`1 entriesToSave, CancellationToken cancellationToken)
   at Microsoft.EntityFrameworkCore.ChangeTracking.Internal.StateManager.SaveChangesAsync(StateManager stateManager, Boolean acceptAllChangesOnSuccess, CancellationToken cancellationToken)
   at Pomelo.EntityFrameworkCore.MySql.Storage.Internal.MySqlExecutionStrategy.ExecuteAsync[TState,TResult](TState state, Func`4 operation, Func`4 verifySucceeded, CancellationToken cancellationToken)
   at Microsoft.EntityFrameworkCore.DbContext.SaveChangesAsync(Boolean acceptAllChangesOnSuccess, CancellationToken cancellationToken)
Microsoft.EntityFrameworkCore.DbUpdateException: An error occurred while saving the entity changes. See the inner exception for details.
 ---> MySqlConnector.MySqlException (0x80004005): Duplicate entry '394068439093' for key 'products.IX_Products_Barcode'
   at MySqlConnector.Core.ServerSession.ReceiveReplyAsync(IOBehavior ioBehavior, CancellationToken cancellationToken) in /_/src/MySqlConnector/Core/ServerSession.cs:line 1081
   at MySqlConnector.Core.ResultSet.ReadResultSetHeaderAsync(IOBehavior ioBehavior) in /_/src/MySqlConnector/Core/ResultSet.cs:line 37
   at MySqlConnector.MySqlDataReader.ActivateResultSet(CancellationToken cancellationToken) in /_/src/MySqlConnector/MySqlDataReader.cs:line 131
   at MySqlConnector.MySqlDataReader.InitAsync(CommandListPosition commandListPosition, ICommandPayloadCreator payloadCreator, IDictionary`2 cachedProcedures, IMySqlCommand command, CommandBehavior behavior, Activity activity, IOBehavior ioBehavior, CancellationToken cancellationToken) in /_/src/MySqlConnector/MySqlDataReader.cs:line 487
   at MySqlConnector.Core.CommandExecutor.ExecuteReaderAsync(CommandListPosition commandListPosition, ICommandPayloadCreator payloadCreator, CommandBehavior behavior, Activity activity, IOBehavior ioBehavior, CancellationToken cancellationToken) in /_/src/MySqlConnector/Core/CommandExecutor.cs:line 56
   at MySqlConnector.MySqlCommand.ExecuteReaderAsync(CommandBehavior behavior, IOBehavior ioBehavior, CancellationToken cancellationToken) in /_/src/MySqlConnector/MySqlCommand.cs:line 357
   at MySqlConnector.MySqlCommand.ExecuteDbDataReaderAsync(CommandBehavior behavior, CancellationToken cancellationToken) in /_/src/MySqlConnector/MySqlCommand.cs:line 350
   at Microsoft.EntityFrameworkCore.Storage.RelationalCommand.ExecuteReaderAsync(RelationalCommandParameterObject parameterObject, CancellationToken cancellationToken)
   at Microsoft.EntityFrameworkCore.Storage.RelationalCommand.ExecuteReaderAsync(RelationalCommandParameterObject parameterObject, CancellationToken cancellationToken)
   at Microsoft.EntityFrameworkCore.Update.ReaderModificationCommandBatch.ExecuteAsync(IRelationalConnection connection, CancellationToken cancellationToken)
   --- End of inner exception stack trace ---
   at Microsoft.EntityFrameworkCore.Update.ReaderModificationCommandBatch.ExecuteAsync(IRelationalConnection connection, CancellationToken cancellationToken)
   at Microsoft.EntityFrameworkCore.Update.Internal.BatchExecutor.ExecuteAsync(IEnumerable`1 commandBatches, IRelationalConnection connection, CancellationToken cancellationToken)
   at Microsoft.EntityFrameworkCore.Update.Internal.BatchExecutor.ExecuteAsync(IEnumerable`1 commandBatches, IRelationalConnection connection, CancellationToken cancellationToken)
   at Microsoft.EntityFrameworkCore.Update.Internal.BatchExecutor.ExecuteAsync(IEnumerable`1 commandBatches, IRelationalConnection connection, CancellationToken cancellationToken)
   at Microsoft.EntityFrameworkCore.Storage.RelationalDatabase.SaveChangesAsync(IList`1 entries, CancellationToken cancellationToken)
   at Microsoft.EntityFrameworkCore.ChangeTracking.Internal.StateManager.SaveChangesAsync(IList`1 entriesToSave, CancellationToken cancellationToken)
   at Microsoft.EntityFrameworkCore.ChangeTracking.Internal.StateManager.SaveChangesAsync(StateManager stateManager, Boolean acceptAllChangesOnSuccess, CancellationToken cancellationToken)
   at Pomelo.EntityFrameworkCore.MySql.Storage.Internal.MySqlExecutionStrategy.ExecuteAsync[TState,TResult](TState state, Func`4 operation, Func`4 verifySucceeded, CancellationToken cancellationToken)
   at Microsoft.EntityFrameworkCore.DbContext.SaveChangesAsync(Boolean acceptAllChangesOnSuccess, CancellationToken cancellationToken)
2026-07-20 12:54:19.713 +01:00 [INF] HTTP POST /Products/Create completed 200 in 6862ms. RequestId: f77323aa-f811-4146-85c1-f3089484bd5a
2026-07-20 12:54:19.714 +01:00 [ERR] An unhandled exception occurred. Request: POST /Products/Create
Microsoft.EntityFrameworkCore.DbUpdateException: An error occurred while saving the entity changes. See the inner exception for details.
 ---> MySqlConnector.MySqlException (0x80004005): Duplicate entry '394068439093' for key 'products.IX_Products_Barcode'
   at MySqlConnector.Core.ServerSession.ReceiveReplyAsync(IOBehavior ioBehavior, CancellationToken cancellationToken) in /_/src/MySqlConnector/Core/ServerSession.cs:line 1081
   at MySqlConnector.Core.ResultSet.ReadResultSetHeaderAsync(IOBehavior ioBehavior) in /_/src/MySqlConnector/Core/ResultSet.cs:line 37
   at MySqlConnector.MySqlDataReader.ActivateResultSet(CancellationToken cancellationToken) in /_/src/MySqlConnector/MySqlDataReader.cs:line 131
   at MySqlConnector.MySqlDataReader.InitAsync(CommandListPosition commandListPosition, ICommandPayloadCreator payloadCreator, IDictionary`2 cachedProcedures, IMySqlCommand command, CommandBehavior behavior, Activity activity, IOBehavior ioBehavior, CancellationToken cancellationToken) in /_/src/MySqlConnector/MySqlDataReader.cs:line 487
   at MySqlConnector.Core.CommandExecutor.ExecuteReaderAsync(CommandListPosition commandListPosition, ICommandPayloadCreator payloadCreator, CommandBehavior behavior, Activity activity, IOBehavior ioBehavior, CancellationToken cancellationToken) in /_/src/MySqlConnector/Core/CommandExecutor.cs:line 56
   at MySqlConnector.MySqlCommand.ExecuteReaderAsync(CommandBehavior behavior, IOBehavior ioBehavior, CancellationToken cancellationToken) in /_/src/MySqlConnector/MySqlCommand.cs:line 357
   at MySqlConnector.MySqlCommand.ExecuteDbDataReaderAsync(CommandBehavior behavior, CancellationToken cancellationToken) in /_/src/MySqlConnector/MySqlCommand.cs:line 350
   at Microsoft.EntityFrameworkCore.Storage.RelationalCommand.ExecuteReaderAsync(RelationalCommandParameterObject parameterObject, CancellationToken cancellationToken)
   at Microsoft.EntityFrameworkCore.Storage.RelationalCommand.ExecuteReaderAsync(RelationalCommandParameterObject parameterObject, CancellationToken cancellationToken)
   at Microsoft.EntityFrameworkCore.Update.ReaderModificationCommandBatch.ExecuteAsync(IRelationalConnection connection, CancellationToken cancellationToken)
   --- End of inner exception stack trace ---
   at Microsoft.EntityFrameworkCore.Update.ReaderModificationCommandBatch.ExecuteAsync(IRelationalConnection connection, CancellationToken cancellationToken)
   at Microsoft.EntityFrameworkCore.Update.Internal.BatchExecutor.ExecuteAsync(IEnumerable`1 commandBatches, IRelationalConnection connection, CancellationToken cancellationToken)
   at Microsoft.EntityFrameworkCore.Update.Internal.BatchExecutor.ExecuteAsync(IEnumerable`1 commandBatches, IRelationalConnection connection, CancellationToken cancellationToken)
   at Microsoft.EntityFrameworkCore.Update.Internal.BatchExecutor.ExecuteAsync(IEnumerable`1 commandBatches, IRelationalConnection connection, CancellationToken cancellationToken)
   at Microsoft.EntityFrameworkCore.Storage.RelationalDatabase.SaveChangesAsync(IList`1 entries, CancellationToken cancellationToken)
   at Microsoft.EntityFrameworkCore.ChangeTracking.Internal.StateManager.SaveChangesAsync(IList`1 entriesToSave, CancellationToken cancellationToken)
   at Microsoft.EntityFrameworkCore.ChangeTracking.Internal.StateManager.SaveChangesAsync(StateManager stateManager, Boolean acceptAllChangesOnSuccess, CancellationToken cancellationToken)
   at Pomelo.EntityFrameworkCore.MySql.Storage.Internal.MySqlExecutionStrategy.ExecuteAsync[TState,TResult](TState state, Func`4 operation, Func`4 verifySucceeded, CancellationToken cancellationToken)
   at Microsoft.EntityFrameworkCore.DbContext.SaveChangesAsync(Boolean acceptAllChangesOnSuccess, CancellationToken cancellationToken)
   at Microsoft.EntityFrameworkCore.DbContext.SaveChangesAsync(Boolean acceptAllChangesOnSuccess, CancellationToken cancellationToken)
   at PharMarket.Services.ProductService.CreateProductAsync(ProductViewModel model, Int32 storeId) in C:\Users\USER\Desktop\PharMarket\Services\ProductService.cs:line 106
   at PharMarket.Controllers.ProductsController.Create(ProductViewModel model) in C:\Users\USER\Desktop\PharMarket\Controllers\ProductsController.cs:line 88
   at Microsoft.AspNetCore.Mvc.Infrastructure.ActionMethodExecutor.TaskOfIActionResultExecutor.Execute(ActionContext actionContext, IActionResultTypeMapper mapper, ObjectMethodExecutor executor, Object controller, Object[] arguments)
   at Microsoft.AspNetCore.Mvc.Infrastructure.ControllerActionInvoker.<InvokeActionMethodAsync>g__Awaited|12_0(ControllerActionInvoker invoker, ValueTask`1 actionResultValueTask)
   at Microsoft.AspNetCore.Mvc.Infrastructure.ControllerActionInvoker.<InvokeNextActionFilterAsync>g__Awaited|10_0(ControllerActionInvoker invoker, Task lastTask, State next, Scope scope, Object state, Boolean isCompleted)
   at Microsoft.AspNetCore.Mvc.Infrastructure.ControllerActionInvoker.Rethrow(ActionExecutedContextSealed context)
   at Microsoft.AspNetCore.Mvc.Infrastructure.ControllerActionInvoker.Next(State& next, Scope& scope, Object& state, Boolean& isCompleted)
   at Microsoft.AspNetCore.Mvc.Infrastructure.ControllerActionInvoker.<InvokeInnerFilterAsync>g__Awaited|13_0(ControllerActionInvoker invoker, Task lastTask, State next, Scope scope, Object state, Boolean isCompleted)
   at Microsoft.AspNetCore.Mvc.Infrastructure.ResourceInvoker.<InvokeNextResourceFilter>g__Awaited|25_0(ResourceInvoker invoker, Task lastTask, State next, Scope scope, Object state, Boolean isCompleted)
   at Microsoft.AspNetCore.Mvc.Infrastructure.ResourceInvoker.Rethrow(ResourceExecutedContextSealed context)
   at Microsoft.AspNetCore.Mvc.Infrastructure.ResourceInvoker.Next(State& next, Scope& scope, Object& state, Boolean& isCompleted)
   at Microsoft.AspNetCore.Mvc.Infrastructure.ResourceInvoker.<InvokeFilterPipelineAsync>g__Awaited|20_0(ResourceInvoker invoker, Task lastTask, State next, Scope scope, Object state, Boolean isCompleted)
   at Microsoft.AspNetCore.Mvc.Infrastructure.ResourceInvoker.<InvokeAsync>g__Awaited|17_0(ResourceInvoker invoker, Task task, IDisposable scope)
   at Microsoft.AspNetCore.Mvc.Infrastructure.ResourceInvoker.<InvokeAsync>g__Awaited|17_0(ResourceInvoker invoker, Task task, IDisposable scope)
   at Microsoft.AspNetCore.Authorization.AuthorizationMiddleware.Invoke(HttpContext context)
   at Microsoft.AspNetCore.Authentication.AuthenticationMiddleware.Invoke(HttpContext context)
   at PharMarket.Middleware.RequestLoggingMiddleware.InvokeAsync(HttpContext context) in C:\Users\USER\Desktop\PharMarket\Middleware\RequestLoggingMiddleware.cs:line 28
   at PharMarket.Middleware.GlobalExceptionMiddleware.InvokeAsync(HttpContext context) in C:\Users\USER\Desktop\PharMarket\Middleware\GlobalExceptionMiddleware.cs:line 22
2026-07-20 12:55:32.625 +01:00 [INF] HTTP GET /Products/Create started. RequestId: c31a04ea-5438-4053-8426-1b046c16f25c
2026-07-20 12:55:32.677 +01:00 [INF] HTTP GET /Products/Create completed 200 in 51ms. RequestId: c31a04ea-5438-4053-8426-1b046c16f25c
2026-07-20 12:57:56.810 +01:00 [INF] HTTP GET /Products/Create started. RequestId: fc092eca-0d54-41c1-8bc6-a1e27bff2a8c
2026-07-20 12:57:56.902 +01:00 [INF] HTTP GET /Products/Create completed 200 in 91ms. RequestId: fc092eca-0d54-41c1-8bc6-a1e27bff2a8c
2026-07-20 12:58:15.010 +01:00 [INF] HTTP GET /Products/Create started. RequestId: b5b79959-8f55-4483-9055-010439d60d7a
2026-07-20 12:58:15.340 +01:00 [INF] HTTP GET /Products/Create completed 200 in 329ms. RequestId: b5b79959-8f55-4483-9055-010439d60d7a
2026-07-20 12:58:42.360 +01:00 [INF] HTTP GET /Products/Create started. RequestId: 8b37b52e-28bf-4c9c-9664-522ce96cd618
2026-07-20 12:58:42.429 +01:00 [INF] HTTP GET /Products/Create completed 200 in 69ms. RequestId: 8b37b52e-28bf-4c9c-9664-522ce96cd618
2026-07-20 13:00:05.492 +01:00 [INF] HTTP GET /Products/Create started. RequestId: 6080e9fd-ace0-409a-9fa5-ea8769aec6cd
2026-07-20 13:00:05.654 +01:00 [INF] HTTP GET /Products/Create completed 200 in 161ms. RequestId: 6080e9fd-ace0-409a-9fa5-ea8769aec6cd
2026-07-20 13:01:28.832 +01:00 [INF] HTTP GET /css/app.css started. RequestId: ab28a6ec-c923-4de4-a5f9-20434b27f487
2026-07-20 13:01:30.003 +01:00 [INF] HTTP GET /css/app.css completed 200 in 1170ms. RequestId: ab28a6ec-c923-4de4-a5f9-20434b27f487
2026-07-20 13:04:19.824 +01:00 [INF] HTTP GET /css/app.css started. RequestId: ee833200-ead6-475d-9129-dd45fb82052a
2026-07-20 13:04:19.825 +01:00 [INF] HTTP GET /css/app.css completed 200 in 1ms. RequestId: ee833200-ead6-475d-9129-dd45fb82052a
[2026-07-20 13:17:27.167] [INF] Starting PharMarket application
[2026-07-20 13:17:50.113] [WRN] Entity 'Supplier' has a global query filter defined and is the required end of a relationship with the entity 'Purchase'. This may lead to unexpected results when the required entity is filtered out. Either configure the navigation as optional, or define matching query filters for both entities in the navigation. See https://go.microsoft.com/fwlink/?linkid=2131316 for more information.
[2026-07-20 13:17:50.219] [WRN] Entity 'Product' has a global query filter defined and is the required end of a relationship with the entity 'PurchaseItem'. This may lead to unexpected results when the required entity is filtered out. Either configure the navigation as optional, or define matching query filters for both entities in the navigation. See https://go.microsoft.com/fwlink/?linkid=2131316 for more information.
[2026-07-20 13:17:50.220] [WRN] Entity 'Product' has a global query filter defined and is the required end of a relationship with the entity 'SaleItem'. This may lead to unexpected results when the required entity is filtered out. Either configure the navigation as optional, or define matching query filters for both entities in the navigation. See https://go.microsoft.com/fwlink/?linkid=2131316 for more information.
[2026-07-20 13:17:50.220] [WRN] Entity 'Product' has a global query filter defined and is the required end of a relationship with the entity 'Stock'. This may lead to unexpected results when the required entity is filtered out. Either configure the navigation as optional, or define matching query filters for both entities in the navigation. See https://go.microsoft.com/fwlink/?linkid=2131316 for more information.
[2026-07-20 13:18:23.251] [INF] PharMarket is ready on 
[2026-07-20 13:18:40.120] [INF] HTTP GET / started. RequestId: 20bab945-37dc-4ffa-a2bd-b53eb8c4c53c
[2026-07-20 13:18:40.138] [WRN] Failed to determine the https port for redirect.
[2026-07-20 13:18:40.740] [INF] HTTP GET / completed 302 in 622ms. RequestId: 20bab945-37dc-4ffa-a2bd-b53eb8c4c53c
[2026-07-20 13:18:40.815] [INF] HTTP GET /Home started. RequestId: 53e5235b-122c-4193-8ef2-af85d43d8879
[2026-07-20 13:18:42.900] [INF] HTTP GET /Home completed 200 in 2085ms. RequestId: 53e5235b-122c-4193-8ef2-af85d43d8879
[2026-07-20 13:18:42.938] [INF] HTTP GET /js/app.js started. RequestId: 0859fc4e-5db0-4f00-a4ad-b15ed1314d61
[2026-07-20 13:18:42.974] [INF] HTTP GET /css/app.css started. RequestId: 368bbb91-6a24-48c8-a829-38689659769b
[2026-07-20 13:18:42.984] [INF] HTTP GET /css/app.css completed 200 in 9ms. RequestId: 368bbb91-6a24-48c8-a829-38689659769b
[2026-07-20 13:18:42.984] [INF] HTTP GET /js/app.js completed 200 in 45ms. RequestId: 0859fc4e-5db0-4f00-a4ad-b15ed1314d61
[2026-07-20 13:18:43.301] [INF] HTTP GET /favicon.ico started. RequestId: b7f5fc2b-bb2a-4677-89ff-1d4d8c70d978
[2026-07-20 13:18:43.325] [INF] HTTP GET /favicon.ico completed 200 in 23ms. RequestId: b7f5fc2b-bb2a-4677-89ff-1d4d8c70d978
[2026-07-20 13:18:53.268] [INF] HTTP GET /Products started. RequestId: f1d75ea7-4111-428d-bded-39704470931b
[2026-07-20 13:18:54.629] [INF] HTTP GET /Products completed 200 in 1361ms. RequestId: f1d75ea7-4111-428d-bded-39704470931b
[2026-07-20 13:19:01.768] [INF] HTTP GET /Products/Create started. RequestId: 8091037c-31d1-4a51-b62d-95d17e471b2e
[2026-07-20 13:19:01.921] [INF] HTTP GET /Products/Create completed 200 in 152ms. RequestId: 8091037c-31d1-4a51-b62d-95d17e471b2e
[2026-07-20 13:19:01.944] [INF] HTTP GET /lib/jquery-validation/dist/jquery.validate.min.js started. RequestId: 49e74541-4ccc-42aa-9f4e-8c9ebd4b1512
[2026-07-20 13:19:01.946] [INF] HTTP GET /lib/jquery-validation-unobtrusive/dist/jquery.validate.unobtrusive.min.js started. RequestId: 43a2eb2c-2fa8-4fc6-9656-bc830a2d72be
[2026-07-20 13:19:01.965] [INF] HTTP GET /lib/jquery-validation-unobtrusive/dist/jquery.validate.unobtrusive.min.js completed 200 in 19ms. RequestId: 43a2eb2c-2fa8-4fc6-9656-bc830a2d72be
[2026-07-20 13:19:02.000] [INF] HTTP GET /lib/jquery-validation/dist/jquery.validate.min.js completed 200 in 56ms. RequestId: 49e74541-4ccc-42aa-9f4e-8c9ebd4b1512
[2026-07-20 13:19:37.204] [INF] HTTP POST /Products/Create started. RequestId: f1455092-cb8e-4bb7-8b54-0a1f86090d0c
[2026-07-20 13:19:40.609] [INF] HTTP POST /Products/Create completed 302 in 3404ms. RequestId: f1455092-cb8e-4bb7-8b54-0a1f86090d0c
[2026-07-20 13:19:40.618] [INF] HTTP GET /Products/QrCode/4 started. RequestId: 65714fbf-fef3-4183-a566-5a0d2bcde4bc
[2026-07-20 13:19:40.741] [INF] HTTP GET /Products/QrCode/4 completed 200 in 122ms. RequestId: 65714fbf-fef3-4183-a566-5a0d2bcde4bc
[2026-07-20 13:19:40.863] [INF] HTTP GET /uploads/qrcodes/2/product_4.png started. RequestId: c9395454-4889-4e28-b973-1403bdac6497
[2026-07-20 13:19:40.878] [INF] HTTP GET /uploads/qrcodes/2/product_4.png completed 200 in 14ms. RequestId: c9395454-4889-4e28-b973-1403bdac6497
[2026-07-20 13:19:51.349] [INF] HTTP GET /Products/QrCode/4 started. RequestId: cf950de8-f95e-4d61-b01c-89a31f3a5d78
[2026-07-20 13:19:51.359] [INF] HTTP GET /Products/QrCode/4 completed 200 in 9ms. RequestId: cf950de8-f95e-4d61-b01c-89a31f3a5d78
[2026-07-20 13:19:51.391] [INF] HTTP GET /uploads/qrcodes/2/product_4.png started. RequestId: 69cb39f4-740a-4d4b-8ebb-ea907cd91b79
[2026-07-20 13:19:51.396] [INF] HTTP GET /uploads/qrcodes/2/product_4.png completed 304 in 4ms. RequestId: 69cb39f4-740a-4d4b-8ebb-ea907cd91b79
[2026-07-20 13:20:33.918] [INF] HTTP GET /Products started. RequestId: d43c42c3-1bb6-4541-9b77-ae9c3a9688aa
[2026-07-20 13:20:33.983] [INF] HTTP GET /Products completed 200 in 65ms. RequestId: d43c42c3-1bb6-4541-9b77-ae9c3a9688aa
[2026-07-20 13:20:34.003] [INF] HTTP GET /css/app.css started. RequestId: 9dc13430-06a9-4a22-b7b9-c3a3d2028c4f
[2026-07-20 13:20:34.005] [INF] HTTP GET /css/app.css completed 304 in 2ms. RequestId: 9dc13430-06a9-4a22-b7b9-c3a3d2028c4f
[2026-07-20 13:20:37.126] [INF] HTTP GET /Products/Edit/4 started. RequestId: 04f7bfd6-66d8-40a0-84c9-d5f7b7810bf6
[2026-07-20 13:20:37.208] [INF] HTTP GET /Products/Edit/4 completed 200 in 82ms. RequestId: 04f7bfd6-66d8-40a0-84c9-d5f7b7810bf6
[2026-07-20 13:20:41.171] [INF] HTTP GET /Products started. RequestId: ce921fdd-4ade-497b-84ba-a4e7030e25c4
[2026-07-20 13:20:41.190] [INF] HTTP GET /Products completed 200 in 18ms. RequestId: ce921fdd-4ade-497b-84ba-a4e7030e25c4
[2026-07-20 13:20:46.258] [INF] HTTP GET /Products/Search started. RequestId: b0926e8a-dcf2-4af3-9dda-aed192a9816f
[2026-07-20 13:20:46.478] [INF] HTTP GET /Products/Search completed 200 in 220ms. RequestId: b0926e8a-dcf2-4af3-9dda-aed192a9816f
[2026-07-20 13:20:47.141] [INF] HTTP GET /Products/Search started. RequestId: 22613835-fd8a-4707-a099-2c1125f5ddf1
[2026-07-20 13:20:47.148] [INF] HTTP GET /Products/Search completed 200 in 6ms. RequestId: 22613835-fd8a-4707-a099-2c1125f5ddf1
[2026-07-20 13:20:47.428] [INF] HTTP GET /Products/Search started. RequestId: 76918cae-419e-4b34-be64-cc7fe4f296d2
[2026-07-20 13:20:47.434] [INF] HTTP GET /Products/Search completed 200 in 6ms. RequestId: 76918cae-419e-4b34-be64-cc7fe4f296d2
[2026-07-20 13:20:48.838] [INF] HTTP GET /Products started. RequestId: ca6c6f91-153d-4ed6-a2c5-5075c153d349
[2026-07-20 13:20:48.868] [INF] HTTP GET /Products completed 200 in 29ms. RequestId: ca6c6f91-153d-4ed6-a2c5-5075c153d349
[2026-07-20 13:20:53.122] [INF] HTTP GET /Products/Create started. RequestId: a6558830-1e4d-43c0-b5df-3eb15a3af4ca
[2026-07-20 13:20:53.136] [INF] HTTP GET /Products/Create completed 200 in 13ms. RequestId: a6558830-1e4d-43c0-b5df-3eb15a3af4ca
[2026-07-20 13:21:26.441] [INF] HTTP POST /Products/Create started. RequestId: e4f87ece-76d9-453a-8777-9dca124d94b4
[2026-07-20 13:21:27.325] [INF] HTTP POST /Products/Create completed 302 in 884ms. RequestId: e4f87ece-76d9-453a-8777-9dca124d94b4
[2026-07-20 13:21:27.342] [INF] HTTP GET /Products/QrCode/5 started. RequestId: c1c7be08-6918-4e38-863d-512c455ae296
[2026-07-20 13:21:27.348] [INF] HTTP GET /Products/QrCode/5 completed 200 in 6ms. RequestId: c1c7be08-6918-4e38-863d-512c455ae296
[2026-07-20 13:21:27.460] [INF] HTTP GET /uploads/qrcodes/2/product_5.png started. RequestId: 7b0e6bbc-7999-44f0-84bc-8202d8288830
[2026-07-20 13:21:27.461] [INF] HTTP GET /uploads/qrcodes/2/product_5.png completed 200 in 1ms. RequestId: 7b0e6bbc-7999-44f0-84bc-8202d8288830
[2026-07-20 13:21:29.321] [INF] HTTP GET /Products started. RequestId: f203c119-047a-483d-9265-3efd7763a531
[2026-07-20 13:21:29.346] [INF] HTTP GET /Products completed 200 in 25ms. RequestId: f203c119-047a-483d-9265-3efd7763a531
[2026-07-20 13:21:32.002] [INF] HTTP GET /Users started. RequestId: 8274311f-e59e-456a-bc95-59aa76b5a705
[2026-07-20 13:21:32.313] [INF] HTTP GET /Users completed 200 in 310ms. RequestId: 8274311f-e59e-456a-bc95-59aa76b5a705
[2026-07-20 13:21:34.197] [INF] HTTP POST /Account/Logout started. RequestId: 73a5212c-54af-4d80-aa40-a66f646c6f88
[2026-07-20 13:21:34.237] [INF] HTTP POST /Account/Logout completed 302 in 39ms. RequestId: 73a5212c-54af-4d80-aa40-a66f646c6f88
[2026-07-20 13:21:34.256] [INF] HTTP GET /Account/Login started. RequestId: 3fcadf44-6981-44ed-bfd4-ad89c5c36023
[2026-07-20 13:21:34.355] [INF] HTTP GET /Account/Login completed 200 in 99ms. RequestId: 3fcadf44-6981-44ed-bfd4-ad89c5c36023
[2026-07-20 13:21:37.751] [INF] HTTP POST /Account/Login started. RequestId: 23ad081a-d519-4e24-8f2e-dfe16142e6cd
[2026-07-20 13:21:38.069] [INF] HTTP POST /Account/Login completed 302 in 318ms. RequestId: 23ad081a-d519-4e24-8f2e-dfe16142e6cd
[2026-07-20 13:21:38.074] [INF] HTTP GET /Home started. RequestId: 4dc98840-aef2-4827-9a1b-352bad416592
[2026-07-20 13:21:38.116] [INF] HTTP GET /Home completed 200 in 42ms. RequestId: 4dc98840-aef2-4827-9a1b-352bad416592
[2026-07-20 13:21:42.260] [INF] HTTP GET /Apprentice started. RequestId: df7d4f24-93a4-48b9-b94f-077f9a4fca9c
[2026-07-20 13:21:42.307] [INF] HTTP GET /Apprentice completed 200 in 46ms. RequestId: df7d4f24-93a4-48b9-b94f-077f9a4fca9c
[2026-07-20 13:21:43.906] [INF] HTTP GET /Apprentice started. RequestId: 9b4afdb5-666f-4ddf-ac88-97eb096440a0
[2026-07-20 13:21:43.916] [INF] HTTP GET /Apprentice completed 200 in 9ms. RequestId: 9b4afdb5-666f-4ddf-ac88-97eb096440a0
[2026-07-20 13:21:46.415] [INF] HTTP GET /Home started. RequestId: 701d4d8d-319c-495b-86bd-93630e219941
[2026-07-20 13:21:46.441] [INF] HTTP GET /Home completed 200 in 25ms. RequestId: 701d4d8d-319c-495b-86bd-93630e219941
[2026-07-20 13:21:50.562] [INF] HTTP GET /Apprentice started. RequestId: d0f7a9f8-a837-422f-84c5-1b41b325c91c
[2026-07-20 13:21:50.572] [INF] HTTP GET /Apprentice completed 200 in 9ms. RequestId: d0f7a9f8-a837-422f-84c5-1b41b325c91c
[2026-07-20 13:21:53.028] [INF] HTTP GET /Home started. RequestId: 8950ed13-5b7a-4e7e-a087-f13ee7f65212
[2026-07-20 13:21:53.056] [INF] HTTP GET /Home completed 200 in 28ms. RequestId: 8950ed13-5b7a-4e7e-a087-f13ee7f65212
[2026-07-20 13:21:59.088] [INF] HTTP GET /Sales started. RequestId: cfc95ed5-0aa6-4b46-ab6c-8366ffee1a9d
[2026-07-20 13:21:59.257] [INF] HTTP GET /Sales completed 200 in 169ms. RequestId: cfc95ed5-0aa6-4b46-ab6c-8366ffee1a9d
[2026-07-20 13:22:10.545] [INF] HTTP GET /Sales/DailySummary started. RequestId: cb17222c-98b1-4520-bc8c-bb30281346b8
[2026-07-20 13:22:10.605] [INF] HTTP GET /Sales/DailySummary completed 200 in 59ms. RequestId: cb17222c-98b1-4520-bc8c-bb30281346b8
[2026-07-20 13:22:10.620] [INF] HTTP GET /css/app.css started. RequestId: e4871422-3e74-41d4-ba58-3bd5a7f7effe
[2026-07-20 13:22:10.626] [INF] HTTP GET /css/app.css completed 304 in 5ms. RequestId: e4871422-3e74-41d4-ba58-3bd5a7f7effe
[2026-07-20 13:22:12.409] [INF] HTTP GET /Sales started. RequestId: 89f8c6d7-d97e-4a72-98e1-d0bfa903e2c8
[2026-07-20 13:22:12.419] [INF] HTTP GET /Sales completed 200 in 10ms. RequestId: 89f8c6d7-d97e-4a72-98e1-d0bfa903e2c8
[2026-07-20 13:22:15.268] [INF] HTTP GET /Apprentice started. RequestId: eac4139d-f710-433a-909d-21ce6cde6d42
[2026-07-20 13:22:15.276] [INF] HTTP GET /Apprentice completed 200 in 7ms. RequestId: eac4139d-f710-433a-909d-21ce6cde6d42
[2026-07-20 13:22:18.334] [INF] HTTP POST /Apprentice/ReduceStock started. RequestId: 38846d43-9f99-43e9-b893-f348c6cbf110
[2026-07-20 13:22:18.652] [INF] HTTP POST /Apprentice/ReduceStock completed 200 in 318ms. RequestId: 38846d43-9f99-43e9-b893-f348c6cbf110
[2026-07-20 13:22:22.990] [INF] HTTP POST /Apprentice/ReduceStock started. RequestId: aa040ac5-ccb2-4f78-b49b-bf17f3ad360c
[2026-07-20 13:22:23.133] [INF] HTTP POST /Apprentice/ReduceStock completed 200 in 143ms. RequestId: aa040ac5-ccb2-4f78-b49b-bf17f3ad360c
[2026-07-20 13:22:24.918] [INF] HTTP GET /Apprentice started. RequestId: ff1a04d5-80ba-4f5d-ae13-bb81453e1aa8
[2026-07-20 13:22:24.924] [INF] HTTP GET /Apprentice completed 200 in 6ms. RequestId: ff1a04d5-80ba-4f5d-ae13-bb81453e1aa8
[2026-07-20 13:22:28.160] [INF] HTTP GET /Sales started. RequestId: e670d559-f58d-4216-9457-e5f4e3a6ca9e
[2026-07-20 13:22:28.168] [INF] HTTP GET /Sales completed 200 in 7ms. RequestId: e670d559-f58d-4216-9457-e5f4e3a6ca9e
[2026-07-20 13:22:30.596] [INF] HTTP GET /Sales started. RequestId: 867fb533-8304-4db6-a316-2542ffc60e92
[2026-07-20 13:22:30.605] [INF] HTTP GET /Sales completed 200 in 9ms. RequestId: 867fb533-8304-4db6-a316-2542ffc60e92
[2026-07-20 13:22:32.509] [INF] HTTP GET /Sales started. RequestId: e27d3af4-14bc-472f-b806-f6bab3b41a49
[2026-07-20 13:22:32.515] [INF] HTTP GET /Sales completed 200 in 6ms. RequestId: e27d3af4-14bc-472f-b806-f6bab3b41a49
[2026-07-20 13:22:34.481] [INF] HTTP GET /Sales/POS started. RequestId: b68ef47b-d3c5-4753-a983-4c129fd7e725
[2026-07-20 13:22:34.600] [INF] HTTP GET /Sales/POS completed 200 in 118ms. RequestId: b68ef47b-d3c5-4753-a983-4c129fd7e725
[2026-07-20 13:22:39.090] [INF] HTTP GET /Products/Search started. RequestId: e7162700-1d94-4c51-9c71-5bf9f4698ae6
[2026-07-20 13:22:39.105] [INF] HTTP GET /Products/Search completed 200 in 14ms. RequestId: e7162700-1d94-4c51-9c71-5bf9f4698ae6
[2026-07-20 13:23:13.835] [INF] HTTP POST /Sales/Create started. RequestId: 4df57520-aec1-4aaf-929e-4d31684cad49
[2026-07-20 13:23:14.954] [INF] HTTP POST /Sales/Create completed 302 in 1119ms. RequestId: 4df57520-aec1-4aaf-929e-4d31684cad49
[2026-07-20 13:23:14.960] [INF] HTTP GET /Sales/Details/1 started. RequestId: 6e6b1100-6f66-4b4f-b22a-529740eba80e
[2026-07-20 13:23:15.272] [INF] HTTP GET /Sales/Details/1 completed 200 in 311ms. RequestId: 6e6b1100-6f66-4b4f-b22a-529740eba80e
[2026-07-20 13:23:23.187] [INF] HTTP GET /Apprentice started. RequestId: c30a7cde-5027-47f6-96ef-b40d099c2b86
[2026-07-20 13:23:23.193] [INF] HTTP GET /Apprentice completed 200 in 6ms. RequestId: c30a7cde-5027-47f6-96ef-b40d099c2b86
[2026-07-20 13:23:24.377] [INF] HTTP GET /Apprentice started. RequestId: eb6a49a4-6f5e-4c23-afa3-3a6b2462faa3
[2026-07-20 13:23:24.386] [INF] HTTP GET /Apprentice completed 200 in 9ms. RequestId: eb6a49a4-6f5e-4c23-afa3-3a6b2462faa3
[2026-07-20 13:23:31.337] [INF] HTTP GET /Sales/Details/1 started. RequestId: b7243890-000d-4326-b7e9-e3b2b56e490a
[2026-07-20 13:23:31.345] [INF] HTTP GET /Sales/Details/1 completed 200 in 8ms. RequestId: b7243890-000d-4326-b7e9-e3b2b56e490a
[2026-07-20 13:23:32.638] [INF] HTTP GET /Sales/POS started. RequestId: 41268fda-e3f9-4821-9377-02b774ea7d3c
[2026-07-20 13:23:32.641] [INF] HTTP GET /Sales/POS completed 200 in 3ms. RequestId: 41268fda-e3f9-4821-9377-02b774ea7d3c
[2026-07-20 13:23:33.683] [INF] HTTP GET /Sales started. RequestId: 20a9a7ef-6e10-4acf-926b-0396de220084
[2026-07-20 13:23:33.705] [INF] HTTP GET /Sales completed 200 in 21ms. RequestId: 20a9a7ef-6e10-4acf-926b-0396de220084
[2026-07-20 13:23:41.108] [INF] HTTP GET /.well-known/appspecific/com.chrome.devtools.json started. RequestId: af102260-4540-4902-986e-cf2ccda2d57a
[2026-07-20 13:23:41.113] [INF] HTTP GET /.well-known/appspecific/com.chrome.devtools.json completed 404 in 4ms. RequestId: af102260-4540-4902-986e-cf2ccda2d57a
[2026-07-20 13:24:30.820] [INF] HTTP GET /Sales started. RequestId: 9a3bf28e-0b71-4a26-a01c-18ecc3dd80ee
[2026-07-20 13:24:30.829] [INF] HTTP GET /Sales completed 200 in 8ms. RequestId: 9a3bf28e-0b71-4a26-a01c-18ecc3dd80ee
[2026-07-20 13:24:33.925] [INF] HTTP POST /Account/Logout started. RequestId: 2e84c784-6915-4d38-961a-6b582bb9f9b4
[2026-07-20 13:24:33.928] [INF] HTTP POST /Account/Logout completed 302 in 2ms. RequestId: 2e84c784-6915-4d38-961a-6b582bb9f9b4
[2026-07-20 13:24:33.933] [INF] HTTP GET /Account/Login started. RequestId: 0409400f-9447-4c91-ac86-e81d425c48f1
[2026-07-20 13:24:33.936] [INF] HTTP GET /Account/Login completed 200 in 2ms. RequestId: 0409400f-9447-4c91-ac86-e81d425c48f1
[2026-07-20 13:24:36.930] [INF] HTTP POST /Account/Login started. RequestId: 71389567-46c9-4969-8fe5-c476f5ba5fdb
[2026-07-20 13:24:36.939] [INF] HTTP POST /Account/Login completed 302 in 9ms. RequestId: 71389567-46c9-4969-8fe5-c476f5ba5fdb
[2026-07-20 13:24:36.948] [INF] HTTP GET /Home started. RequestId: 22f3110f-9dc9-4c7c-8d29-a857329ca04c
[2026-07-20 13:24:37.009] [INF] HTTP GET /Home completed 200 in 61ms. RequestId: 22f3110f-9dc9-4c7c-8d29-a857329ca04c
[2026-07-20 13:24:37.025] [INF] HTTP GET /css/app.css started. RequestId: 9f7ae948-fe1e-40aa-ba53-2847f567ee2c
[2026-07-20 13:24:37.030] [INF] HTTP GET /css/app.css completed 304 in 4ms. RequestId: 9f7ae948-fe1e-40aa-ba53-2847f567ee2c
[2026-07-20 13:24:42.466] [INF] HTTP GET /Sales started. RequestId: 5d6f1747-7250-4d6a-8c05-7f71ee6ca5f1
[2026-07-20 13:24:42.473] [INF] HTTP GET /Sales completed 200 in 6ms. RequestId: 5d6f1747-7250-4d6a-8c05-7f71ee6ca5f1
[2026-07-20 13:24:48.449] [INF] HTTP GET /Sales/Details/INV-20260720-3574338D started. RequestId: e3a1d321-a707-4e25-a376-b9c60ff8bad8
[2026-07-20 13:24:48.610] [INF] HTTP GET /Sales/Details/INV-20260720-3574338D completed 200 in 161ms. RequestId: e3a1d321-a707-4e25-a376-b9c60ff8bad8
[2026-07-20 13:24:48.611] [ERR] An unhandled exception occurred. Request: GET /Sales/Details/INV-20260720-3574338D
PharMarket.Exceptions.NotFoundException: Entity "Sale" (0) was not found.
   at PharMarket.Controllers.SalesController.Details(Int32 id) in C:\Users\USER\Desktop\PharMarket\Controllers\SalesController.cs:line 63
   at Microsoft.AspNetCore.Mvc.Infrastructure.ActionMethodExecutor.TaskOfIActionResultExecutor.Execute(ActionContext actionContext, IActionResultTypeMapper mapper, ObjectMethodExecutor executor, Object controller, Object[] arguments)
   at Microsoft.AspNetCore.Mvc.Infrastructure.ControllerActionInvoker.<InvokeActionMethodAsync>g__Awaited|12_0(ControllerActionInvoker invoker, ValueTask`1 actionResultValueTask)
   at Microsoft.AspNetCore.Mvc.Infrastructure.ControllerActionInvoker.<InvokeNextActionFilterAsync>g__Awaited|10_0(ControllerActionInvoker invoker, Task lastTask, State next, Scope scope, Object state, Boolean isCompleted)
   at Microsoft.AspNetCore.Mvc.Infrastructure.ControllerActionInvoker.Rethrow(ActionExecutedContextSealed context)
   at Microsoft.AspNetCore.Mvc.Infrastructure.ControllerActionInvoker.Next(State& next, Scope& scope, Object& state, Boolean& isCompleted)
   at Microsoft.AspNetCore.Mvc.Infrastructure.ControllerActionInvoker.<InvokeInnerFilterAsync>g__Awaited|13_0(ControllerActionInvoker invoker, Task lastTask, State next, Scope scope, Object state, Boolean isCompleted)
   at Microsoft.AspNetCore.Mvc.Infrastructure.ResourceInvoker.<InvokeNextResourceFilter>g__Awaited|25_0(ResourceInvoker invoker, Task lastTask, State next, Scope scope, Object state, Boolean isCompleted)
   at Microsoft.AspNetCore.Mvc.Infrastructure.ResourceInvoker.Rethrow(ResourceExecutedContextSealed context)
   at Microsoft.AspNetCore.Mvc.Infrastructure.ResourceInvoker.Next(State& next, Scope& scope, Object& state, Boolean& isCompleted)
   at Microsoft.AspNetCore.Mvc.Infrastructure.ResourceInvoker.<InvokeFilterPipelineAsync>g__Awaited|20_0(ResourceInvoker invoker, Task lastTask, State next, Scope scope, Object state, Boolean isCompleted)
   at Microsoft.AspNetCore.Mvc.Infrastructure.ResourceInvoker.<InvokeAsync>g__Awaited|17_0(ResourceInvoker invoker, Task task, IDisposable scope)
   at Microsoft.AspNetCore.Mvc.Infrastructure.ResourceInvoker.<InvokeAsync>g__Awaited|17_0(ResourceInvoker invoker, Task task, IDisposable scope)
   at Microsoft.AspNetCore.Authorization.AuthorizationMiddleware.Invoke(HttpContext context)
   at Microsoft.AspNetCore.Authentication.AuthenticationMiddleware.Invoke(HttpContext context)
   at PharMarket.Middleware.RequestLoggingMiddleware.InvokeAsync(HttpContext context) in C:\Users\USER\Desktop\PharMarket\Middleware\RequestLoggingMiddleware.cs:line 28
   at PharMarket.Middleware.GlobalExceptionMiddleware.InvokeAsync(HttpContext context) in C:\Users\USER\Desktop\PharMarket\Middleware\GlobalExceptionMiddleware.cs:line 22
[2026-07-20 13:24:51.856] [INF] HTTP GET /Sales started. RequestId: 4a2fe3a6-ea1a-49ab-b93c-d8a2fc4f3729
[2026-07-20 13:24:51.863] [INF] HTTP GET /Sales completed 200 in 6ms. RequestId: 4a2fe3a6-ea1a-49ab-b93c-d8a2fc4f3729
[2026-07-20 13:24:58.569] [INF] HTTP GET /Sales/DailySummary started. RequestId: 4da9ddf0-8fbc-4afc-9ec3-34aa97f1f552
[2026-07-20 13:24:58.581] [INF] HTTP GET /Sales/DailySummary completed 200 in 11ms. RequestId: 4da9ddf0-8fbc-4afc-9ec3-34aa97f1f552
[2026-07-20 13:25:12.413] [INF] HTTP GET / started. RequestId: 8eec5ceb-b6b9-4ac2-ae51-0eb3ae93945e
[2026-07-20 13:25:12.415] [INF] HTTP GET / completed 302 in 2ms. RequestId: 8eec5ceb-b6b9-4ac2-ae51-0eb3ae93945e
[2026-07-20 13:25:12.424] [INF] HTTP GET /Home started. RequestId: 66410d0e-42c9-4662-96bd-138c8404a223
[2026-07-20 13:25:12.448] [INF] HTTP GET /Home completed 200 in 25ms. RequestId: 66410d0e-42c9-4662-96bd-138c8404a223
[2026-07-20 13:25:21.250] [INF] HTTP GET /Products started. RequestId: 7a947b69-f71f-484e-a9b3-cdd2196262dc
[2026-07-20 13:25:21.266] [INF] HTTP GET /Products completed 200 in 16ms. RequestId: 7a947b69-f71f-484e-a9b3-cdd2196262dc
[2026-07-20 13:25:49.027] [INF] HTTP GET /Apprentice started. RequestId: 14642ebc-a9c4-4822-bb65-6358aab824b1
[2026-07-20 13:25:49.035] [INF] HTTP GET /Apprentice completed 200 in 8ms. RequestId: 14642ebc-a9c4-4822-bb65-6358aab824b1
[2026-07-20 13:25:52.213] [INF] HTTP GET / started. RequestId: 20491a4d-856a-4cae-ae5b-3be1a7e55630
[2026-07-20 13:25:52.215] [INF] HTTP GET / completed 302 in 2ms. RequestId: 20491a4d-856a-4cae-ae5b-3be1a7e55630
[2026-07-20 13:25:52.220] [INF] HTTP GET /Home started. RequestId: e1823cb0-1ef9-4f3a-b174-9607be9abb53
[2026-07-20 13:25:52.242] [INF] HTTP GET /Home completed 200 in 22ms. RequestId: e1823cb0-1ef9-4f3a-b174-9607be9abb53
[2026-07-20 13:25:58.603] [INF] HTTP POST /Account/Logout started. RequestId: 192d5045-022e-4ef8-a54f-b1f7acbd7973
[2026-07-20 13:25:58.605] [INF] HTTP POST /Account/Logout completed 302 in 1ms. RequestId: 192d5045-022e-4ef8-a54f-b1f7acbd7973
[2026-07-20 13:25:58.612] [INF] HTTP GET /Account/Login started. RequestId: a63e1603-6484-43a8-aa17-4023b74528af
[2026-07-20 13:25:58.614] [INF] HTTP GET /Account/Login completed 200 in 1ms. RequestId: a63e1603-6484-43a8-aa17-4023b74528af
[2026-07-20 13:26:02.375] [INF] HTTP POST /Account/Login started. RequestId: cc00c642-7e16-4055-ac83-a1b871adb0f9
[2026-07-20 13:26:02.382] [INF] HTTP POST /Account/Login completed 302 in 7ms. RequestId: cc00c642-7e16-4055-ac83-a1b871adb0f9
[2026-07-20 13:26:02.387] [INF] HTTP GET /Home started. RequestId: e2d8df39-df54-40b0-bec6-034b7f409f21
[2026-07-20 13:26:02.410] [INF] HTTP GET /Home completed 200 in 22ms. RequestId: e2d8df39-df54-40b0-bec6-034b7f409f21
[2026-07-20 13:26:07.940] [INF] HTTP GET /Sales started. RequestId: 9f53bb5c-0387-4c21-b10a-77b9f294a15d
[2026-07-20 13:26:07.947] [INF] HTTP GET /Sales completed 200 in 7ms. RequestId: 9f53bb5c-0387-4c21-b10a-77b9f294a15d
[2026-07-20 13:26:14.058] [INF] HTTP GET /Apprentice started. RequestId: 4a52e6af-fd92-44d9-8e4a-64b03dff5c08
[2026-07-20 13:26:14.063] [INF] HTTP GET /Apprentice completed 200 in 5ms. RequestId: 4a52e6af-fd92-44d9-8e4a-64b03dff5c08
[2026-07-20 13:26:15.148] [INF] HTTP GET /Apprentice started. RequestId: 0a03c751-43f2-4b19-ad10-1f77552ee81a
[2026-07-20 13:26:15.158] [INF] HTTP GET /Apprentice completed 200 in 9ms. RequestId: 0a03c751-43f2-4b19-ad10-1f77552ee81a
[2026-07-20 13:26:16.941] [INF] HTTP GET /Sales started. RequestId: 50297815-ecfb-4951-b7b1-964a415df30b
[2026-07-20 13:26:16.947] [INF] HTTP GET /Sales completed 200 in 6ms. RequestId: 50297815-ecfb-4951-b7b1-964a415df30b
[2026-07-20 13:30:02.818] [INF] HTTP GET /Products started. RequestId: 749f52d6-22ec-46a2-8525-f8b07123ad4a
[2026-07-20 13:30:02.873] [INF] HTTP GET /Sales started. RequestId: 93cebd07-d5f6-44f1-a067-26d99152873e
[2026-07-20 13:30:03.376] [INF] HTTP GET /Sales completed 200 in 502ms. RequestId: 93cebd07-d5f6-44f1-a067-26d99152873e
[2026-07-20 13:30:03.376] [INF] HTTP GET /Products completed 200 in 557ms. RequestId: 749f52d6-22ec-46a2-8525-f8b07123ad4a
[2026-07-20 13:30:03.508] [INF] HTTP GET /css/app.css started. RequestId: 1467136a-b02e-49aa-9522-abf70c6a0f01
[2026-07-20 13:30:03.509] [INF] HTTP GET /css/app.css completed 304 in 0ms. RequestId: 1467136a-b02e-49aa-9522-abf70c6a0f01
[2026-07-20 13:30:03.511] [INF] HTTP GET /js/app.js started. RequestId: ad99eb34-91e1-4576-be94-496f226ed0bd
[2026-07-20 13:30:03.511] [INF] HTTP GET /js/app.js completed 304 in 0ms. RequestId: ad99eb34-91e1-4576-be94-496f226ed0bd
[2026-07-20 13:30:41.960] [INF] HTTP GET /Reports/Sales started. RequestId: 2d2e70d0-a97a-47fe-8446-4384d9e78b54
[2026-07-20 13:30:42.211] [INF] HTTP GET /Reports/Sales completed 200 in 251ms. RequestId: 2d2e70d0-a97a-47fe-8446-4384d9e78b54
[2026-07-20 13:30:48.334] [INF] HTTP GET /Reports/Sales started. RequestId: 1785aee0-e16c-40d0-913f-1cf0ee1f6031
[2026-07-20 13:30:48.343] [INF] HTTP GET /Reports/Sales completed 200 in 8ms. RequestId: 1785aee0-e16c-40d0-913f-1cf0ee1f6031
[2026-07-20 13:31:00.843] [INF] HTTP GET /Reports/Sales started. RequestId: 44e24607-4e10-49cd-b10f-d17a0310e6d1
[2026-07-20 13:31:00.892] [INF] HTTP GET /Reports/Sales completed 200 in 48ms. RequestId: 44e24607-4e10-49cd-b10f-d17a0310e6d1
[2026-07-20 13:31:11.066] [INF] HTTP GET /Reports/Sales started. RequestId: 09dea02c-5820-4c26-9068-63f3ef1585cb
[2026-07-20 13:31:11.077] [INF] HTTP GET /Reports/Sales completed 200 in 10ms. RequestId: 09dea02c-5820-4c26-9068-63f3ef1585cb
[2026-07-20 13:31:12.329] [INF] HTTP GET /Reports/Sales started. RequestId: d02f843c-f90b-4c4c-83aa-85afaaf576a3
[2026-07-20 13:31:12.341] [INF] HTTP GET /Reports/Sales completed 200 in 11ms. RequestId: d02f843c-f90b-4c4c-83aa-85afaaf576a3
[2026-07-20 13:31:14.469] [INF] HTTP GET /Reports/ProfitLoss started. RequestId: b5cb023b-3297-4c5c-a46b-638f1ecbfd92
[2026-07-20 13:31:14.878] [INF] HTTP GET /Reports/ProfitLoss completed 200 in 408ms. RequestId: b5cb023b-3297-4c5c-a46b-638f1ecbfd92
